Component: ARM Compiler 5.06 update 7 (build 960) Tool: armlink [4d3601]

==============================================================================

Section Cross References

    startup_lpc17xx.o(STACK) refers (Special) to heapauxi.o(.text) for __use_two_region_memory
    startup_lpc17xx.o(HEAP) refers (Special) to heapauxi.o(.text) for __use_two_region_memory
    startup_lpc17xx.o(RESET) refers (Special) to heapauxi.o(.text) for __use_two_region_memory
    startup_lpc17xx.o(RESET) refers to startup_lpc17xx.o(STACK) for __initial_sp
    startup_lpc17xx.o(RESET) refers to startup_lpc17xx.o(.text) for Reset_Handler
    startup_lpc17xx.o(RESET) refers to irq_timer.o(.text) for TIMER0_IRQHandler
    startup_lpc17xx.o(RESET) refers to irq_button.o(.text) for EINT0_IRQHandler
    startup_lpc17xx.o(RESET) refers to irq_adc.o(.text) for ADC_IRQHandler
    startup_lpc17xx.o(RESET) refers to irq_rit.o(.text) for RIT_IRQHandler
    startup_lpc17xx.o(.ARM.__at_0x02FC) refers (Special) to heapauxi.o(.text) for __use_two_region_memory
    startup_lpc17xx.o(.text) refers (Special) to heapauxi.o(.text) for __use_two_region_memory
    startup_lpc17xx.o(.text) refers to __main.o(!!!main) for __main
    startup_lpc17xx.o(.text) refers to startup_lpc17xx.o(HEAP) for Heap_Mem
    startup_lpc17xx.o(.text) refers to startup_lpc17xx.o(STACK) for Stack_Mem
    sample.o(.text) refers to sound.o(.text) for SOUND_click
    sample.o(.text) refers to controller.o(.text) for CON_init
    sample.o(.text) refers to glcd.o(.text) for LCD_Clear
    sample.o(.text) refers to div.o(.text) for div
    sample.o(.text) refers to touchpanel.o(.text) for Read_Ads7846
    sample.o(.text) refers to system_lpc17xx.o(.text) for SystemInit
    sample.o(.text) refers to rand.o(.text) for srand
    sample.o(.text) refers to lib_timer.o(.text) for TIMER_init
    sample.o(.text) refers to lib_joystick.o(.text) for JOY_init
    sample.o(.text) refers to lib_rit.o(.text) for RIT_init
    sample.o(.text) refers to lib_adc.o(.text) for DAC_init
    sample.o(.text) refers to controller.o(.bss) for controller
    sample.o(.text) refers to touchpanel.o(.bss) for matrix
    sample.o(.text) refers to touchpanel.o(.data) for display
    system_lpc17xx.o(.text) refers to system_lpc17xx.o(.data) for .data
    irq_timer.o(.text) refers to lib_timer.o(.text) for TIMER_get_match_reg_update_val
    lib_timer.o(.text) refers to lib_timer.o(.data) for .data
    lib_timer.o(.text) refers to lib_timer.o(.bss) for .bss
    asciilib.o(.text) refers to rt_memcpy_v6.o(.text) for __aeabi_memcpy
    asciilib.o(.text) refers to asciilib.o(.constdata) for .constdata
    glcd.o(.text) refers to glcd.o(.data) for .data
    glcd.o(.text) refers to asciilib.o(.text) for GetASCIICode
    irq_rit.o(.text) refers to lib_rit.o(.text) for RIT_get_callable
    lib_rit.o(.text) refers to lib_rit.o(.data) for .data
    funct_led.o(.text) refers to lib_timer.o(.text) for TIMER_set_callable
    funct_led.o(.text) refers to funct_led.o(.constdata) for .constdata
    funct_led.o(.text) refers to lib_led.o(.data) for led_value
    funct_led.o(.text) refers to funct_led.o(.data) for .data
    funct_led.o(.text) refers to funct_led.o(.bss) for .bss
    lib_led.o(.text) refers to lib_led.o(.data) for .data
    lib_joystick.o(.text) refers to lib_joystick.o(.data) for .data
    lib_joystick.o(.text) refers to lib_joystick.o(.bss) for .bss
    touchpanel.o(.text) refers to glcd.o(.text) for LCD_SetPoint
    touchpanel.o(.text) refers to rt_memclr_w.o(.text) for __aeabi_memclr4
    touchpanel.o(.text) refers to dflt_clz.o(x$fpl$dflt) for __aeabi_i2d
    touchpanel.o(.text) refers to touchpanel.o(.data) for .data
    touchpanel.o(.text) refers to deqf.o(x$fpl$deqf) for __aeabi_cdcmpeq
    touchpanel.o(.text) refers to dflt_clz.o(x$fpl$dfltu) for __aeabi_ui2d
    touchpanel.o(.text) refers to dmul.o(x$fpl$dmul) for __aeabi_dmul
    touchpanel.o(.text) refers to daddsub_clz.o(x$fpl$dadd) for __aeabi_dadd
    touchpanel.o(.text) refers to ddiv.o(x$fpl$ddiv) for __aeabi_ddiv
    touchpanel.o(.text) refers to dfixu.o(x$fpl$dfixu) for __aeabi_d2uiz
    touchpanel.o(.text) refers to touchpanel.o(.bss) for .bss
    irq_button.o(.text) refers to lib_button.o(.text) for BUTTON_enable_debouncing
    lib_button.o(.text) refers to lib_timer.o(.text) for TIMER_match_reg
    lib_button.o(.text) refers to lib_button.o(.data) for .data
    irq_adc.o(.text) refers to lib_adc.o(.text) for ADC_get_consumer
    irq_adc.o(.text) refers to irq_adc.o(.data) for .data
    lib_adc.o(.text) refers to lib_adc.o(.data) for .data
    controller.o(.text) refers to _printf_pad.o(.text) for _printf_pre_padding
    controller.o(.text) refers to _printf_percent.o(.ARM.Collect$$_printf_percent$$00000000) for _printf_percent
    controller.o(.text) refers to _printf_d.o(.ARM.Collect$$_printf_percent$$00000009) for _printf_d
[...]
    rt_raise.o(.text) refers to __raise.o(.text) for __raise
    rt_raise.o(.text) refers to sys_exit.o(.text) for _sys_exit
    defsig_exit.o(.text) refers to sys_exit.o(.text) for _sys_exit
    defsig_rtmem_inner.o(.text) refers to defsig_general.o(.text) for __default_signal_display
    sys_exit.o(.text) refers (Special) to use_no_semi.o(.text) for __I$use$semihosting
    sys_exit.o(.text) refers (Special) to indicate_semi.o(.text) for __semihosting_library_function
    __raise.o(.text) refers to defsig.o(CL$$defsig) for __default_signal_handler
    defsig_general.o(.text) refers to sys_wrch.o(.text) for _ttywrch
    libshutdown.o(.ARM.Collect$$libshutdown$$00000000) refers (Special) to libshutdown2.o(.ARM.Collect$$libshutdown$$00000004) for __rt_lib_shutdown_cpp_1
    libshutdown.o(.ARM.Collect$$libshutdown$$00000000) refers (Special) to libshutdown2.o(.ARM.Collect$$libshutdown$$00000002) for __rt_lib_shutdown_fini_1
    libshutdown.o(.ARM.Collect$$libshutdown$$00000000) refers (Special) to libshutdown2.o(.ARM.Collect$$libshutdown$$00000009) for __rt_lib_shutdown_fp_trap_1
    libshutdown.o(.ARM.Collect$$libshutdown$$00000000) refers (Special) to libshutdown2.o(.ARM.Collect$$libshutdown$$00000011) for __rt_lib_shutdown_heap_1
    libshutdown.o(.ARM.Collect$$libshutdown$$00000000) refers (Special) to libshutdown2.o(.ARM.Collect$$libshutdown$$00000012) for __rt_lib_shutdown_return
    libshutdown.o(.ARM.Collect$$libshutdown$$00000000) refers (Special) to libshutdown2.o(.ARM.Collect$$libshutdown$$0000000C) for __rt_lib_shutdown_signal_1
    libshutdown.o(.ARM.Collect$$libshutdown$$00000000) refers (Special) to libshutdown2.o(.ARM.Collect$$libshutdown$$00000006) for __rt_lib_shutdown_stdio_1
    libshutdown.o(.ARM.Collect$$libshutdown$$00000000) refers (Special) to libshutdown2.o(.ARM.Collect$$libshutdown$$0000000E) for __rt_lib_shutdown_user_alloc_1
    sys_wrch.o(.text) refers (Special) to use_no_semi.o(.text) for __I$use$semihosting
    sys_wrch.o(.text) refers (Special) to indicate_semi.o(.text) for __semihosting_library_function
    defsig.o(CL$$defsig) refers to defsig_rtmem_inner.o(.text) for __rt_SIGRTMEM_inner
    defsig_abrt_inner.o(.text) refers to defsig_general.o(.text) for __default_signal_display
    defsig_fpe_inner.o(.text) refers to defsig_general.o(.text) for __default_signal_display
    defsig_rtred_inner.o(.text) refers to defsig_general.o(.text) for __default_signal_display
    defsig_stak_inner.o(.text) refers to defsig_general.o(.text) for __default_signal_display
    defsig_pvfn_inner.o(.text) refers to defsig_general.o(.text) for __default_signal_display
    defsig_cppl_inner.o(.text) refers to defsig_general.o(.text) for __default_signal_display
    defsig_segv_inner.o(.text) refers to defsig_general.o(.text) for __default_signal_display
    defsig_other.o(.text) refers to defsig_general.o(.text) for __default_signal_display


==============================================================================

Removing Unused input sections from the image.

    Removing sample.o(.rev16_text), (4 bytes).
    Removing sample.o(.revsh_text), (4 bytes).
    Removing sample.o(.rrx_text), (6 bytes).
    Removing core_cm3.o(.emb_text), (32 bytes).
    Removing system_lpc17xx.o(.rev16_text), (4 bytes).
    Removing system_lpc17xx.o(.revsh_text), (4 bytes).
    Removing system_lpc17xx.o(.rrx_text), (6 bytes).
    Removing irq_timer.o(.rev16_text), (4 bytes).
    Removing irq_timer.o(.revsh_text), (4 bytes).
    Removing irq_timer.o(.rrx_text), (6 bytes).
    Removing lib_timer.o(.rev16_text), (4 bytes).
    Removing lib_timer.o(.revsh_text), (4 bytes).
    Removing lib_timer.o(.rrx_text), (6 bytes).
    Removing glcd.o(.rev16_text), (4 bytes).
    Removing glcd.o(.revsh_text), (4 bytes).
    Removing glcd.o(.rrx_text), (6 bytes).
    Removing irq_rit.o(.rev16_text), (4 bytes).
    Removing irq_rit.o(.revsh_text), (4 bytes).
    Removing irq_rit.o(.rrx_text), (6 bytes).
    Removing lib_rit.o(.rev16_text), (4 bytes).
    Removing lib_rit.o(.revsh_text), (4 bytes).
    Removing lib_rit.o(.rrx_text), (6 bytes).
    Removing funct_led.o(.rev16_text), (4 bytes).
    Removing funct_led.o(.revsh_text), (4 bytes).
    Removing funct_led.o(.rrx_text), (6 bytes).
    Removing funct_led.o(.text), (384 bytes).
    Removing funct_led.o(.bss), (64 bytes).
    Removing funct_led.o(.constdata), (32 bytes).
    Removing funct_led.o(.data), (4 bytes).
    Removing lib_led.o(.rev16_text), (4 bytes).
    Removing lib_led.o(.revsh_text), (4 bytes).
    Removing lib_led.o(.rrx_text), (6 bytes).
    Removing lib_led.o(.text), (56 bytes).
    Removing lib_led.o(.data), (1 bytes).
    Removing lib_joystick.o(.rev16_text), (4 bytes).
    Removing lib_joystick.o(.revsh_text), (4 bytes).
    Removing lib_joystick.o(.rrx_text), (6 bytes).
    Removing touchpanel.o(.rev16_text), (4 bytes).
    Removing touchpanel.o(.revsh_text), (4 bytes).
    Removing touchpanel.o(.rrx_text), (6 bytes).
    Removing irq_button.o(.rev16_text), (4 bytes).
    Removing irq_button.o(.revsh_text), (4 bytes).
    Removing irq_button.o(.rrx_text), (6 bytes).
    Removing lib_button.o(.rev16_text), (4 bytes).
    Removing lib_button.o(.revsh_text), (4 bytes).
    Removing lib_button.o(.rrx_text), (6 bytes).
    Removing irq_adc.o(.rev16_text), (4 bytes).
    Removing irq_adc.o(.revsh_text), (4 bytes).
    Removing irq_adc.o(.rrx_text), (6 bytes).
    Removing lib_adc.o(.rev16_text), (4 bytes).
    Removing lib_adc.o(.revsh_text), (4 bytes).
    Removing lib_adc.o(.rrx_text), (6 bytes).
    Removing controller.o(.rev16_text), (4 bytes).
    Removing controller.o(.revsh_text), (4 bytes).
    Removing controller.o(.rrx_text), (6 bytes).
    Removing tamagotchi.o(.rev16_text), (4 bytes).
    Removing tamagotchi.o(.revsh_text), (4 bytes).
    Removing tamagotchi.o(.rrx_text), (6 bytes).

58 unused section(s) (total 811 bytes) removed from the image.

==============================================================================

Image Symbol Table

    Local Symbols

    Symbol Name                              Value     Ov Type        Size  Object(Section)

    RESET                                    0x00000000   Section      204  startup_lpc17xx.o(RESET)
    ../clib/angel/boardlib.s                 0x00000000   Number         0  boardinit2.o ABSOLUTE
    ../clib/angel/boardlib.s                 0x00000000   Number         0  boardinit3.o ABSOLUTE
    ../clib/angel/boardlib.s                 0x00000000   Number         0  boardshut.o ABSOLUTE
    ../clib/angel/boardlib.s                 0x00000000   Number         0  boardinit1.o ABSOLUTE
    ../clib/angel/dclz77c.s                  0x00000000   Number         0  __dclz77c.o ABSOLUTE
    ../clib/angel/handlers.s                 0x00000000   Number         0  __scatter_copy.o ABSOLUTE
    ../clib/angel/handlers.s                 0x00000000   Number         0  __scatter_zi.o ABSOLUTE
    ../clib/angel/kernel.s                   0x00000000   Number         0  __rtentry4.o ABSOLUTE
    ../clib/angel/kernel.s                   0x00000000   Number         0  rtexit.o ABSOLUTE
    ../clib/angel/kernel.s                   0x00000000   Number         0  rtexit2.o ABSOLUTE
    ../clib/angel/kernel.s                   0x00000000   Number         0  __rtentry2.o ABSOLUTE
    ../clib/angel/kernel.s                   0x00000000   Number         0  __rtentry.o ABSOLUTE
    ../clib/angel/rt.s                       0x00000000   Number         0  rt_errno_addr_intlibspace.o ABSOLUTE
    ../clib/angel/rt.s                       0x00000000   Number         0  rt_raise.o ABSOLUTE
    ../clib/angel/rt.s                       0x00000000   Number         0  rt_errno_addr.o ABSOLUTE
    ../clib/angel/scatter.s                  0x00000000   Number         0  __scatter.o ABSOLUTE
    ../clib/angel/startup.s                  0x00000000   Number         0  __main.o ABSOLUTE
    ../clib/angel/sys.s                      0x00000000   Number         0  libspace.o ABSOLUTE
    ../clib/angel/sys.s                      0x00000000   Number         0  sys_stackheap_outer.o ABSOLUTE
    ../clib/angel/sys.s                      0x00000000   Number         0  indicate_semi.o ABSOLUTE
    ../clib/angel/sys.s                      0x00000000   Number         0  use_no_semi.o ABSOLUTE
    ../clib/angel/sysapp.c                   0x00000000   Number         0  sys_exit.o ABSOLUTE
    ../clib/angel/sysapp.c                   0x00000000   Number         0  sys_wrch.o ABSOLUTE
    ../clib/angel/sysapp.c                   0x00000000   Number         0  sys_command.o ABSOLUTE
    ../clib/armsys.c                         0x00000000   Number         0  argv_veneer.o ABSOLUTE
    ../clib/armsys.c                         0x00000000   Number         0  no_argv.o ABSOLUTE
    ../clib/armsys.c                         0x00000000   Number         0  _get_argv_nomalloc.o ABSOLUTE
    ../clib/armsys.c                         0x00000000   Number         0  argv_veneer.o ABSOLUTE
    ../clib/fenv.c                           0x00000000   Number         0  _rserrno.o ABSOLUTE
    ../clib/heapalloc.c                      0x00000000   Number         0  hrguard.o ABSOLUTE
    ../clib/heapaux.c                        0x00000000   Number         0  heapauxi.o ABSOLUTE
    ../clib/libinit.s                        0x00000000   Number         0  libshutdown2.o ABSOLUTE
    ../clib/libinit.s                        0x00000000   Number         0  libshutdown.o ABSOLUTE
    ../clib/libinit.s                        0x00000000   Number         0  libinit.o ABSOLUTE
    ../clib/libinit.s                        0x00000000   Number         0  libinit2.o ABSOLUTE
    ../clib/memcpset.s                       0x00000000   Number         0  rt_memcpy_v6.o ABSOLUTE
    ../clib/memcpset.s                       0x00000000   Number         0  rt_memclr_w.o ABSOLUTE
    ../clib/memcpset.s                       0x00000000   Number         0  rt_memcpy_w.o ABSOLUTE
    ../clib/misc.s                           0x00000000   Number         0  printf_stubs.o ABSOLUTE
    ../clib/printf.c                         0x00000000   Number         0  __printf.o ABSOLUTE
    ../clib/printf.c                         0x00000000   Number         0  __printf_flags_wp.o ABSOLUTE
    ../clib/printf.c                         0x00000000   Number         0  __printf_flags.o ABSOLUTE
    ../clib/printf.c                         0x00000000   Number         0  _printf_dec.o ABSOLUTE
    ../clib/printf.c                         0x00000000   Number         0  _sputc.o ABSOLUTE
    ../clib/printf.c                         0x00000000   Number         0  __printf_ss_wp.o ABSOLUTE
    ../clib/printf.c                         0x00000000   Number         0  __printf_flags_ss.o ABSOLUTE
    ../clib/printf.c                         0x00000000   Number         0  __printf_flags_ss_wp.o ABSOLUTE
    ../clib/printf.c                         0x00000000   Number         0  __printf_nopercent.o ABSOLUTE
    ../clib/printf.c                         0x00000000   Number         0  _printf_char_common.o ABSOLUTE
    ../clib/printf.c                         0x00000000   Number         0  _printf_intcommon.o ABSOLUTE
    ../clib/printf.c                         0x00000000   Number         0  __2sprintf.o ABSOLUTE
    ../clib/printf.c                         0x00000000   Number         0  __printf_wp.o ABSOLUTE
    ../clib/printf.c                         0x00000000   Number         0  __printf_ss.o ABSOLUTE
    ../clib/printf.c                         0x00000000   Number         0  noretval__2sprintf.o ABSOLUTE
    ../clib/printf.c                         0x00000000   Number         0  _printf_pad.o ABSOLUTE
    ../clib/printf_percent.s                 0x00000000   Number         0  _printf_percent_end.o ABSOLUTE
    ../clib/printf_percent.s                 0x00000000   Number         0  _printf_d.o ABSOLUTE
    ../clib/printf_percent.s                 0x00000000   Number         0  _printf_percent.o ABSOLUTE
    ../clib/signal.c                         0x00000000   Number         0  defsig_rtmem_inner.o ABSOLUTE
    ../clib/signal.c                         0x00000000   Number         0  defsig_other.o ABSOLUTE
    ../clib/signal.c                         0x00000000   Number         0  defsig_segv_inner.o ABSOLUTE
    ../clib/signal.c                         0x00000000   Number         0  defsig_rtmem_formal.o ABSOLUTE
    ../clib/signal.c                         0x00000000   Number         0  defsig_rtmem_outer.o ABSOLUTE
    ../clib/signal.c                         0x00000000   Number         0  defsig_pvfn_inner.o ABSOLUTE
    ../clib/signal.c                         0x00000000   Number         0  __raise.o ABSOLUTE
    ../clib/signal.c                         0x00000000   Number         0  defsig_stak_inner.o ABSOLUTE
    ../clib/signal.c                         0x00000000   Number         0  defsig_rtred_inner.o ABSOLUTE
    ../clib/signal.c                         0x00000000   Number         0  defsig_cppl_inner.o ABSOLUTE
    ../clib/signal.c                         0x00000000   Number         0  defsig_fpe_inner.o ABSOLUTE
    ../clib/signal.c                         0x00000000   Number         0  defsig_abrt_inner.o ABSOLUTE
    ../clib/signal.c                         0x00000000   Number         0  defsig_general.o ABSOLUTE
    ../clib/signal.c                         0x00000000   Number         0  defsig_exit.o ABSOLUTE
    ../clib/signal.s                         0x00000000   Number         0  defsig.o ABSOLUTE
    ../clib/stdlib.c                         0x00000000   Number         0  div.o ABSOLUTE
    ../clib/stdlib.c                         0x00000000   Number         0  rand.o ABSOLUTE
    ../clib/stdlib.c                         0x00000000   Number         0  rand.o ABSOLUTE
    ../clib/stdlib.c                         0x00000000   Number         0  exit.o ABSOLUTE
    ../fplib/daddsub.s                       0x00000000   Number         0  daddsub_clz.o ABSOLUTE
    ../fplib/dcmpi.s                         0x00000000   Number         0  dcmpi.o ABSOLUTE
    ../fplib/ddiv.s                          0x00000000   Number         0  ddiv.o ABSOLUTE
    ../fplib/deqf.s                          0x00000000   Number         0  deqf.o ABSOLUTE
    ../fplib/dfix.s                          0x00000000   Number         0  dfix.o ABSOLUTE
    ../fplib/dfixu.s                         0x00000000   Number         0  dfixu.o ABSOLUTE
    ../fplib/dflt.s                          0x00000000   Number         0  dflt_clz.o ABSOLUTE
    ../fplib/dleqf.s                         0x00000000   Number         0  dleqf.o ABSOLUTE
    ../fplib/dmul.s                          0x00000000   Number         0  dmul.o ABSOLUTE
    ../fplib/dnaninf.s                       0x00000000   Number         0  dnaninf.o ABSOLUTE
    ../fplib/dretinf.s                       0x00000000   Number         0  dretinf.o ABSOLUTE
    ../fplib/dsqrt.s                         0x00000000   Number         0  dsqrt_noumaal.o ABSOLUTE
    ../fplib/fpinit.s                        0x00000000   Number         0  fpinit.o ABSOLUTE
    ../fplib/usenofp.s                       0x00000000   Number         0  usenofp.o ABSOLUTE
    ../mathlib/sqrt.c                        0x00000000   Number         0  sqrt.o ABSOLUTE
    ../mathlib/sqrt.c                        0x00000000   Number         0  sqrt_x.o ABSOLUTE
    ../mathlib/wrappers.c                    0x00000000   Number         0  sqrtl.o ABSOLUTE
    GLCD\AsciiLib.c                          0x00000000   Number         0  asciilib.o ABSOLUTE
    GLCD\GLCD.c                              0x00000000   Number         0  glcd.o ABSOLUTE
    GLCD\\GLCD.c                             0x00000000   Number         0  glcd.o ABSOLUTE
    RIT\IRQ_RIT.c                            0x00000000   Number         0  irq_rit.o ABSOLUTE
    RIT\\IRQ_RIT.c                           0x00000000   Number         0  irq_rit.o ABSOLUTE
    RIT\\lib_RIT.c                           0x00000000   Number         0  lib_rit.o ABSOLUTE
    RIT\lib_RIT.c                            0x00000000   Number         0  lib_rit.o ABSOLUTE
    TouchPanel\TouchPanel.c                  0x00000000   Number         0  touchpanel.o ABSOLUTE
    TouchPanel\\TouchPanel.c                 0x00000000   Number         0  touchpanel.o ABSOLUTE
    adc\IRQ_adc.c                            0x00000000   Number         0  irq_adc.o ABSOLUTE
    adc\\IRQ_adc.c                           0x00000000   Number         0  irq_adc.o ABSOLUTE
    adc\\lib_adc.c                           0x00000000   Number         0  lib_adc.o ABSOLUTE
    adc\lib_adc.c                            0x00000000   Number         0  lib_adc.o ABSOLUTE
    button_EXINT\IRQ_button.c                0x00000000   Number         0  irq_button.o ABSOLUTE
    button_EXINT\\IRQ_button.c               0x00000000   Number         0  irq_button.o ABSOLUTE
    button_EXINT\\lib_button.c               0x00000000   Number         0  lib_button.o ABSOLUTE
    button_EXINT\lib_button.c                0x00000000   Number         0  lib_button.o ABSOLUTE
    core_cm3.c                               0x00000000   Number         0  core_cm3.o ABSOLUTE
    core_cm3.c                               0x00000000   Number         0  core_cm3.o ABSOLUTE
    dc.s                                     0x00000000   Number         0  dc.o ABSOLUTE
    joystick\\lib_joystick.c                 0x00000000   Number         0  lib_joystick.o ABSOLUTE
    joystick\lib_joystick.c                  0x00000000   Number         0  lib_joystick.o ABSOLUTE
    led\\funct_led.c                         0x00000000   Number         0  funct_led.o ABSOLUTE
    led\\lib_led.c                           0x00000000   Number         0  lib_led.o ABSOLUTE
    led\funct_led.c                          0x00000000   Number         0  funct_led.o ABSOLUTE
    led\lib_led.c                            0x00000000   Number         0  lib_led.o ABSOLUTE
    sample.c                                 0x00000000   Number         0  sample.o ABSOLUTE
    sample.c                                 0x00000000   Number         0  sample.o ABSOLUTE
    sound\sound.c                            0x00000000   Number         0  sound.o ABSOLUTE
    startup_LPC17xx.s                        0x00000000   Number         0  startup_lpc17xx.o ABSOLUTE
    system_LPC17xx.c                         0x00000000   Number         0  system_lpc17xx.o ABSOLUTE
    system_LPC17xx.c                         0x00000000   Number         0  system_lpc17xx.o ABSOLUTE
    tamagotchi\\controller.c                 0x00000000   Number         0  controller.o ABSOLUTE
    tamagotchi\\tamagotchi.c                 0x00000000   Number         0  tamagotchi.o ABSOLUTE
    tamagotchi\controller.c                  0x00000000   Number         0  controller.o ABSOLUTE
    tamagotchi\tamagotchi.c                  0x00000000   Number         0  tamagotchi.o ABSOLUTE
    timer\IRQ_timer.c                        0x00000000   Number         0  irq_timer.o ABSOLUTE
    timer\\IRQ_timer.c                       0x00000000   Number         0  irq_timer.o ABSOLUTE
    timer\\lib_timer.c                       0x00000000   Number         0  lib_timer.o ABSOLUTE
    timer\lib_timer.c                        0x00000000   Number         0  lib_timer.o ABSOLUTE
    !!!main                                  0x000000cc   Section        8  __main.o(!!!main)
    !!!scatter                               0x000000d4   Section       52  __scatter.o(!!!scatter)
    !!dclz77c                                0x00000108   Section      100  __dclz77c.o(!!dclz77c)
    !!handler_copy                           0x0000016c   Section       26  __scatter_copy.o(!!handler_copy)
    !!handler_zi                             0x00000188   Section       28  __scatter_zi.o(!!handler_zi)
    .ARM.Collect$$_printf_percent$$00000000  0x000001a4   Section        0  _printf_percent.o(.ARM.Collect$$_printf_percent$$00000000)
    .ARM.Collect$$_printf_percent$$00000009  0x000001a4   Section        6  _printf_d.o(.ARM.Collect$$_printf_percent$$00000009)
    .ARM.Collect$$_printf_percent$$00000017  0x000001aa   Section        4  _printf_percent_end.o(.ARM.Collect$$_printf_percent$$00000017)
    .ARM.Collect$$libinit$$00000000          0x000001ae   Section        2  libinit.o(.ARM.Collect$$libinit$$00000000)
    .ARM.Collect$$libinit$$00000002          0x000001b0   Section        0  libinit2.o(.ARM.Collect$$libinit$$00000002)
    .ARM.Collect$$libinit$$00000004          0x000001b0   Section        0  libinit2.o(.ARM.Collect$$libinit$$00000004)
    .ARM.Collect$$libinit$$0000000A          0x000001b0   Section        0  libinit2.o(.ARM.Collect$$libinit$$0000000A)
    .ARM.Collect$$libinit$$0000000C          0x000001b0   Section        0  libinit2.o(.ARM.Collect$$libinit$$0000000C)
    .ARM.Collect$$libinit$$0000000D          0x000001b0   Section        4  libinit2.o(.ARM.Collect$$libinit$$0000000D)
    .ARM.Collect$$libinit$$0000000E          0x000001b4   Section        0  libinit2.o(.ARM.Collect$$libinit$$0000000E)
    .ARM.Collect$$libinit$$00000011          0x000001b4   Section        0  libinit2.o(.ARM.Collect$$libinit$$00000011)
    .ARM.Collect$$libinit$$00000013          0x000001b4   Section        0  libinit2.o(.ARM.Collect$$libinit$$00000013)
    .ARM.Collect$$libinit$$00000015          0x000001b4   Section        0  libinit2.o(.ARM.Collect$$libinit$$00000015)
    .ARM.Collect$$libinit$$00000017          0x000001b4   Section        0  libinit2.o(.ARM.Collect$$libinit$$00000017)
    .ARM.Collect$$libinit$$00000019          0x000001b4   Section        0  libinit2.o(.ARM.Collect$$libinit$$00000019)
    .ARM.Collect$$libinit$$0000001B          0x000001b4   Section        0  libinit2.o(.ARM.Collect$$libinit$$0000001B)
    .ARM.Collect$$libinit$$0000001D          0x000001b4   Section        0  libinit2.o(.ARM.Collect$$libinit$$0000001D)
    .ARM.Collect$$libinit$$0000001F          0x000001b4   Section        0  libinit2.o(.ARM.Collect$$libinit$$0000001F)
    .ARM.Collect$$libinit$$00000021          0x000001b4   Section        0  libinit2.o(.ARM.Collect$$libinit$$00000021)
    .ARM.Collect$$libinit$$00000023          0x000001b4   Section        0  libinit2.o(.ARM.Collect$$libinit$$00000023)
    .ARM.Collect$$libinit$$00000025          0x000001b4   Section        0  libinit2.o(.ARM.Collect$$libinit$$00000025)
    .ARM.Collect$$libinit$$0000002C          0x000001b4   Section        0  libinit2.o(.ARM.Collect$$libinit$$0000002C)
    .ARM.Collect$$libinit$$0000002E          0x000001b4   Section        0  libinit2.o(.ARM.Collect$$libinit$$0000002E)
    .ARM.Collect$$libinit$$00000030          0x000001b4   Section        0  libinit2.o(.ARM.Collect$$libinit$$00000030)
    .ARM.Collect$$libinit$$00000032          0x000001b4   Section        0  libinit2.o(.ARM.Collect$$libinit$$00000032)
    .ARM.Collect$$libinit$$00000033          0x000001b4   Section        2  libinit2.o(.ARM.Collect$$libinit$$00000033)
    .ARM.Collect$$libshutdown$$00000000      0x000001b6   Section        2  libshutdown.o(.ARM.Collect$$libshutdown$$00000000)
    .ARM.Collect$$libshutdown$$00000002      0x000001b8   Section        0  libshutdown2.o(.ARM.Collect$$libshutdown$$00000002)
    .ARM.Collect$$libshutdown$$00000004      0x000001b8   Section        0  libshutdown2.o(.ARM.Collect$$libshutdown$$00000004)
    .ARM.Collect$$libshutdown$$00000006      0x000001b8   Section        0  libshutdown2.o(.ARM.Collect$$libshutdown$$00000006)
    .ARM.Collect$$libshutdown$$00000009      0x000001b8   Section        0  libshutdown2.o(.ARM.Collect$$libshutdown$$00000009)
    .ARM.Collect$$libshutdown$$0000000C      0x000001b8   Section        0  libshutdown2.o(.ARM.Collect$$libshutdown$$0000000C)
    .ARM.Collect$$libshutdown$$0000000E      0x000001b8   Section        0  libshutdown2.o(.ARM.Collect$$libshutdown$$0000000E)
    .ARM.Collect$$libshutdown$$00000011      0x000001b8   Section        0  libshutdown2.o(.ARM.Collect$$libshutdown$$00000011)
    .ARM.Collect$$libshutdown$$00000012      0x000001b8   Section        2  libshutdown2.o(.ARM.Collect$$libshutdown$$00000012)
    .ARM.Collect$$rtentry$$00000000          0x000001ba   Section        0  __rtentry.o(.ARM.Collect$$rtentry$$00000000)
    .ARM.Collect$$rtentry$$00000002          0x000001ba   Section        0  __rtentry2.o(.ARM.Collect$$rtentry$$00000002)
    .ARM.Collect$$rtentry$$00000004          0x000001ba   Section        6  __rtentry4.o(.ARM.Collect$$rtentry$$00000004)
    .ARM.Collect$$rtentry$$00000009          0x000001c0   Section        0  __rtentry2.o(.ARM.Collect$$rtentry$$00000009)
    .ARM.Collect$$rtentry$$0000000A          0x000001c0   Section        4  __rtentry2.o(.ARM.Collect$$rtentry$$0000000A)
    .ARM.Collect$$rtentry$$0000000C          0x000001c4   Section        0  __rtentry2.o(.ARM.Collect$$rtentry$$0000000C)
    .ARM.Collect$$rtentry$$0000000D          0x000001c4   Section        8  __rtentry2.o(.ARM.Collect$$rtentry$$0000000D)
    .ARM.Collect$$rtexit$$00000000           0x000001cc   Section        2  rtexit.o(.ARM.Collect$$rtexit$$00000000)
    .ARM.Collect$$rtexit$$00000002           0x000001ce   Section        0  rtexit2.o(.ARM.Collect$$rtexit$$00000002)
    .ARM.Collect$$rtexit$$00000003           0x000001ce   Section        4  rtexit2.o(.ARM.Collect$$rtexit$$00000003)
    .ARM.Collect$$rtexit$$00000004           0x000001d2   Section        6  rtexit2.o(.ARM.Collect$$rtexit$$00000004)
    .emb_text                                0x000001d8   Section       52  rand.o(.emb_text)
    .text                                    0x0000020c   Section       52  startup_lpc17xx.o(.text)
    .text                                    0x00000240   Section        0  asciilib.o(.text)
    .text                                    0x00000254   Section        0  irq_rit.o(.text)
    .text                                    0x00000270   Section        0  lib_rit.o(.text)
    .text                                    0x000002f4   Section        0  heapauxi.o(.text)
    .text                                    0x000002fa   Section        2  use_no_semi.o(.text)
    .ARM.__at_0x02FC                         0x000002fc   Section        4  startup_lpc17xx.o(.ARM.__at_0x02FC)
    .text                                    0x00000300   Section        0  sample.o(.text)
    .text                                    0x000004f0   Section        0  system_lpc17xx.o(.text)
    .text                                    0x00000680   Section        0  irq_timer.o(.text)
    .text                                    0x00000880   Section        0  lib_timer.o(.text)
    __NVIC_EnableIRQ                         0x00000a13   Thumb Code    26  lib_timer.o(.text)
    __NVIC_SetPriority                       0x00000a2d   Thumb Code    32  lib_timer.o(.text)
    .text                                    0x00000a60   Section        0  glcd.o(.text)
    LCD_SetCursor                            0x00000a61   Thumb Code  1004  glcd.o(.text)
    delay_ms                                 0x00003015   Thumb Code    28  glcd.o(.text)
    .text                                    0x00003030   Section        0  lib_joystick.o(.text)
    .text                                    0x000031e8   Section        0  touchpanel.o(.text)
    WR_CMD                                   0x0000320f   Thumb Code    28  touchpanel.o(.text)
    ADS7843_SPI_Init                         0x00003821   Thumb Code    86  touchpanel.o(.text)
    DelayUS                                  0x00003877   Thumb Code    20  touchpanel.o(.text)
    RD_AD                                    0x0000388b   Thumb Code    34  touchpanel.o(.text)
    .text                                    0x000038e0   Section        0  irq_button.o(.text)
    .text                                    0x00003920   Section        0  lib_button.o(.text)
    __NVIC_EnableIRQ                         0x00003a87   Thumb Code    26  lib_button.o(.text)
    __NVIC_SetPriority                       0x00003aa1   Thumb Code    32  lib_button.o(.text)
    .text                                    0x00003ad4   Section        0  irq_adc.o(.text)
    .text                                    0x00003b04   Section        0  lib_adc.o(.text)
    .text                                    0x00003b98   Section        0  controller.o(.text)
    draw_battery                             0x00003b99   Thumb Code   108  controller.o(.text)
    draw_speaker                             0x00003c05   Thumb Code   142  controller.o(.text)
    update_age                               0x00004251   Thumb Code    62  controller.o(.text)
    .text                                    0x00004300   Section        0  tamagotchi.o(.text)
    .text                                    0x00004534   Section        0  sound.o(.text)
    .text                                    0x00004644   Section        0  noretval__2sprintf.o(.text)
    .text                                    0x0000466c   Section        0  _printf_pad.o(.text)
    .text                                    0x000046bc   Section        0  _printf_dec.o(.text)
    .text                                    0x00004734   Section        0  __printf_flags_wp.o(.text)
    .text                                    0x0000486c   Section        0  div.o(.text)
    .text                                    0x00004880   Section        0  rand.o(.text)
    .text                                    0x000048bc   Section      138  rt_memcpy_v6.o(.text)
    .text                                    0x00004946   Section       78  rt_memclr_w.o(.text)
    .text                                    0x00004994   Section        0  _printf_intcommon.o(.text)
    .text                                    0x00004a48   Section        0  _printf_char_common.o(.text)
    _printf_input_char                       0x00004a49   Thumb Code    10  _printf_char_common.o(.text)
    .text                                    0x00004a78   Section        0  _sputc.o(.text)
    .text                                    0x00004a82   Section      100  rt_memcpy_w.o(.text)
    .text                                    0x00004ae6   Section        0  _rserrno.o(.text)
    .text                                    0x00004afc   Section       74  sys_stackheap_outer.o(.text)
    .text                                    0x00004b48   Section        8  rt_errno_addr_intlibspace.o(.text)
    .text                                    0x00004b50   Section        0  exit.o(.text)
    .text                                    0x00004b64   Section        8  libspace.o(.text)
    .text                                    0x00004b6c   Section        0  sys_exit.o(.text)
    .text                                    0x00004b6c   Section        0  indicate_semi.o(.text)
    i._is_digit                              0x00004b78   Section        0  __printf_wp.o(i._is_digit)
    i.sqrt                                   0x00004b86   Section        0  sqrt.o(i.sqrt)
    i.sqrtl                                  0x00004bd2   Section        0  sqrtl.o(i.sqrtl)
    x$fpl$dadd                               0x00004bd8   Section      336  daddsub_clz.o(x$fpl$dadd)
    _dadd1                                   0x00004be9   Thumb Code     0  daddsub_clz.o(x$fpl$dadd)
    x$fpl$dcmpinf                            0x00004d28   Section       24  dcmpi.o(x$fpl$dcmpinf)
    x$fpl$ddiv                               0x00004d40   Section      688  ddiv.o(x$fpl$ddiv)
    ddiv_entry                               0x00004d47   Thumb Code     0  ddiv.o(x$fpl$ddiv)
    x$fpl$deqf                               0x00004ff0   Section      120  deqf.o(x$fpl$deqf)
    x$fpl$dfix                               0x00005068   Section       94  dfix.o(x$fpl$dfix)
    x$fpl$dfixu                              0x000050c8   Section       90  dfixu.o(x$fpl$dfixu)
    x$fpl$dflt                               0x00005122   Section       46  dflt_clz.o(x$fpl$dflt)
    x$fpl$dfltu                              0x00005150   Section       38  dflt_clz.o(x$fpl$dfltu)
    x$fpl$dmul                               0x00005178   Section      340  dmul.o(x$fpl$dmul)
    x$fpl$dnaninf                            0x000052cc   Section      156  dnaninf.o(x$fpl$dnaninf)
    x$fpl$dretinf                            0x00005368   Section       12  dretinf.o(x$fpl$dretinf)
    x$fpl$dsqrt                              0x00005374   Section      460  dsqrt_noumaal.o(x$fpl$dsqrt)
    x$fpl$dsub                               0x00005540   Section      468  daddsub_clz.o(x$fpl$dsub)
    _dsub1                                   0x00005551   Thumb Code     0  daddsub_clz.o(x$fpl$dsub)
    .constdata                               0x00005714   Section     1520  asciilib.o(.constdata)
    x$fpl$usenofp                            0x00005714   Section        0  usenofp.o(x$fpl$usenofp)
    AsciiLib                                 0x00005714   Data        1520  asciilib.o(.constdata)
    .constdata                               0x00005d04   Section      901  controller.o(.constdata)
    .constdata                               0x0000608a   Section      360  sound.o(.constdata)
    .constdata                               0x000061f2   Section       17  __printf_flags_wp.o(.constdata)
    maptable                                 0x000061f2   Data          17  __printf_flags_wp.o(.constdata)
    .data                                    0x10000000   Section        8  system_lpc17xx.o(.data)
    .data                                    0x10000008   Section        4  lib_rit.o(.data)
    .data                                    0x1000000c   Section        3  lib_joystick.o(.data)
    j_state                                  0x1000000d   Data           2  lib_joystick.o(.data)
    .data                                    0x1000000f   Section        1  lib_button.o(.data)
    debounce_timer                           0x1000000f   Data           1  lib_button.o(.data)
    .data                                    0x10000010   Section        4  irq_adc.o(.data)
    .bss                                     0x10000018   Section       68  touchpanel.o(.bss)
    .bss                                     0x1000005c   Section     3564  tamagotchi.o(.bss)
    .data                                    0x2007c000   Section        4  lib_timer.o(.data)
    .data                                    0x2007c004   Section        1  glcd.o(.data)
    LCD_Code                                 0x2007c004   Data           1  glcd.o(.data)
    .data                                    0x2007c006   Section       16  touchpanel.o(.data)
    screen                                   0x2007c006   Data           4  touchpanel.o(.data)
    .data                                    0x2007c016   Section        4  touchpanel.o(.data)
    .data                                    0x2007c01c   Section        4  lib_adc.o(.data)
    .data                                    0x2007c020   Section     1418  controller.o(.data)
    .data                                    0x2007c5aa   Section      884  tamagotchi.o(.data)
    .data                                    0x2007c920   Section      184  sound.o(.data)
    .bss                                     0x2007c9d8   Section      128  lib_timer.o(.bss)
    .bss                                     0x2007ca58   Section       20  lib_joystick.o(.bss)
    .bss                                     0x2007ca6c   Section      152  controller.o(.bss)
    text                                     0x2007ca6c   Data         100  controller.o(.bss)
    .bss                                     0x2007cb04   Section      228  rand.o(.bss)
    .bss                                     0x2007cbe8   Section       96  libspace.o(.bss)
    HEAP                                     0x2007cc48   Section        0  startup_lpc17xx.o(HEAP)
    STACK                                    0x2007cc48   Section      512  startup_lpc17xx.o(STACK)
    Heap_Mem                                 0x2007cc48   Data           0  startup_lpc17xx.o(HEAP)
    Stack_Mem                                0x2007cc48   Data         512  startup_lpc17xx.o(STACK)
    __initial_sp                             0x2007ce48   Data           0  startup_lpc17xx.o(STACK)

    Global Symbols

    Symbol Name                              Value     Ov Type        Size  Object(Section)

    BuildAttributes$$THM_ISAv4$P$D$K$B$S$PE$A:L22UL41UL21$X:L11$S22US41US21$IEEE1$IW$USESV6$~STKCKD$USESV7$~SHL$OTIME$ROPI$IEEEJ$EBA8$UX$STANDARDLIB$REQ8$PRES8$EABIv2 0x00000000   Number         0  anon$$obj.o ABSOLUTE
    __ARM_use_no_argv                        0x00000000   Number         0  sample.o ABSOLUTE
    __Vectors                                0x00000000   Data           4  startup_lpc17xx.o(RESET)
    _printf_flags                            0x00000000   Number         0  printf_stubs.o ABSOLUTE
    _printf_return_value                     0x00000000   Number         0  printf_stubs.o ABSOLUTE
    _printf_sizespec                         0x00000000   Number         0  printf_stubs.o ABSOLUTE
    _printf_widthprec                        0x00000000   Number         0  printf_stubs.o ABSOLUTE
    __ARM_exceptions_init                     - Undefined Weak Reference
    __alloca_initialize                       - Undefined Weak Reference
    __arm_fini_                               - Undefined Weak Reference
    __arm_preinit_                            - Undefined Weak Reference
    __cpp_initialize__aeabi_                  - Undefined Weak Reference
    __cxa_finalize                            - Undefined Weak Reference
    __rt_locale                               - Undefined Weak Reference
    __sigvec_lookup                           - Undefined Weak Reference
    _atexit_init                              - Undefined Weak Reference
    _call_atexit_fns                          - Undefined Weak Reference
    _clock_init                               - Undefined Weak Reference
    _fp_trap_init                             - Undefined Weak Reference
    _fp_trap_shutdown                         - Undefined Weak Reference
    _get_lc_collate                           - Undefined Weak Reference
    _get_lc_ctype                             - Undefined Weak Reference
    _get_lc_monetary                          - Undefined Weak Reference
    _get_lc_numeric                           - Undefined Weak Reference
    _get_lc_time                              - Undefined Weak Reference
    _getenv_init                              - Undefined Weak Reference
    _handle_redirection                       - Undefined Weak Reference
    _init_alloc                               - Undefined Weak Reference
    _init_user_alloc                          - Undefined Weak Reference
    _initio                                   - Undefined Weak Reference
    _printf_truncate_signed                   - Undefined Weak Reference
    _printf_truncate_unsigned                 - Undefined Weak Reference
    _signal_finish                            - Undefined Weak Reference
    _signal_init                              - Undefined Weak Reference
    _terminate_alloc                          - Undefined Weak Reference
    _terminate_user_alloc                     - Undefined Weak Reference
    _terminateio                              - Undefined Weak Reference
    __main                                   0x000000cd   Thumb Code     8  __main.o(!!!main)
    __scatterload                            0x000000d5   Thumb Code     0  __scatter.o(!!!scatter)
    __scatterload_rt2                        0x000000d5   Thumb Code    44  __scatter.o(!!!scatter)
    __scatterload_rt2_thumb_only             0x000000d5   Thumb Code     0  __scatter.o(!!!scatter)
    __scatterload_null                       0x000000e3   Thumb Code     0  __scatter.o(!!!scatter)
    __decompress                             0x00000109   Thumb Code   100  __dclz77c.o(!!dclz77c)
    __decompress2                            0x00000109   Thumb Code     0  __dclz77c.o(!!dclz77c)
    __scatterload_copy                       0x0000016d   Thumb Code    26  __scatter_copy.o(!!handler_copy)
    __scatterload_zeroinit                   0x00000189   Thumb Code    28  __scatter_zi.o(!!handler_zi)
    _printf_d                                0x000001a5   Thumb Code     0  _printf_d.o(.ARM.Collect$$_printf_percent$$00000009)
    _printf_percent                          0x000001a5   Thumb Code     0  _printf_percent.o(.ARM.Collect$$_printf_percent$$00000000)
    _printf_percent_end                      0x000001ab   Thumb Code     0  _printf_percent_end.o(.ARM.Collect$$_printf_percent$$00000017)
    __rt_lib_init                            0x000001af   Thumb Code     0  libinit.o(.ARM.Collect$$libinit$$00000000)
    __rt_lib_init_fp_1                       0x000001b1   Thumb Code     0  libinit2.o(.ARM.Collect$$libinit$$00000002)
    __rt_lib_init_heap_1                     0x000001b1   Thumb Code     0  libinit2.o(.ARM.Collect$$libinit$$0000000A)
    __rt_lib_init_preinit_1                  0x000001b1   Thumb Code     0  libinit2.o(.ARM.Collect$$libinit$$00000004)
    __rt_lib_init_rand_2                     0x000001b1   Thumb Code     0  libinit2.o(.ARM.Collect$$libinit$$0000000D)
    __rt_lib_init_user_alloc_1               0x000001b1   Thumb Code     0  libinit2.o(.ARM.Collect$$libinit$$0000000C)
    __rt_lib_init_alloca_1                   0x000001b5   Thumb Code     0  libinit2.o(.ARM.Collect$$libinit$$0000002E)
    __rt_lib_init_argv_1                     0x000001b5   Thumb Code     0  libinit2.o(.ARM.Collect$$libinit$$0000002C)
    __rt_lib_init_atexit_1                   0x000001b5   Thumb Code     0  libinit2.o(.ARM.Collect$$libinit$$0000001B)
    __rt_lib_init_clock_1                    0x000001b5   Thumb Code     0  libinit2.o(.ARM.Collect$$libinit$$00000021)
    __rt_lib_init_cpp_1                      0x000001b5   Thumb Code     0  libinit2.o(.ARM.Collect$$libinit$$00000032)
    __rt_lib_init_exceptions_1               0x000001b5   Thumb Code     0  libinit2.o(.ARM.Collect$$libinit$$00000030)
    __rt_lib_init_fp_trap_1                  0x000001b5   Thumb Code     0  libinit2.o(.ARM.Collect$$libinit$$0000001F)
    __rt_lib_init_getenv_1                   0x000001b5   Thumb Code     0  libinit2.o(.ARM.Collect$$libinit$$00000023)
    __rt_lib_init_lc_collate_1               0x000001b5   Thumb Code     0  libinit2.o(.ARM.Collect$$libinit$$00000011)
    __rt_lib_init_lc_ctype_1                 0x000001b5   Thumb Code     0  libinit2.o(.ARM.Collect$$libinit$$00000013)
    __rt_lib_init_lc_monetary_1              0x000001b5   Thumb Code     0  libinit2.o(.ARM.Collect$$libinit$$00000015)
    __rt_lib_init_lc_numeric_1               0x000001b5   Thumb Code     0  libinit2.o(.ARM.Collect$$libinit$$00000017)
    __rt_lib_init_lc_time_1                  0x000001b5   Thumb Code     0  libinit2.o(.ARM.Collect$$libinit$$00000019)
    __rt_lib_init_rand_1                     0x000001b5   Thumb Code     0  libinit2.o(.ARM.Collect$$libinit$$0000000E)
    __rt_lib_init_return                     0x000001b5   Thumb Code     0  libinit2.o(.ARM.Collect$$libinit$$00000033)
    __rt_lib_init_signal_1                   0x000001b5   Thumb Code     0  libinit2.o(.ARM.Collect$$libinit$$0000001D)
    __rt_lib_init_stdio_1                    0x000001b5   Thumb Code     0  libinit2.o(.ARM.Collect$$libinit$$00000025)
    __rt_lib_shutdown                        0x000001b7   Thumb Code     0  libshutdown.o(.ARM.Collect$$libshutdown$$00000000)
    __rt_lib_shutdown_cpp_1                  0x000001b9   Thumb Code     0  libshutdown2.o(.ARM.Collect$$libshutdown$$00000004)
    __rt_lib_shutdown_fini_1                 0x000001b9   Thumb Code     0  libshutdown2.o(.ARM.Collect$$libshutdown$$00000002)
    __rt_lib_shutdown_fp_trap_1              0x000001b9   Thumb Code     0  libshutdown2.o(.ARM.Collect$$libshutdown$$00000009)
    __rt_lib_shutdown_heap_1                 0x000001b9   Thumb Code     0  libshutdown2.o(.ARM.Collect$$libshutdown$$00000011)
    __rt_lib_shutdown_return                 0x000001b9   Thumb Code     0  libshutdown2.o(.ARM.Collect$$libshutdown$$00000012)
    __rt_lib_shutdown_signal_1               0x000001b9   Thumb Code     0  libshutdown2.o(.ARM.Collect$$libshutdown$$0000000C)
    __rt_lib_shutdown_stdio_1                0x000001b9   Thumb Code     0  libshutdown2.o(.ARM.Collect$$libshutdown$$00000006)
    __rt_lib_shutdown_user_alloc_1           0x000001b9   Thumb Code     0  libshutdown2.o(.ARM.Collect$$libshutdown$$0000000E)
    __rt_entry                               0x000001bb   Thumb Code     0  __rtentry.o(.ARM.Collect$$rtentry$$00000000)
    __rt_entry_presh_1                       0x000001bb   Thumb Code     0  __rtentry2.o(.ARM.Collect$$rtentry$$00000002)
    __rt_entry_sh                            0x000001bb   Thumb Code     0  __rtentry4.o(.ARM.Collect$$rtentry$$00000004)
    __rt_entry_li                            0x000001c1   Thumb Code     0  __rtentry2.o(.ARM.Collect$$rtentry$$0000000A)
    __rt_entry_postsh_1                      0x000001c1   Thumb Code     0  __rtentry2.o(.ARM.Collect$$rtentry$$00000009)
    __rt_entry_main                          0x000001c5   Thumb Code     0  __rtentry2.o(.ARM.Collect$$rtentry$$0000000D)
    __rt_entry_postli_1                      0x000001c5   Thumb Code     0  __rtentry2.o(.ARM.Collect$$rtentry$$0000000C)
    __rt_exit                                0x000001cd   Thumb Code     0  rtexit.o(.ARM.Collect$$rtexit$$00000000)
    __rt_exit_ls                             0x000001cf   Thumb Code     0  rtexit2.o(.ARM.Collect$$rtexit$$00000003)
    __rt_exit_prels_1                        0x000001cf   Thumb Code     0  rtexit2.o(.ARM.Collect$$rtexit$$00000002)
    __rt_exit_exit                           0x000001d3   Thumb Code     0  rtexit2.o(.ARM.Collect$$rtexit$$00000004)
    rand                                     0x000001d9   Thumb Code    48  rand.o(.emb_text)
    Reset_Handler                            0x0000020d   Thumb Code     4  startup_lpc17xx.o(.text)
    NMI_Handler                              0x00000211   Thumb Code     2  startup_lpc17xx.o(.text)
    HardFault_Handler                        0x00000213   Thumb Code     2  startup_lpc17xx.o(.text)
    MemManage_Handler                        0x00000215   Thumb Code     2  startup_lpc17xx.o(.text)
    BusFault_Handler                         0x00000217   Thumb Code     2  startup_lpc17xx.o(.text)
    UsageFault_Handler                       0x00000219   Thumb Code     2  startup_lpc17xx.o(.text)
    SVC_Handler                              0x0000021b   Thumb Code     2  startup_lpc17xx.o(.text)
    DebugMon_Handler                         0x0000021d   Thumb Code     2  startup_lpc17xx.o(.text)
    PendSV_Handler                           0x0000021f   Thumb Code     2  startup_lpc17xx.o(.text)
    SysTick_Handler                          0x00000221   Thumb Code     2  startup_lpc17xx.o(.text)
    BOD_IRQHandler                           0x00000223   Thumb Code     0  startup_lpc17xx.o(.text)
    CANActivity_IRQHandler                   0x00000223   Thumb Code     0  startup_lpc17xx.o(.text)
    CAN_IRQHandler                           0x00000223   Thumb Code     0  startup_lpc17xx.o(.text)
    DMA_IRQHandler                           0x00000223   Thumb Code     0  startup_lpc17xx.o(.text)
    EINT3_IRQHandler                         0x00000223   Thumb Code     0  startup_lpc17xx.o(.text)
    ENET_IRQHandler                          0x00000223   Thumb Code     0  startup_lpc17xx.o(.text)
    I2C0_IRQHandler                          0x00000223   Thumb Code     0  startup_lpc17xx.o(.text)
    I2C1_IRQHandler                          0x00000223   Thumb Code     0  startup_lpc17xx.o(.text)
    I2C2_IRQHandler                          0x00000223   Thumb Code     0  startup_lpc17xx.o(.text)
    I2S_IRQHandler                           0x00000223   Thumb Code     0  startup_lpc17xx.o(.text)
    MCPWM_IRQHandler                         0x00000223   Thumb Code     0  startup_lpc17xx.o(.text)
    PLL0_IRQHandler                          0x00000223   Thumb Code     0  startup_lpc17xx.o(.text)
    PLL1_IRQHandler                          0x00000223   Thumb Code     0  startup_lpc17xx.o(.text)
    PWM1_IRQHandler                          0x00000223   Thumb Code     0  startup_lpc17xx.o(.text)
    QEI_IRQHandler                           0x00000223   Thumb Code     0  startup_lpc17xx.o(.text)
    RTC_IRQHandler                           0x00000223   Thumb Code     0  startup_lpc17xx.o(.text)
    SPI_IRQHandler                           0x00000223   Thumb Code     0  startup_lpc17xx.o(.text)
    SSP0_IRQHandler                          0x00000223   Thumb Code     0  startup_lpc17xx.o(.text)
    SSP1_IRQHandler                          0x00000223   Thumb Code     0  startup_lpc17xx.o(.text)
    UART0_IRQHandler                         0x00000223   Thumb Code     0  startup_lpc17xx.o(.text)
    UART1_IRQHandler                         0x00000223   Thumb Code     0  startup_lpc17xx.o(.text)
    UART2_IRQHandler                         0x00000223   Thumb Code     0  startup_lpc17xx.o(.text)
    UART3_IRQHandler                         0x00000223   Thumb Code     0  startup_lpc17xx.o(.text)
    USBActivity_IRQHandler                   0x00000223   Thumb Code     0  startup_lpc17xx.o(.text)
    USB_IRQHandler                           0x00000223   Thumb Code     0  startup_lpc17xx.o(.text)
    WDT_IRQHandler                           0x00000223   Thumb Code     0  startup_lpc17xx.o(.text)
    __user_initial_stackheap                 0x00000225   Thumb Code     0  startup_lpc17xx.o(.text)
    GetASCIICode                             0x00000241   Thumb Code    16  asciilib.o(.text)
    RIT_IRQHandler                           0x00000255   Thumb Code    22  irq_rit.o(.text)
    RIT_enable                               0x00000271   Thumb Code    12  lib_rit.o(.text)
    RIT_disable                              0x0000027d   Thumb Code    12  lib_rit.o(.text)
    RIT_reset                                0x00000289   Thumb Code     8  lib_rit.o(.text)
    RIT_init                                 0x00000291   Thumb Code    72  lib_rit.o(.text)
    RIT_set_callable                         0x000002d9   Thumb Code     6  lib_rit.o(.text)
    RIT_get_callable                         0x000002df   Thumb Code     6  lib_rit.o(.text)
    __use_two_region_memory                  0x000002f5   Thumb Code     2  heapauxi.o(.text)
    __rt_heap_escrow$2region                 0x000002f7   Thumb Code     2  heapauxi.o(.text)
    __rt_heap_expand$2region                 0x000002f9   Thumb Code     2  heapauxi.o(.text)
    __I$use$semihosting                      0x000002fb   Thumb Code     0  use_no_semi.o(.text)
    __use_no_semihosting_swi                 0x000002fb   Thumb Code     2  use_no_semi.o(.text)
    sel_callable                             0x00000301   Thumb Code    34  sample.o(.text)
    left_callable                            0x00000323   Thumb Code    28  sample.o(.text)
    right_callable                           0x0000033f   Thumb Code    28  sample.o(.text)
    adc_potentiometer_consumer               0x0000035b   Thumb Code    38  sample.o(.text)
    click_listener                           0x00000381   Thumb Code    36  sample.o(.text)
    main                                     0x000003a5   Thumb Code   278  sample.o(.text)
    SystemInit                               0x000004f1   Thumb Code   364  system_lpc17xx.o(.text)
    run_mr                                   0x00000681   Thumb Code   122  irq_timer.o(.text)
    TIMER0_IRQHandler                        0x000006fb   Thumb Code    92  irq_timer.o(.text)
    TIMER1_IRQHandler                        0x00000757   Thumb Code    90  irq_timer.o(.text)
    TIMER2_IRQHandler                        0x000007b1   Thumb Code    90  irq_timer.o(.text)
    TIMER3_IRQHandler                        0x0000080b   Thumb Code    90  irq_timer.o(.text)
    TIMER_init                               0x00000881   Thumb Code    94  lib_timer.o(.text)
    TIMER_enable                             0x000008df   Thumb Code    40  lib_timer.o(.text)
    TIMER_disable                            0x00000907   Thumb Code    40  lib_timer.o(.text)
    TIMER_reset                              0x0000092f   Thumb Code    40  lib_timer.o(.text)
    TIMER_match_reg                          0x00000957   Thumb Code   130  lib_timer.o(.text)
    TIMER_match_reg_millis                   0x000009d9   Thumb Code    18  lib_timer.o(.text)
    TIMER_set_callable                       0x000009eb   Thumb Code    14  lib_timer.o(.text)
    TIMER_get_callable                       0x000009f9   Thumb Code    14  lib_timer.o(.text)
    TIMER_get_match_reg_update_val           0x00000a07   Thumb Code    12  lib_timer.o(.text)
    LCD_Initialization                       0x00000e4d   Thumb Code  6384  glcd.o(.text)
    LCD_Clear                                0x0000273d   Thumb Code  1154  glcd.o(.text)
    LCD_GetPoint                             0x00002bbf   Thumb Code   596  glcd.o(.text)
    LCD_SetPoint                             0x00002e13   Thumb Code   134  glcd.o(.text)
    LCD_DrawLine                             0x00002e99   Thumb Code   218  glcd.o(.text)
    PutChar                                  0x00002f73   Thumb Code    92  glcd.o(.text)
    GUI_Text                                 0x00002fcf   Thumb Code    70  glcd.o(.text)
    JOY_init                                 0x00003031   Thumb Code    90  lib_joystick.o(.text)
    check_for_joystick_pressed               0x0000308b   Thumb Code   154  lib_joystick.o(.text)
    JOY_get_callable                         0x00003125   Thumb Code     8  lib_joystick.o(.text)
    JOY_run_directions                       0x0000312d   Thumb Code   164  lib_joystick.o(.text)
    JOY_set_callable                         0x000031d1   Thumb Code     8  lib_joystick.o(.text)
    LPC17xx_SPI_SetSpeed                     0x000031e9   Thumb Code    16  touchpanel.o(.text)
    TP_Init                                  0x000031f9   Thumb Code    22  touchpanel.o(.text)
    Read_X                                   0x0000322b   Thumb Code    34  touchpanel.o(.text)
    Read_Y                                   0x0000324d   Thumb Code    34  touchpanel.o(.text)
    TP_GetAdXY                               0x0000326f   Thumb Code    28  touchpanel.o(.text)
    TP_DrawPoint                             0x0000328b   Thumb Code     8  touchpanel.o(.text)
    DrawCross                                0x00003293   Thumb Code   256  touchpanel.o(.text)
    DeleteCross                              0x00003393   Thumb Code   258  touchpanel.o(.text)
    Read_Ads7846                             0x00003495   Thumb Code   290  touchpanel.o(.text)
    setCalibrationMatrix                     0x000035b7   Thumb Code   342  touchpanel.o(.text)
    getDisplayPoint                          0x0000370d   Thumb Code   166  touchpanel.o(.text)
    TouchPanel_Calibrate                     0x000037b3   Thumb Code   110  touchpanel.o(.text)
    EINT0_IRQHandler                         0x000038e1   Thumb Code    26  irq_button.o(.text)
    EINT1_IRQHandler                         0x000038fb   Thumb Code    16  irq_button.o(.text)
    EINT2_IRQHandler                         0x0000390b   Thumb Code    16  irq_button.o(.text)
    BUTTON_init                              0x00003921   Thumb Code   108  lib_button.o(.text)
    int0_callable                            0x0000398d   Thumb Code    40  lib_button.o(.text)
    key1_callable                            0x000039b5   Thumb Code    40  lib_button.o(.text)
    key2_callable                            0x000039dd   Thumb Code    40  lib_button.o(.text)
    BUTTON_enable_debouncing                 0x00003a05   Thumb Code   106  lib_button.o(.text)
    BUTTON_disable_debouncing                0x00003a6f   Thumb Code    24  lib_button.o(.text)
    ADC_IRQHandler                           0x00003ad5   Thumb Code    38  irq_adc.o(.text)
    ADC_init                                 0x00003b05   Thumb Code    52  lib_adc.o(.text)
    DAC_init                                 0x00003b39   Thumb Code    30  lib_adc.o(.text)
    DAC_set_output                           0x00003b57   Thumb Code     8  lib_adc.o(.text)
    ADC_start_conversion                     0x00003b5f   Thumb Code    12  lib_adc.o(.text)
    ADC_set_consumer                         0x00003b6b   Thumb Code     6  lib_adc.o(.text)
    ADC_get_consumer                         0x00003b71   Thumb Code     6  lib_adc.o(.text)
    render_food                              0x00003c93   Thumb Code   100  controller.o(.text)
    move_to_food                             0x00003cf7   Thumb Code    96  controller.o(.text)
    CON_init                                 0x00003d57   Thumb Code    72  controller.o(.text)
    CON_update                               0x00003d9f   Thumb Code   114  controller.o(.text)
    collision_detection                      0x00003e11   Thumb Code    62  controller.o(.text)
    CON_init_food                            0x00003e4f   Thumb Code    58  controller.o(.text)
    CON_no_food_active                       0x00003e89   Thumb Code    20  controller.o(.text)
    CON_render                               0x00003e9d   Thumb Code   328  controller.o(.text)
    CON_on_click_listener                    0x00003fe5   Thumb Code   100  controller.o(.text)
    reset_cuddling                           0x00004049   Thumb Code    24  controller.o(.text)
    reset_eating                             0x00004061   Thumb Code    24  controller.o(.text)
    CON_click_listener                       0x00004079   Thumb Code   100  controller.o(.text)
    CON_render_data                          0x000040dd   Thumb Code   372  controller.o(.text)
    TAM_init                                 0x00004301   Thumb Code   226  tamagotchi.o(.text)
    TAM_render                               0x000043e3   Thumb Code   216  tamagotchi.o(.text)
    TAM_clear_render                         0x000044bb   Thumb Code    54  tamagotchi.o(.text)
    TAM_move                                 0x000044f1   Thumb Code    16  tamagotchi.o(.text)
    TAM_update                               0x00004501   Thumb Code    32  tamagotchi.o(.text)
    song_call                                0x00004535   Thumb Code   146  sound.o(.text)
    setup_new_song                           0x000045c7   Thumb Code    72  sound.o(.text)
    SOUND_set_volume                         0x0000460f   Thumb Code     6  sound.o(.text)
    SOUND_get_volume                         0x00004615   Thumb Code     6  sound.o(.text)
    SOUND_death                              0x0000461b   Thumb Code     8  sound.o(.text)
    SOUND_click                              0x00004623   Thumb Code     6  sound.o(.text)
    SOUND_eating                             0x00004629   Thumb Code     8  sound.o(.text)
    SOUND_cuddles                            0x00004631   Thumb Code     8  sound.o(.text)
    __2sprintf                               0x00004645   Thumb Code    34  noretval__2sprintf.o(.text)
    _printf_pre_padding                      0x0000466d   Thumb Code    44  _printf_pad.o(.text)
    _printf_post_padding                     0x00004699   Thumb Code    34  _printf_pad.o(.text)
    _printf_int_dec                          0x000046bd   Thumb Code   104  _printf_dec.o(.text)
    __printf                                 0x00004735   Thumb Code   308  __printf_flags_wp.o(.text)
    div                                      0x0000486d   Thumb Code    20  div.o(.text)
    srand                                    0x00004881   Thumb Code    42  rand.o(.text)
    _rand_init                               0x000048ab   Thumb Code     4  rand.o(.text)
    __aeabi_memcpy                           0x000048bd   Thumb Code     0  rt_memcpy_v6.o(.text)
    __rt_memcpy                              0x000048bd   Thumb Code   138  rt_memcpy_v6.o(.text)
    _memcpy_lastbytes                        0x00004923   Thumb Code     0  rt_memcpy_v6.o(.text)
    __aeabi_memclr4                          0x00004947   Thumb Code     0  rt_memclr_w.o(.text)
    __aeabi_memclr8                          0x00004947   Thumb Code     0  rt_memclr_w.o(.text)
    __rt_memclr_w                            0x00004947   Thumb Code    78  rt_memclr_w.o(.text)
    _memset_w                                0x0000494b   Thumb Code     0  rt_memclr_w.o(.text)
    _printf_int_common                       0x00004995   Thumb Code   178  _printf_intcommon.o(.text)
    _printf_char_common                      0x00004a53   Thumb Code    32  _printf_char_common.o(.text)
    _sputc                                   0x00004a79   Thumb Code    10  _sputc.o(.text)
    __aeabi_memcpy4                          0x00004a83   Thumb Code     0  rt_memcpy_w.o(.text)
    __aeabi_memcpy8                          0x00004a83   Thumb Code     0  rt_memcpy_w.o(.text)
    __rt_memcpy_w                            0x00004a83   Thumb Code   100  rt_memcpy_w.o(.text)
    _memcpy_lastbytes_aligned                0x00004acb   Thumb Code     0  rt_memcpy_w.o(.text)
    __read_errno                             0x00004ae7   Thumb Code    10  _rserrno.o(.text)
    __set_errno                              0x00004af1   Thumb Code    12  _rserrno.o(.text)
    __user_setup_stackheap                   0x00004afd   Thumb Code    74  sys_stackheap_outer.o(.text)
    __aeabi_errno_addr                       0x00004b49   Thumb Code     8  rt_errno_addr_intlibspace.o(.text)
    __errno$intlibspace                      0x00004b49   Thumb Code     0  rt_errno_addr_intlibspace.o(.text)
    __rt_errno_addr$intlibspace              0x00004b49   Thumb Code     0  rt_errno_addr_intlibspace.o(.text)
    exit                                     0x00004b51   Thumb Code    18  exit.o(.text)
    __user_libspace                          0x00004b65   Thumb Code     8  libspace.o(.text)
    __user_perproc_libspace                  0x00004b65   Thumb Code     0  libspace.o(.text)
    __user_perthread_libspace                0x00004b65   Thumb Code     0  libspace.o(.text)
    __semihosting_library_function           0x00004b6d   Thumb Code     0  indicate_semi.o(.text)
    _sys_exit                                0x00004b6d   Thumb Code     8  sys_exit.o(.text)
    _is_digit                                0x00004b79   Thumb Code    14  __printf_wp.o(i._is_digit)
    sqrt                                     0x00004b87   Thumb Code    76  sqrt.o(i.sqrt)
    sqrtl                                    0x00004bd3   Thumb Code     4  sqrtl.o(i.sqrtl)
    __aeabi_dadd                             0x00004bd9   Thumb Code     0  daddsub_clz.o(x$fpl$dadd)
    _dadd                                    0x00004bd9   Thumb Code   332  daddsub_clz.o(x$fpl$dadd)
    __fpl_dcmp_Inf                           0x00004d29   Thumb Code    24  dcmpi.o(x$fpl$dcmpinf)
    __aeabi_ddiv                             0x00004d41   Thumb Code     0  ddiv.o(x$fpl$ddiv)
    _ddiv                                    0x00004d41   Thumb Code   552  ddiv.o(x$fpl$ddiv)
    __aeabi_cdcmpeq                          0x00004ff1   Thumb Code     0  deqf.o(x$fpl$deqf)
    _dcmpeq                                  0x00004ff1   Thumb Code   120  deqf.o(x$fpl$deqf)
    __aeabi_d2iz                             0x00005069   Thumb Code     0  dfix.o(x$fpl$dfix)
    _dfix                                    0x00005069   Thumb Code    94  dfix.o(x$fpl$dfix)
    __aeabi_d2uiz                            0x000050c9   Thumb Code     0  dfixu.o(x$fpl$dfixu)
    _dfixu                                   0x000050c9   Thumb Code    90  dfixu.o(x$fpl$dfixu)
    __aeabi_i2d                              0x00005123   Thumb Code     0  dflt_clz.o(x$fpl$dflt)
    _dflt                                    0x00005123   Thumb Code    46  dflt_clz.o(x$fpl$dflt)
    __aeabi_ui2d                             0x00005151   Thumb Code     0  dflt_clz.o(x$fpl$dfltu)
    _dfltu                                   0x00005151   Thumb Code    38  dflt_clz.o(x$fpl$dfltu)
    __aeabi_dmul                             0x00005179   Thumb Code     0  dmul.o(x$fpl$dmul)
    _dmul                                    0x00005179   Thumb Code   332  dmul.o(x$fpl$dmul)
    __fpl_dnaninf                            0x000052cd   Thumb Code   156  dnaninf.o(x$fpl$dnaninf)
    __fpl_dretinf                            0x00005369   Thumb Code    12  dretinf.o(x$fpl$dretinf)
    _dsqrt                                   0x00005375   Thumb Code   456  dsqrt_noumaal.o(x$fpl$dsqrt)
    __aeabi_dsub                             0x00005541   Thumb Code     0  daddsub_clz.o(x$fpl$dsub)
    _dsub                                    0x00005541   Thumb Code   464  daddsub_clz.o(x$fpl$dsub)
    __I$use$fp                               0x00005714   Number         0  usenofp.o(x$fpl$usenofp)
    sound_icon                               0x00005d04   Data         225  controller.o(.constdata)
    sound_volume_icon                        0x00005de5   Data         676  controller.o(.constdata)
    sin_wave                                 0x0000608a   Data         360  sound.o(.constdata)
    Region$$Table$$Base                      0x00006204   Number         0  anon$$obj.o(Region$$Table)
    Region$$Table$$Limit                     0x00006244   Number         0  anon$$obj.o(Region$$Table)
    ScaleFlag                                0x10000000   Data           1  system_lpc17xx.o(.data)
    SystemFrequency                          0x10000004   Data           4  system_lpc17xx.o(.data)
    rit_callable                             0x10000008   Data           4  lib_rit.o(.data)
    single_press                             0x1000000c   Data           1  lib_joystick.o(.data)
    AD_last                                  0x10000010   Data           2  irq_adc.o(.data)
    AD_current                               0x10000012   Data           2  irq_adc.o(.data)
    matrix                                   0x10000018   Data          56  touchpanel.o(.bss)
    ScreenSample                             0x10000050   Data          12  touchpanel.o(.bss)
    sprite_scale                             0x1000005c   Data        2652  tamagotchi.o(.bss)
    cuddle_sprite                            0x10000ab8   Data         884  tamagotchi.o(.bss)
    entity                                   0x10000e2c   Data          28  tamagotchi.o(.bss)
    enabled_timers                           0x2007c000   Data           4  lib_timer.o(.data)
    DisplaySample                            0x2007c00a   Data          12  touchpanel.o(.data)
    display                                  0x2007c016   Data           4  touchpanel.o(.data)
    adc_consumer                             0x2007c01c   Data           4  lib_adc.o(.data)
    battery                                  0x2007c020   Data        1176  controller.o(.data)
    snack                                    0x2007c4b8   Data         121  controller.o(.data)
    meal                                     0x2007c531   Data         121  controller.o(.data)
    sprite                                   0x2007c5aa   Data         663  tamagotchi.o(.data)
    cuddle_sprite_downscale                  0x2007c841   Data         221  tamagotchi.o(.data)
    click                                    0x2007c920   Data           4  sound.o(.data)
    sound_volume                             0x2007c924   Data           4  sound.o(.data)
    sin_time                                 0x2007c928   Data           4  sound.o(.data)
    curr_note                                0x2007c92c   Data           4  sound.o(.data)
    curr_exec                                0x2007c930   Data           4  sound.o(.data)
    song                                     0x2007c934   Data           4  sound.o(.data)
    song_len                                 0x2007c938   Data           4  sound.o(.data)
    death                                    0x2007c93c   Data          56  sound.o(.data)
    eating                                   0x2007c974   Data          24  sound.o(.data)
    cuddles                                  0x2007c98c   Data          76  sound.o(.data)
    callableTable                            0x2007c9d8   Data          64  lib_timer.o(.bss)
    match_reg_update_val                     0x2007ca18   Data          64  lib_timer.o(.bss)
    callable_table                           0x2007ca58   Data          20  lib_joystick.o(.bss)
    controller                               0x2007cad0   Data          52  controller.o(.bss)
    _random_number_data                      0x2007cb04   Data         228  rand.o(.bss)
    __libspace_start                         0x2007cbe8   Data          96  libspace.o(.bss)
    __temporary_stack_top$libspace           0x2007cc48   Data           0  libspace.o(.bss)



==============================================================================

Memory Map of the image

  Image Entry point : 0x000000cd

  Load Region LR_IROM1 (Base: 0x00000000, Size: 0x00006c30, Max: 0x00080000, ABSOLUTE, COMPRESSED[0x000063bc])

    Execution Region ER_IROM1 (Exec base: 0x00000000, Load base: 0x00000000, Size: 0x00006244, Max: 0x00080000, ABSOLUTE)

    Exec Addr    Load Addr    Size         Type   Attr      Idx    E Section Name        Object

    0x00000000   0x00000000   0x000000cc   Data   RO            3    RESET               startup_lpc17xx.o
    0x000000cc   0x000000cc   0x00000008   Code   RO          769  * !!!main             c_w.l(__main.o)
    0x000000d4   0x000000d4   0x00000034   Code   RO          997    !!!scatter          c_w.l(__scatter.o)
    0x00000108   0x00000108   0x00000064   Code   RO          995    !!dclz77c           c_w.l(__dclz77c.o)
    0x0000016c   0x0000016c   0x0000001a   Code   RO          999    !!handler_copy      c_w.l(__scatter_copy.o)
    0x00000186   0x00000186   0x00000002   PAD
    0x00000188   0x00000188   0x0000001c   Code   RO         1001    !!handler_zi        c_w.l(__scatter_zi.o)
    0x000001a4   0x000001a4   0x00000000   Code   RO          755    .ARM.Collect$$_printf_percent$$00000000  c_w.l(_printf_percent.o)
    0x000001a4   0x000001a4   0x00000006   Code   RO          754    .ARM.Collect$$_printf_percent$$00000009  c_w.l(_printf_d.o)
    0x000001aa   0x000001aa   0x00000004   Code   RO          808    .ARM.Collect$$_printf_percent$$00000017  c_w.l(_printf_percent_end.o)
    0x000001ae   0x000001ae   0x00000002   Code   RO          916    .ARM.Collect$$libinit$$00000000  c_w.l(libinit.o)
    0x000001b0   0x000001b0   0x00000000   Code   RO          812    .ARM.Collect$$libinit$$00000002  c_w.l(libinit2.o)
    0x000001b0   0x000001b0   0x00000000   Code   RO          814    .ARM.Collect$$libinit$$00000004  c_w.l(libinit2.o)
    0x000001b0   0x000001b0   0x00000000   Code   RO          817    .ARM.Collect$$libinit$$0000000A  c_w.l(libinit2.o)
    0x000001b0   0x000001b0   0x00000000   Code   RO          819    .ARM.Collect$$libinit$$0000000C  c_w.l(libinit2.o)
    0x000001b0   0x000001b0   0x00000004   Code   RO          820    .ARM.Collect$$libinit$$0000000D  c_w.l(libinit2.o)
    0x000001b4   0x000001b4   0x00000000   Code   RO          821    .ARM.Collect$$libinit$$0000000E  c_w.l(libinit2.o)
    0x000001b4   0x000001b4   0x00000000   Code   RO          824    .ARM.Collect$$libinit$$00000011  c_w.l(libinit2.o)
    0x000001b4   0x000001b4   0x00000000   Code   RO          826    .ARM.Collect$$libinit$$00000013  c_w.l(libinit2.o)
    0x000001b4   0x000001b4   0x00000000   Code   RO          828    .ARM.Collect$$libinit$$00000015  c_w.l(libinit2.o)
    0x000001b4   0x000001b4   0x00000000   Code   RO          830    .ARM.Collect$$libinit$$00000017  c_w.l(libinit2.o)
    0x000001b4   0x000001b4   0x00000000   Code   RO          832    .ARM.Collect$$libinit$$00000019  c_w.l(libinit2.o)
    0x000001b4   0x000001b4   0x00000000   Code   RO          834    .ARM.Collect$$libinit$$0000001B  c_w.l(libinit2.o)
    0x000001b4   0x000001b4   0x00000000   Code   RO          836    .ARM.Collect$$libinit$$0000001D  c_w.l(libinit2.o)
    0x000001b4   0x000001b4   0x00000000   Code   RO          838    .ARM.Collect$$libinit$$0000001F  c_w.l(libinit2.o)
    0x000001b4   0x000001b4   0x00000000   Code   RO          840    .ARM.Collect$$libinit$$00000021  c_w.l(libinit2.o)
    0x000001b4   0x000001b4   0x00000000   Code   RO          842    .ARM.Collect$$libinit$$00000023  c_w.l(libinit2.o)
    0x000001b4   0x000001b4   0x00000000   Code   RO          844    .ARM.Collect$$libinit$$00000025  c_w.l(libinit2.o)
    0x000001b4   0x000001b4   0x00000000   Code   RO          848    .ARM.Collect$$libinit$$0000002C  c_w.l(libinit2.o)
    0x000001b4   0x000001b4   0x00000000   Code   RO          850    .ARM.Collect$$libinit$$0000002E  c_w.l(libinit2.o)
    0x000001b4   0x000001b4   0x00000000   Code   RO          852    .ARM.Collect$$libinit$$00000030  c_w.l(libinit2.o)
    0x000001b4   0x000001b4   0x00000000   Code   RO          854    .ARM.Collect$$libinit$$00000032  c_w.l(libinit2.o)
    0x000001b4   0x000001b4   0x00000002   Code   RO          855    .ARM.Collect$$libinit$$00000033  c_w.l(libinit2.o)
    0x000001b6   0x000001b6   0x00000002   Code   RO          954    .ARM.Collect$$libshutdown$$00000000  c_w.l(libshutdown.o)
    0x000001b8   0x000001b8   0x00000000   Code   RO          960    .ARM.Collect$$libshutdown$$00000002  c_w.l(libshutdown2.o)
    0x000001b8   0x000001b8   0x00000000   Code   RO          962    .ARM.Collect$$libshutdown$$00000004  c_w.l(libshutdown2.o)
    0x000001b8   0x000001b8   0x00000000   Code   RO          964    .ARM.Collect$$libshutdown$$00000006  c_w.l(libshutdown2.o)
    0x000001b8   0x000001b8   0x00000000   Code   RO          967    .ARM.Collect$$libshutdown$$00000009  c_w.l(libshutdown2.o)
    0x000001b8   0x000001b8   0x00000000   Code   RO          970    .ARM.Collect$$libshutdown$$0000000C  c_w.l(libshutdown2.o)
    0x000001b8   0x000001b8   0x00000000   Code   RO          972    .ARM.Collect$$libshutdown$$0000000E  c_w.l(libshutdown2.o)
    0x000001b8   0x000001b8   0x00000000   Code   RO          975    .ARM.Collect$$libshutdown$$00000011  c_w.l(libshutdown2.o)
    0x000001b8   0x000001b8   0x00000002   Code   RO          976    .ARM.Collect$$libshutdown$$00000012  c_w.l(libshutdown2.o)
    0x000001ba   0x000001ba   0x00000000   Code   RO          801    .ARM.Collect$$rtentry$$00000000  c_w.l(__rtentry.o)
    0x000001ba   0x000001ba   0x00000000   Code   RO          872    .ARM.Collect$$rtentry$$00000002  c_w.l(__rtentry2.o)
    0x000001ba   0x000001ba   0x00000006   Code   RO          884    .ARM.Collect$$rtentry$$00000004  c_w.l(__rtentry4.o)
    0x000001c0   0x000001c0   0x00000000   Code   RO          874    .ARM.Collect$$rtentry$$00000009  c_w.l(__rtentry2.o)
    0x000001c0   0x000001c0   0x00000004   Code   RO          875    .ARM.Collect$$rtentry$$0000000A  c_w.l(__rtentry2.o)
    0x000001c4   0x000001c4   0x00000000   Code   RO          877    .ARM.Collect$$rtentry$$0000000C  c_w.l(__rtentry2.o)
    0x000001c4   0x000001c4   0x00000008   Code   RO          878    .ARM.Collect$$rtentry$$0000000D  c_w.l(__rtentry2.o)
    0x000001cc   0x000001cc   0x00000002   Code   RO          922    .ARM.Collect$$rtexit$$00000000  c_w.l(rtexit.o)
    0x000001ce   0x000001ce   0x00000000   Code   RO          934    .ARM.Collect$$rtexit$$00000002  c_w.l(rtexit2.o)
    0x000001ce   0x000001ce   0x00000004   Code   RO          935    .ARM.Collect$$rtexit$$00000003  c_w.l(rtexit2.o)
    0x000001d2   0x000001d2   0x00000006   Code   RO          936    .ARM.Collect$$rtexit$$00000004  c_w.l(rtexit2.o)
    0x000001d8   0x000001d8   0x00000034   Code   RO          758    .emb_text           c_w.l(rand.o)
    0x0000020c   0x0000020c   0x00000034   Code   RO            5    .text               startup_lpc17xx.o
    0x00000240   0x00000240   0x00000014   Code   RO          220    .text               asciilib.o
    0x00000254   0x00000254   0x0000001c   Code   RO          272    .text               irq_rit.o
    0x00000270   0x00000270   0x00000084   Code   RO          305    .text               lib_rit.o
    0x000002f4   0x000002f4   0x00000006   Code   RO          767    .text               c_w.l(heapauxi.o)
    0x000002fa   0x000002fa   0x00000002   Code   RO          930    .text               c_w.l(use_no_semi.o)
    0x000002fc   0x000002fc   0x00000004   Code   RO            4    .ARM.__at_0x02FC    startup_lpc17xx.o
    0x00000300   0x00000300   0x000001f0   Code   RO           16    .text               sample.o
    0x000004f0   0x000004f0   0x00000190   Code   RO          124    .text               system_lpc17xx.o
    0x00000680   0x00000680   0x00000200   Code   RO          151    .text               irq_timer.o
    0x00000880   0x00000880   0x000001e0   Code   RO          191    .text               lib_timer.o
    0x00000a60   0x00000a60   0x000025d0   Code   RO          243    .text               glcd.o
    0x00003030   0x00003030   0x000001b8   Code   RO          398    .text               lib_joystick.o
    0x000031e8   0x000031e8   0x000006f8   Code   RO          433    .text               touchpanel.o
    0x000038e0   0x000038e0   0x00000040   Code   RO          469    .text               irq_button.o
    0x00003920   0x00003920   0x000001b4   Code   RO          505    .text               lib_button.o
    0x00003ad4   0x00003ad4   0x00000030   Code   RO          531    .text               irq_adc.o
    0x00003b04   0x00003b04   0x00000094   Code   RO          570    .text               lib_adc.o
    0x00003b98   0x00003b98   0x00000768   Code   RO          597    .text               controller.o
    0x00004300   0x00004300   0x00000234   Code   RO          669    .text               tamagotchi.o
    0x00004534   0x00004534   0x00000110   Code   RO          694    .text               sound.o
    0x00004644   0x00004644   0x00000028   Code   RO          726    .text               c_w.l(noretval__2sprintf.o)
    0x0000466c   0x0000466c   0x0000004e   Code   RO          730    .text               c_w.l(_printf_pad.o)
    0x000046ba   0x000046ba   0x00000002   PAD
    0x000046bc   0x000046bc   0x00000078   Code   RO          732    .text               c_w.l(_printf_dec.o)
    0x00004734   0x00004734   0x00000138   Code   RO          746    .text               c_w.l(__printf_flags_wp.o)
    0x0000486c   0x0000486c   0x00000014   Code   RO          756    .text               c_w.l(div.o)
    0x00004880   0x00004880   0x0000003c   Code   RO          759    .text               c_w.l(rand.o)
    0x000048bc   0x000048bc   0x0000008a   Code   RO          763    .text               c_w.l(rt_memcpy_v6.o)
    0x00004946   0x00004946   0x0000004e   Code   RO          765    .text               c_w.l(rt_memclr_w.o)
    0x00004994   0x00004994   0x000000b2   Code   RO          802    .text               c_w.l(_printf_intcommon.o)
    0x00004a46   0x00004a46   0x00000002   PAD
    0x00004a48   0x00004a48   0x00000030   Code   RO          804    .text               c_w.l(_printf_char_common.o)
    0x00004a78   0x00004a78   0x0000000a   Code   RO          806    .text               c_w.l(_sputc.o)
    0x00004a82   0x00004a82   0x00000064   Code   RO          809    .text               c_w.l(rt_memcpy_w.o)
    0x00004ae6   0x00004ae6   0x00000016   Code   RO          886    .text               c_w.l(_rserrno.o)
    0x00004afc   0x00004afc   0x0000004a   Code   RO          898    .text               c_w.l(sys_stackheap_outer.o)
    0x00004b46   0x00004b46   0x00000002   PAD
    0x00004b48   0x00004b48   0x00000008   Code   RO          903    .text               c_w.l(rt_errno_addr_intlibspace.o)
    0x00004b50   0x00004b50   0x00000012   Code   RO          905    .text               c_w.l(exit.o)
    0x00004b62   0x00004b62   0x00000002   PAD
    0x00004b64   0x00004b64   0x00000008   Code   RO          919    .text               c_w.l(libspace.o)
    0x00004b6c   0x00004b6c   0x00000000   Code   RO          932    .text               c_w.l(indicate_semi.o)
    0x00004b6c   0x00004b6c   0x0000000c   Code   RO          946    .text               c_w.l(sys_exit.o)
    0x00004b78   0x00004b78   0x0000000e   Code   RO          744    i._is_digit         c_w.l(__printf_wp.o)
    0x00004b86   0x00004b86   0x0000004c   Code   RO          864    i.sqrt              m_ws.l(sqrt.o)
    0x00004bd2   0x00004bd2   0x00000004   Code   RO          799    i.sqrtl             m_ws.l(sqrtl.o)
    0x00004bd6   0x00004bd6   0x00000002   PAD
    0x00004bd8   0x00004bd8   0x00000150   Code   RO          771    x$fpl$dadd          fz_ws.l(daddsub_clz.o)
    0x00004d28   0x00004d28   0x00000018   Code   RO          856    x$fpl$dcmpinf       fz_ws.l(dcmpi.o)
    0x00004d40   0x00004d40   0x000002b0   Code   RO          778    x$fpl$ddiv          fz_ws.l(ddiv.o)
    0x00004ff0   0x00004ff0   0x00000078   Code   RO          781    x$fpl$deqf          fz_ws.l(deqf.o)
    0x00005068   0x00005068   0x0000005e   Code   RO          783    x$fpl$dfix          fz_ws.l(dfix.o)
    0x000050c6   0x000050c6   0x00000002   PAD
    0x000050c8   0x000050c8   0x0000005a   Code   RO          787    x$fpl$dfixu         fz_ws.l(dfixu.o)
    0x00005122   0x00005122   0x0000002e   Code   RO          792    x$fpl$dflt          fz_ws.l(dflt_clz.o)
    0x00005150   0x00005150   0x00000026   Code   RO          791    x$fpl$dfltu         fz_ws.l(dflt_clz.o)
    0x00005176   0x00005176   0x00000002   PAD
    0x00005178   0x00005178   0x00000154   Code   RO          797    x$fpl$dmul          fz_ws.l(dmul.o)
    0x000052cc   0x000052cc   0x0000009c   Code   RO          858    x$fpl$dnaninf       fz_ws.l(dnaninf.o)
    0x00005368   0x00005368   0x0000000c   Code   RO          860    x$fpl$dretinf       fz_ws.l(dretinf.o)
    0x00005374   0x00005374   0x000001cc   Code   RO          894    x$fpl$dsqrt         fz_ws.l(dsqrt_noumaal.o)
    0x00005540   0x00005540   0x000001d4   Code   RO          773    x$fpl$dsub          fz_ws.l(daddsub_clz.o)
    0x00005714   0x00005714   0x00000000   Code   RO          862    x$fpl$usenofp       fz_ws.l(usenofp.o)
    0x00005714   0x00005714   0x000005f0   Data   RO          221    .constdata          asciilib.o
    0x00005d04   0x00005d04   0x00000385   Data   RO          599    .constdata          controller.o
    0x00006089   0x00006089   0x00000001   PAD
    0x0000608a   0x0000608a   0x00000168   Data   RO          695    .constdata          sound.o
    0x000061f2   0x000061f2   0x00000011   Data   RO          747    .constdata          c_w.l(__printf_flags_wp.o)
    0x00006203   0x00006203   0x00000001   PAD
    0x00006204   0x00006204   0x00000040   Data   RO          993    Region$$Table       anon$$obj.o


    Execution Region RW_IRAM1 (Exec base: 0x10000000, Load base: 0x00006244, Size: 0x00000e48, Max: 0x00008000, ABSOLUTE)

    Exec Addr    Load Addr    Size         Type   Attr      Idx    E Section Name        Object

    0x10000000   0x00006244   0x00000008   Data   RW          125    .data               system_lpc17xx.o
    0x10000008   0x0000624c   0x00000004   Data   RW          306    .data               lib_rit.o
    0x1000000c   0x00006250   0x00000003   Data   RW          400    .data               lib_joystick.o
    0x1000000f   0x00006253   0x00000001   Data   RW          506    .data               lib_button.o
    0x10000010   0x00006254   0x00000004   Data   RW          532    .data               irq_adc.o
    0x10000014   0x00006258   0x00000004   PAD
    0x10000018        -       0x00000044   Zero   RW          434    .bss                touchpanel.o
    0x1000005c        -       0x00000dec   Zero   RW          670    .bss                tamagotchi.o


    Execution Region RW_IRAM2 (Exec base: 0x2007c000, Load base: 0x00006258, Size: 0x00000e48, Max: 0x00008000, ABSOLUTE, COMPRESSED[0x00000164])

    Exec Addr    Load Addr    Size         Type   Attr      Idx    E Section Name        Object

    0x2007c000   COMPRESSED   0x00000004   Data   RW          193    .data               lib_timer.o
    0x2007c004   COMPRESSED   0x00000001   Data   RW          244    .data               glcd.o
    0x2007c005   COMPRESSED   0x00000001   PAD
    0x2007c006   COMPRESSED   0x00000010   Data   RW          435    .data               touchpanel.o
    0x2007c016   COMPRESSED   0x00000004   Data   RW          436    .data               touchpanel.o
    0x2007c01a   COMPRESSED   0x00000002   PAD
    0x2007c01c   COMPRESSED   0x00000004   Data   RW          571    .data               lib_adc.o
    0x2007c020   COMPRESSED   0x0000058a   Data   RW          600    .data               controller.o
    0x2007c5aa   COMPRESSED   0x00000374   Data   RW          671    .data               tamagotchi.o
    0x2007c91e   COMPRESSED   0x00000002   PAD
    0x2007c920   COMPRESSED   0x000000b8   Data   RW          696    .data               sound.o
    0x2007c9d8        -       0x00000080   Zero   RW          192    .bss                lib_timer.o
    0x2007ca58        -       0x00000014   Zero   RW          399    .bss                lib_joystick.o
    0x2007ca6c        -       0x00000098   Zero   RW          598    .bss                controller.o
    0x2007cb04        -       0x000000e4   Zero   RW          760    .bss                c_w.l(rand.o)
    0x2007cbe8        -       0x00000060   Zero   RW          920    .bss                c_w.l(libspace.o)
    0x2007cc48        -       0x00000000   Zero   RW            2    HEAP                startup_lpc17xx.o
    0x2007cc48        -       0x00000200   Zero   RW            1    STACK               startup_lpc17xx.o


==============================================================================

Image component sizes


      Code (inc. data)   RO Data    RW Data    ZI Data      Debug   Object Name

        20          4       1520          0          0       1143   asciilib.o
      1896        200        901       1418        152       7922   controller.o
      9680         62          0          1          0      46483   glcd.o
        48         10          0          4          0       1330   irq_adc.o
        64          6          0          0          0       1281   irq_button.o
        28          6          0          0          0       1001   irq_rit.o
       512         28          0          0          0      19781   irq_timer.o
       148         34          0          4          0       1673   lib_adc.o
       436         20          0          1          0       2363   lib_button.o
       440         16          0          3         20       3971   lib_joystick.o
       132         16          0          4          0       1681   lib_rit.o
       480         20          0          4        128      30911   lib_timer.o
       496         54          0          0          0       8882   sample.o
       272         12        360        184          0       3410   sound.o
        56         22        204          0        512       1120   startup_lpc17xx.o
       400         36          0          8          0       1145   system_lpc17xx.o
       564         20          0        884       3564       2722   tamagotchi.o
      1784         66          0         20         68       6536   touchpanel.o

    ----------------------------------------------------------------------
     17456        632       3050       2540       4448     143355   Object Totals
         0          0         64          0          0          0   (incl. Generated)
         0          0          1          5          4          0   (incl. Padding)

    ----------------------------------------------------------------------

      Code (inc. data)   RO Data    RW Data    ZI Data      Debug   Library Member Name

       100          0          0          0          0          0   __dclz77c.o
         8          0          0          0          0         68   __main.o
       312          4         17          0          0         92   __printf_flags_wp.o
        14          0          0          0          0         68   __printf_wp.o
         0          0          0          0          0          0   __rtentry.o
        12          0          0          0          0          0   __rtentry2.o
         6          0          0          0          0          0   __rtentry4.o
        52          8          0          0          0          0   __scatter.o
        26          0          0          0          0          0   __scatter_copy.o
        28          0          0          0          0          0   __scatter_zi.o
        48          6          0          0          0         96   _printf_char_common.o
         6          0          0          0          0          0   _printf_d.o
       120         16          0          0          0         92   _printf_dec.o
       178          0          0          0          0         88   _printf_intcommon.o
        78          0          0          0          0        108   _printf_pad.o
         0          0          0          0          0          0   _printf_percent.o
         4          0          0          0          0          0   _printf_percent_end.o
        22          0          0          0          0        100   _rserrno.o
        10          0          0          0          0         68   _sputc.o
        20          0          0          0          0         76   div.o
        18          0          0          0          0         80   exit.o
         6          0          0          0          0        152   heapauxi.o
         0          0          0          0          0          0   indicate_semi.o
         2          0          0          0          0          0   libinit.o
         6          0          0          0          0          0   libinit2.o
         2          0          0          0          0          0   libshutdown.o
         2          0          0          0          0          0   libshutdown2.o
         8          4          0          0         96         68   libspace.o
        40          6          0          0          0         84   noretval__2sprintf.o
       112         18          0          0        228        160   rand.o
         8          4          0          0          0         68   rt_errno_addr_intlibspace.o
        78          0          0          0          0         80   rt_memclr_w.o
       138          0          0          0          0         68   rt_memcpy_v6.o
       100          0          0          0          0         80   rt_memcpy_w.o
         2          0          0          0          0          0   rtexit.o
        10          0          0          0          0          0   rtexit2.o
        12          4          0          0          0         68   sys_exit.o
        74          0          0          0          0         80   sys_stackheap_outer.o
         2          0          0          0          0         68   use_no_semi.o
       804         16          0          0          0        272   daddsub_clz.o
        24          0          0          0          0         68   dcmpi.o
       688        140          0          0          0        208   ddiv.o
       120          4          0          0          0         92   deqf.o
        94          4          0          0          0         92   dfix.o
        90          4          0          0          0         92   dfixu.o
        84          0          0          0          0        136   dflt_clz.o
       340         12          0          0          0        104   dmul.o
       156          4          0          0          0         92   dnaninf.o
        12          0          0          0          0         68   dretinf.o
       460         56          0          0          0        120   dsqrt_noumaal.o
         0          0          0          0          0          0   usenofp.o
        76          0          0          0          0         84   sqrt.o
         4          0          0          0          0         68   sqrtl.o

    ----------------------------------------------------------------------
      4632        310         18          0        324       3408   Library Totals
        16          0          1          0          0          0   (incl. Padding)

    ----------------------------------------------------------------------

      Code (inc. data)   RO Data    RW Data    ZI Data      Debug   Library Name

      1664         70         17          0        324       1912   c_w.l
      2872        240          0          0          0       1344   fz_ws.l
        80          0          0          0          0        152   m_ws.l

    ----------------------------------------------------------------------
      4632        310         18          0        324       3408   Library Totals

    ----------------------------------------------------------------------

==============================================================================


      Code (inc. data)   RO Data    RW Data    ZI Data      Debug   

     22088        942       3068       2540       4772     143551   Grand Totals
     22088        942       3068        376       4772     143551   ELF Image Totals (compressed)
     22088        942       3068        376          0          0   ROM Totals

==============================================================================

    Total RO  Size (Code + RO Data)                25156 (  24.57kB)
    Total RW  Size (RW Data + ZI Data)              7312 (   7.14kB)
    Total ROM Size (Code + RO Data + RW Data)      25532 (  24.93kB)

==============================================================================

