Component: ARM Compiler 5.06 update 7 (build 960) Tool: armlink [4d3601]

==============================================================================

Section Cross References

    startup_lpc17xx.o(STACK) refers (Special) to heapauxi.o(.text) for __use_two_region_memory
    startup_lpc17xx.o(HEAP) refers (Special) to heapauxi.o(.text) for __use_two_region_memory
    startup_lpc17xx.o(RESET) refers (Special) to heapauxi.o(.text) for __use_two_region_memory
    startup_lpc17xx.o(RESET) refers to startup_lpc17xx.o(STACK) for __initial_sp
    startup_lpc17xx.o(RESET) refers to startup_lpc17xx.o(.text) for Reset_Handler
    startup_lpc17xx.o(RESET) refers to irq_timer.o(.text) for TIMER0_IRQHandler
    startup_lpc17xx.o(RESET) refers to irq_rit.o(.text) for RIT_IRQHandler
    startup_lpc17xx.o(.ARM.__at_0x02FC) refers (Special) to heapauxi.o(.text) for __use_two_region_memory
    startup_lpc17xx.o(.text) refers (Special) to heapauxi.o(.text) for __use_two_region_memory
    startup_lpc17xx.o(.text) refers to __main.o(!!!main) for __main
    startup_lpc17xx.o(.text) refers to startup_lpc17xx.o(HEAP) for Heap_Mem
    startup_lpc17xx.o(.text) refers to startup_lpc17xx.o(STACK) for Stack_Mem
    sample.o(.text) refers to system_lpc17xx.o(.text) for SystemInit
    sample.o(.text) refers to glcd.o(.text) for LCD_Initialization
    sample.o(.text) refers to touchpanel.o(.text) for TP_Init
    sample.o(.text) refers to controller.o(.text) for CON_init
    sample.o(.text) refers to rand.o(.text) for srand
    sample.o(.text) refers to lib_timer.o(.text) for init_timer
    sample.o(.text) refers to lib_joystick.o(.text) for joystick_init
    sample.o(.text) refers to lib_rit.o(.text) for init_RIT
    system_lpc17xx.o(.text) refers to system_lpc17xx.o(.data) for .data
    irq_timer.o(.text) refers to lib_timer.o(.text) for get_matchRegInitialValue
    lib_timer.o(.text) refers to lib_timer.o(.data) for .data
    lib_timer.o(.text) refers to lib_timer.o(.bss) for .bss
    asciilib.o(.text) refers to rt_memcpy_v6.o(.text) for __aeabi_memcpy
    asciilib.o(.text) refers to asciilib.o(.constdata) for .constdata
    glcd.o(.text) refers to glcd.o(.data) for .data
    glcd.o(.text) refers to asciilib.o(.text) for GetASCIICode
    irq_rit.o(.text) refers to controller.o(.text) for CON_init
    irq_rit.o(.text) refers to glcd.o(.text) for LCD_Clear
    irq_rit.o(.text) refers to irq_rit.o(.data) for .data
    irq_rit.o(.text) refers to controller.o(.bss) for controller
    funct_led.o(.text) refers to lib_timer.o(.text) for set_callable
    funct_led.o(.text) refers to funct_led.o(.constdata) for .constdata
    funct_led.o(.text) refers to lib_led.o(.data) for led_value
    funct_led.o(.text) refers to funct_led.o(.data) for .data
    funct_led.o(.text) refers to funct_led.o(.bss) for .bss
    lib_led.o(.text) refers to lib_led.o(.data) for .data
    funct_joystick.o(.text) refers to funct_led.o(.text) for LED_Out
    tamagotchi.o(.text) refers to glcd.o(.text) for LCD_SetPoint
    tamagotchi.o(.text) refers to tamagotchi.o(.data) for .data
    tamagotchi.o(.text) refers to tamagotchi.o(.bss) for .bss
    controller.o(.text) refers to _printf_pad.o(.text) for _printf_pre_padding
    controller.o(.text) refers to _printf_percent.o(.ARM.Collect$$_printf_percent$$00000000) for _printf_percent
    controller.o(.text) refers to _printf_d.o(.ARM.Collect$$_printf_percent$$00000009) for _printf_d
    controller.o(.text) refers to _printf_dec.o(.text) for _printf_int_dec
    controller.o(.text) refers to glcd.o(.text) for LCD_SetPoint
    controller.o(.text) refers to dflt_clz.o(x$fpl$dflt) for __aeabi_i2d
    controller.o(.text) refers to sqrtl.o(i.sqrtl) for sqrtl
    controller.o(.text) refers to dfix.o(x$fpl$dfix) for __aeabi_d2iz
    controller.o(.text) refers to div.o(.text) for div
    controller.o(.text) refers to tamagotchi.o(.text) for TAM_move
    controller.o(.text) refers to rand.o(.emb_text) for rand
    controller.o(.text) refers to noretval__2sprintf.o(.text) for __2sprintf
    controller.o(.text) refers to touchpanel.o(.text) for Read_Ads7846
    controller.o(.text) refers to controller.o(.data) for .data
    controller.o(.text) refers to controller.o(.bss) for .bss
    controller.o(.text) refers to touchpanel.o(.bss) for matrix
    controller.o(.text) refers to touchpanel.o(.data) for display
    controller.o(.text) refers to tamagotchi.o(.bss) for entity
    touchpanel.o(.text) refers to glcd.o(.text) for LCD_SetPoint
    touchpanel.o(.text) refers to rt_memclr_w.o(.text) for __aeabi_memclr4
    touchpanel.o(.text) refers to dflt_clz.o(x$fpl$dflt) for __aeabi_i2d
    touchpanel.o(.text) refers to touchpanel.o(.data) for .data
    touchpanel.o(.text) refers to deqf.o(x$fpl$deqf) for __aeabi_cdcmpeq
    touchpanel.o(.text) refers to dflt_clz.o(x$fpl$dfltu) for __aeabi_ui2d
    touchpanel.o(.text) refers to dmul.o(x$fpl$dmul) for __aeabi_dmul
[...]
    libinit2.o(.ARM.Collect$$libinit$$0000000D) refers (Weak) to rand.o(.text) for _rand_init
    libinit2.o(.ARM.Collect$$libinit$$00000010) refers to libinit2.o(.ARM.Collect$$libinit$$0000000F) for .ARM.Collect$$libinit$$0000000F
    libinit2.o(.ARM.Collect$$libinit$$00000012) refers to libinit2.o(.ARM.Collect$$libinit$$0000000F) for .ARM.Collect$$libinit$$0000000F
    libinit2.o(.ARM.Collect$$libinit$$00000014) refers to libinit2.o(.ARM.Collect$$libinit$$0000000F) for .ARM.Collect$$libinit$$0000000F
    libinit2.o(.ARM.Collect$$libinit$$00000016) refers to libinit2.o(.ARM.Collect$$libinit$$0000000F) for .ARM.Collect$$libinit$$0000000F
    libinit2.o(.ARM.Collect$$libinit$$00000018) refers to libinit2.o(.ARM.Collect$$libinit$$0000000F) for .ARM.Collect$$libinit$$0000000F
    libinit2.o(.ARM.Collect$$libinit$$00000026) refers to argv_veneer.o(.emb_text) for __ARM_argv_veneer
    libinit2.o(.ARM.Collect$$libinit$$00000027) refers to argv_veneer.o(.emb_text) for __ARM_argv_veneer
    dcmpi.o(x$fpl$dcmpinf) refers (Special) to usenofp.o(x$fpl$usenofp) for __I$use$fp
    dnaninf.o(x$fpl$dnaninf) refers (Special) to usenofp.o(x$fpl$usenofp) for __I$use$fp
    dretinf.o(x$fpl$dretinf) refers (Special) to usenofp.o(x$fpl$usenofp) for __I$use$fp
    sqrt.o(i.__softfp_sqrt) refers (Special) to usenofp.o(x$fpl$usenofp) for __I$use$fp
    sqrt.o(i.__softfp_sqrt) refers to dsqrt_noumaal.o(x$fpl$dsqrt) for _dsqrt
    sqrt.o(i.__softfp_sqrt) refers to _rserrno.o(.text) for __set_errno
    sqrt.o(i.sqrt) refers (Special) to usenofp.o(x$fpl$usenofp) for __I$use$fp
    sqrt.o(i.sqrt) refers to dsqrt_noumaal.o(x$fpl$dsqrt) for _dsqrt
    sqrt.o(i.sqrt) refers to _rserrno.o(.text) for __set_errno
    sqrt_x.o(i.____softfp_sqrt$lsc) refers (Special) to usenofp.o(x$fpl$usenofp) for __I$use$fp
    sqrt_x.o(i.____softfp_sqrt$lsc) refers to dleqf.o(x$fpl$dleqf) for __aeabi_cdcmple
    sqrt_x.o(i.____softfp_sqrt$lsc) refers to _rserrno.o(.text) for __set_errno
    sqrt_x.o(i.____softfp_sqrt$lsc) refers to dsqrt_noumaal.o(x$fpl$dsqrt) for _dsqrt
    sqrt_x.o(i.__sqrt$lsc) refers (Special) to usenofp.o(x$fpl$usenofp) for __I$use$fp
    sqrt_x.o(i.__sqrt$lsc) refers to dleqf.o(x$fpl$dleqf) for __aeabi_cdcmple
    sqrt_x.o(i.__sqrt$lsc) refers to _rserrno.o(.text) for __set_errno
    sqrt_x.o(i.__sqrt$lsc) refers to dsqrt_noumaal.o(x$fpl$dsqrt) for _dsqrt
    __rtentry2.o(.ARM.Collect$$rtentry$$00000008) refers to boardinit2.o(.text) for _platform_post_stackheap_init
    __rtentry2.o(.ARM.Collect$$rtentry$$0000000A) refers to libinit.o(.ARM.Collect$$libinit$$00000000) for __rt_lib_init
    __rtentry2.o(.ARM.Collect$$rtentry$$0000000B) refers to boardinit3.o(.text) for _platform_post_lib_init
    __rtentry2.o(.ARM.Collect$$rtentry$$0000000D) refers to sample.o(.text) for main
    __rtentry2.o(.ARM.Collect$$rtentry$$0000000D) refers to exit.o(.text) for exit
    __rtentry2.o(.ARM.exidx) refers to __rtentry2.o(.ARM.Collect$$rtentry$$00000001) for .ARM.Collect$$rtentry$$00000001
    __rtentry2.o(.ARM.exidx) refers to __rtentry2.o(.ARM.Collect$$rtentry$$00000008) for .ARM.Collect$$rtentry$$00000008
    __rtentry2.o(.ARM.exidx) refers to __rtentry2.o(.ARM.Collect$$rtentry$$0000000A) for .ARM.Collect$$rtentry$$0000000A
    __rtentry2.o(.ARM.exidx) refers to __rtentry2.o(.ARM.Collect$$rtentry$$0000000B) for .ARM.Collect$$rtentry$$0000000B
    __rtentry2.o(.ARM.exidx) refers to __rtentry2.o(.ARM.Collect$$rtentry$$0000000D) for .ARM.Collect$$rtentry$$0000000D
    __rtentry4.o(.ARM.Collect$$rtentry$$00000004) refers to sys_stackheap_outer.o(.text) for __user_setup_stackheap
    __rtentry4.o(.ARM.exidx) refers to __rtentry4.o(.ARM.Collect$$rtentry$$00000004) for .ARM.Collect$$rtentry$$00000004
    _rserrno.o(.text) refers to rt_errno_addr_intlibspace.o(.text) for __aeabi_errno_addr
    argv_veneer.o(.emb_text) refers to no_argv.o(.text) for __ARM_get_argv
    dleqf.o(x$fpl$dleqf) refers (Special) to usenofp.o(x$fpl$usenofp) for __I$use$fp
    dleqf.o(x$fpl$dleqf) refers to dnaninf.o(x$fpl$dnaninf) for __fpl_dnaninf
    dleqf.o(x$fpl$dleqf) refers to dcmpi.o(x$fpl$dcmpinf) for __fpl_dcmp_Inf
    dsqrt_noumaal.o(x$fpl$dsqrt) refers (Special) to usenofp.o(x$fpl$usenofp) for __I$use$fp
    dsqrt_noumaal.o(x$fpl$dsqrt) refers to dnaninf.o(x$fpl$dnaninf) for __fpl_dnaninf
    sys_stackheap_outer.o(.text) refers to libspace.o(.text) for __user_perproc_libspace
    sys_stackheap_outer.o(.text) refers to startup_lpc17xx.o(.text) for __user_initial_stackheap
    rt_errno_addr.o(.text) refers to rt_errno_addr.o(.bss) for __aeabi_errno_addr_data
    rt_errno_addr_intlibspace.o(.text) refers to libspace.o(.bss) for __libspace_start
    exit.o(.text) refers to rtexit.o(.ARM.Collect$$rtexit$$00000000) for __rt_exit
    _get_argv_nomalloc.o(.text) refers (Special) to hrguard.o(.text) for __heap_region$guard
    _get_argv_nomalloc.o(.text) refers to defsig_rtmem_outer.o(.text) for __rt_SIGRTMEM
    _get_argv_nomalloc.o(.text) refers to sys_command.o(.text) for _sys_command_string
    libinit.o(.ARM.Collect$$libinit$$00000000) refers (Special) to libinit2.o(.ARM.Collect$$libinit$$0000002E) for __rt_lib_init_alloca_1
    libinit.o(.ARM.Collect$$libinit$$00000000) refers (Special) to libinit2.o(.ARM.Collect$$libinit$$0000002C) for __rt_lib_init_argv_1
    libinit.o(.ARM.Collect$$libinit$$00000000) refers (Special) to libinit2.o(.ARM.Collect$$libinit$$0000001B) for __rt_lib_init_atexit_1
    libinit.o(.ARM.Collect$$libinit$$00000000) refers (Special) to libinit2.o(.ARM.Collect$$libinit$$00000021) for __rt_lib_init_clock_1
    libinit.o(.ARM.Collect$$libinit$$00000000) refers (Special) to libinit2.o(.ARM.Collect$$libinit$$00000032) for __rt_lib_init_cpp_1
    libinit.o(.ARM.Collect$$libinit$$00000000) refers (Special) to libinit2.o(.ARM.Collect$$libinit$$00000030) for __rt_lib_init_exceptions_1
    libinit.o(.ARM.Collect$$libinit$$00000000) refers (Special) to libinit2.o(.ARM.Collect$$libinit$$00000002) for __rt_lib_init_fp_1
    libinit.o(.ARM.Collect$$libinit$$00000000) refers (Special) to libinit2.o(.ARM.Collect$$libinit$$0000001F) for __rt_lib_init_fp_trap_1
    libinit.o(.ARM.Collect$$libinit$$00000000) refers (Special) to libinit2.o(.ARM.Collect$$libinit$$00000023) for __rt_lib_init_getenv_1
    libinit.o(.ARM.Collect$$libinit$$00000000) refers (Special) to libinit2.o(.ARM.Collect$$libinit$$0000000A) for __rt_lib_init_heap_1
    libinit.o(.ARM.Collect$$libinit$$00000000) refers (Special) to libinit2.o(.ARM.Collect$$libinit$$00000011) for __rt_lib_init_lc_collate_1
    libinit.o(.ARM.Collect$$libinit$$00000000) refers (Special) to libinit2.o(.ARM.Collect$$libinit$$00000013) for __rt_lib_init_lc_ctype_1
    libinit.o(.ARM.Collect$$libinit$$00000000) refers (Special) to libinit2.o(.ARM.Collect$$libinit$$00000015) for __rt_lib_init_lc_monetary_1
    libinit.o(.ARM.Collect$$libinit$$00000000) refers (Special) to libinit2.o(.ARM.Collect$$libinit$$00000017) for __rt_lib_init_lc_numeric_1
    libinit.o(.ARM.Collect$$libinit$$00000000) refers (Special) to libinit2.o(.ARM.Collect$$libinit$$00000019) for __rt_lib_init_lc_time_1
    libinit.o(.ARM.Collect$$libinit$$00000000) refers (Special) to libinit2.o(.ARM.Collect$$libinit$$00000004) for __rt_lib_init_preinit_1
    libinit.o(.ARM.Collect$$libinit$$00000000) refers (Special) to libinit2.o(.ARM.Collect$$libinit$$0000000E) for __rt_lib_init_rand_1
    libinit.o(.ARM.Collect$$libinit$$00000000) refers (Special) to libinit2.o(.ARM.Collect$$libinit$$00000033) for __rt_lib_init_return
    libinit.o(.ARM.Collect$$libinit$$00000000) refers (Special) to libinit2.o(.ARM.Collect$$libinit$$0000001D) for __rt_lib_init_signal_1
    libinit.o(.ARM.Collect$$libinit$$00000000) refers (Special) to libinit2.o(.ARM.Collect$$libinit$$00000025) for __rt_lib_init_stdio_1
    libinit.o(.ARM.Collect$$libinit$$00000000) refers (Special) to libinit2.o(.ARM.Collect$$libinit$$0000000C) for __rt_lib_init_user_alloc_1
    sys_command.o(.text) refers (Special) to use_no_semi.o(.text) for __I$use$semihosting
    sys_command.o(.text) refers (Special) to indicate_semi.o(.text) for __semihosting_library_function
    libspace.o(.text) refers to libspace.o(.bss) for __libspace_start
    rtexit.o(.ARM.Collect$$rtexit$$00000000) refers (Special) to rtexit2.o(.ARM.Collect$$rtexit$$00000004) for __rt_exit_exit
    rtexit.o(.ARM.Collect$$rtexit$$00000000) refers (Special) to rtexit2.o(.ARM.Collect$$rtexit$$00000003) for __rt_exit_ls
    rtexit.o(.ARM.Collect$$rtexit$$00000000) refers (Special) to rtexit2.o(.ARM.Collect$$rtexit$$00000002) for __rt_exit_prels_1
    rtexit.o(.ARM.exidx) refers (Special) to rtexit2.o(.ARM.Collect$$rtexit$$00000004) for __rt_exit_exit
    rtexit.o(.ARM.exidx) refers (Special) to rtexit2.o(.ARM.Collect$$rtexit$$00000003) for __rt_exit_ls
    rtexit.o(.ARM.exidx) refers (Special) to rtexit2.o(.ARM.Collect$$rtexit$$00000002) for __rt_exit_prels_1
    rtexit.o(.ARM.exidx) refers to rtexit.o(.ARM.Collect$$rtexit$$00000000) for .ARM.Collect$$rtexit$$00000000
    defsig_rtmem_outer.o(.text) refers to defsig_rtmem_inner.o(.text) for __rt_SIGRTMEM_inner
    defsig_rtmem_outer.o(.text) refers to defsig_exit.o(.text) for __sig_exit
    defsig_rtmem_formal.o(.text) refers to rt_raise.o(.text) for __rt_raise
    rtexit2.o(.ARM.Collect$$rtexit$$00000003) refers to libshutdown.o(.ARM.Collect$$libshutdown$$00000000) for __rt_lib_shutdown
    rtexit2.o(.ARM.Collect$$rtexit$$00000004) refers to sys_exit.o(.text) for _sys_exit
    rtexit2.o(.ARM.exidx) refers to rtexit2.o(.ARM.Collect$$rtexit$$00000001) for .ARM.Collect$$rtexit$$00000001
    rtexit2.o(.ARM.exidx) refers to rtexit2.o(.ARM.Collect$$rtexit$$00000003) for .ARM.Collect$$rtexit$$00000003
    rtexit2.o(.ARM.exidx) refers to rtexit2.o(.ARM.Collect$$rtexit$$00000004) for .ARM.Collect$$rtexit$$00000004
    rt_raise.o(.text) refers to __raise.o(.text) for __raise
    rt_raise.o(.text) refers to sys_exit.o(.text) for _sys_exit
    defsig_exit.o(.text) refers to sys_exit.o(.text) for _sys_exit
    defsig_rtmem_inner.o(.text) refers to defsig_general.o(.text) for __default_signal_display
    sys_exit.o(.text) refers (Special) to use_no_semi.o(.text) for __I$use$semihosting
    sys_exit.o(.text) refers (Special) to indicate_semi.o(.text) for __semihosting_library_function
    __raise.o(.text) refers to defsig.o(CL$$defsig) for __default_signal_handler
    defsig_general.o(.text) refers to sys_wrch.o(.text) for _ttywrch
    libshutdown.o(.ARM.Collect$$libshutdown$$00000000) refers (Special) to libshutdown2.o(.ARM.Collect$$libshutdown$$00000004) for __rt_lib_shutdown_cpp_1
    libshutdown.o(.ARM.Collect$$libshutdown$$00000000) refers (Special) to libshutdown2.o(.ARM.Collect$$libshutdown$$00000002) for __rt_lib_shutdown_fini_1
    libshutdown.o(.ARM.Collect$$libshutdown$$00000000) refers (Special) to libshutdown2.o(.ARM.Collect$$libshutdown$$00000009) for __rt_lib_shutdown_fp_trap_1
    libshutdown.o(.ARM.Collect$$libshutdown$$00000000) refers (Special) to libshutdown2.o(.ARM.Collect$$libshutdown$$00000011) for __rt_lib_shutdown_heap_1
    libshutdown.o(.ARM.Collect$$libshutdown$$00000000) refers (Special) to libshutdown2.o(.ARM.Collect$$libshutdown$$00000012) for __rt_lib_shutdown_return
    libshutdown.o(.ARM.Collect$$libshutdown$$00000000) refers (Special) to libshutdown2.o(.ARM.Collect$$libshutdown$$0000000C) for __rt_lib_shutdown_signal_1
    libshutdown.o(.ARM.Collect$$libshutdown$$00000000) refers (Special) to libshutdown2.o(.ARM.Collect$$libshutdown$$00000006) for __rt_lib_shutdown_stdio_1
    libshutdown.o(.ARM.Collect$$libshutdown$$00000000) refers (Special) to libshutdown2.o(.ARM.Collect$$libshutdown$$0000000E) for __rt_lib_shutdown_user_alloc_1
    sys_wrch.o(.text) refers (Special) to use_no_semi.o(.text) for __I$use$semihosting
    sys_wrch.o(.text) refers (Special) to indicate_semi.o(.text) for __semihosting_library_function
    defsig.o(CL$$defsig) refers to defsig_rtmem_inner.o(.text) for __rt_SIGRTMEM_inner
    defsig_abrt_inner.o(.text) refers to defsig_general.o(.text) for __default_signal_display
    defsig_fpe_inner.o(.text) refers to defsig_general.o(.text) for __default_signal_display
    defsig_rtred_inner.o(.text) refers to defsig_general.o(.text) for __default_signal_display
    defsig_stak_inner.o(.text) refers to defsig_general.o(.text) for __default_signal_display
    defsig_pvfn_inner.o(.text) refers to defsig_general.o(.text) for __default_signal_display
    defsig_cppl_inner.o(.text) refers to defsig_general.o(.text) for __default_signal_display
    defsig_segv_inner.o(.text) refers to defsig_general.o(.text) for __default_signal_display
    defsig_other.o(.text) refers to defsig_general.o(.text) for __default_signal_display


==============================================================================

Removing Unused input sections from the image.

    Removing sample.o(.rev16_text), (4 bytes).
    Removing sample.o(.revsh_text), (4 bytes).
    Removing sample.o(.rrx_text), (6 bytes).
    Removing core_cm3.o(.emb_text), (32 bytes).
    Removing system_lpc17xx.o(.rev16_text), (4 bytes).
    Removing system_lpc17xx.o(.revsh_text), (4 bytes).
    Removing system_lpc17xx.o(.rrx_text), (6 bytes).
    Removing irq_timer.o(.rev16_text), (4 bytes).
    Removing irq_timer.o(.revsh_text), (4 bytes).
    Removing irq_timer.o(.rrx_text), (6 bytes).
    Removing lib_timer.o(.rev16_text), (4 bytes).
    Removing lib_timer.o(.revsh_text), (4 bytes).
    Removing lib_timer.o(.rrx_text), (6 bytes).
    Removing glcd.o(.rev16_text), (4 bytes).
    Removing glcd.o(.revsh_text), (4 bytes).
    Removing glcd.o(.rrx_text), (6 bytes).
    Removing irq_rit.o(.rev16_text), (4 bytes).
    Removing irq_rit.o(.revsh_text), (4 bytes).
    Removing irq_rit.o(.rrx_text), (6 bytes).
    Removing lib_rit.o(.rev16_text), (4 bytes).
    Removing lib_rit.o(.revsh_text), (4 bytes).
    Removing lib_rit.o(.rrx_text), (6 bytes).
    Removing funct_led.o(.rev16_text), (4 bytes).
    Removing funct_led.o(.revsh_text), (4 bytes).
    Removing funct_led.o(.rrx_text), (6 bytes).
    Removing funct_led.o(.text), (384 bytes).
    Removing funct_led.o(.bss), (64 bytes).
    Removing funct_led.o(.constdata), (32 bytes).
    Removing funct_led.o(.data), (4 bytes).
    Removing lib_led.o(.rev16_text), (4 bytes).
    Removing lib_led.o(.revsh_text), (4 bytes).
    Removing lib_led.o(.rrx_text), (6 bytes).
    Removing lib_led.o(.text), (56 bytes).
    Removing lib_led.o(.data), (1 bytes).
    Removing funct_joystick.o(.rev16_text), (4 bytes).
    Removing funct_joystick.o(.revsh_text), (4 bytes).
    Removing funct_joystick.o(.rrx_text), (6 bytes).
    Removing funct_joystick.o(.text), (4 bytes).
    Removing lib_joystick.o(.rev16_text), (4 bytes).
    Removing lib_joystick.o(.revsh_text), (4 bytes).
    Removing lib_joystick.o(.rrx_text), (6 bytes).
    Removing tamagotchi.o(.rev16_text), (4 bytes).
    Removing tamagotchi.o(.revsh_text), (4 bytes).
    Removing tamagotchi.o(.rrx_text), (6 bytes).
    Removing controller.o(.rev16_text), (4 bytes).
    Removing controller.o(.revsh_text), (4 bytes).
    Removing controller.o(.rrx_text), (6 bytes).
    Removing touchpanel.o(.rev16_text), (4 bytes).
    Removing touchpanel.o(.revsh_text), (4 bytes).
    Removing touchpanel.o(.rrx_text), (6 bytes).

50 unused section(s) (total 773 bytes) removed from the image.

==============================================================================

Image Symbol Table

    Local Symbols

    Symbol Name                              Value     Ov Type        Size  Object(Section)

    RESET                                    0x00000000   Section      204  startup_lpc17xx.o(RESET)
    ../clib/angel/boardlib.s                 0x00000000   Number         0  boardshut.o ABSOLUTE
    ../clib/angel/boardlib.s                 0x00000000   Number         0  boardinit3.o ABSOLUTE
    ../clib/angel/boardlib.s                 0x00000000   Number         0  boardinit2.o ABSOLUTE
    ../clib/angel/boardlib.s                 0x00000000   Number         0  boardinit1.o ABSOLUTE
    ../clib/angel/dclz77c.s                  0x00000000   Number         0  __dclz77c.o ABSOLUTE
    ../clib/angel/handlers.s                 0x00000000   Number         0  __scatter_zi.o ABSOLUTE
    ../clib/angel/kernel.s                   0x00000000   Number         0  rtexit2.o ABSOLUTE
    ../clib/angel/kernel.s                   0x00000000   Number         0  rtexit.o ABSOLUTE
    ../clib/angel/kernel.s                   0x00000000   Number         0  __rtentry2.o ABSOLUTE
    ../clib/angel/kernel.s                   0x00000000   Number         0  __rtentry4.o ABSOLUTE
    ../clib/angel/kernel.s                   0x00000000   Number         0  __rtentry.o ABSOLUTE
    ../clib/angel/rt.s                       0x00000000   Number         0  rt_errno_addr_intlibspace.o ABSOLUTE
    ../clib/angel/rt.s                       0x00000000   Number         0  rt_errno_addr.o ABSOLUTE
    ../clib/angel/rt.s                       0x00000000   Number         0  rt_raise.o ABSOLUTE
    ../clib/angel/scatter.s                  0x00000000   Number         0  __scatter.o ABSOLUTE
    ../clib/angel/startup.s                  0x00000000   Number         0  __main.o ABSOLUTE
    ../clib/angel/sys.s                      0x00000000   Number         0  use_no_semi.o ABSOLUTE
    ../clib/angel/sys.s                      0x00000000   Number         0  libspace.o ABSOLUTE
    ../clib/angel/sys.s                      0x00000000   Number         0  indicate_semi.o ABSOLUTE
    ../clib/angel/sys.s                      0x00000000   Number         0  sys_stackheap_outer.o ABSOLUTE
    ../clib/angel/sysapp.c                   0x00000000   Number         0  sys_exit.o ABSOLUTE
    ../clib/angel/sysapp.c                   0x00000000   Number         0  sys_wrch.o ABSOLUTE
    ../clib/angel/sysapp.c                   0x00000000   Number         0  sys_command.o ABSOLUTE
    ../clib/armsys.c                         0x00000000   Number         0  _get_argv_nomalloc.o ABSOLUTE
    ../clib/armsys.c                         0x00000000   Number         0  argv_veneer.o ABSOLUTE
    ../clib/armsys.c                         0x00000000   Number         0  argv_veneer.o ABSOLUTE
    ../clib/armsys.c                         0x00000000   Number         0  no_argv.o ABSOLUTE
    ../clib/fenv.c                           0x00000000   Number         0  _rserrno.o ABSOLUTE
    ../clib/heapalloc.c                      0x00000000   Number         0  hrguard.o ABSOLUTE
    ../clib/heapaux.c                        0x00000000   Number         0  heapauxi.o ABSOLUTE
    ../clib/libinit.s                        0x00000000   Number         0  libshutdown.o ABSOLUTE
    ../clib/libinit.s                        0x00000000   Number         0  libinit.o ABSOLUTE
    ../clib/libinit.s                        0x00000000   Number         0  libinit2.o ABSOLUTE
    ../clib/libinit.s                        0x00000000   Number         0  libshutdown2.o ABSOLUTE
    ../clib/memcpset.s                       0x00000000   Number         0  rt_memcpy_w.o ABSOLUTE
    ../clib/memcpset.s                       0x00000000   Number         0  rt_memcpy_v6.o ABSOLUTE
    ../clib/memcpset.s                       0x00000000   Number         0  rt_memclr_w.o ABSOLUTE
    ../clib/misc.s                           0x00000000   Number         0  printf_stubs.o ABSOLUTE
    ../clib/printf.c                         0x00000000   Number         0  __printf_wp.o ABSOLUTE
    ../clib/printf.c                         0x00000000   Number         0  __printf_flags_ss.o ABSOLUTE
    ../clib/printf.c                         0x00000000   Number         0  __printf_ss.o ABSOLUTE
    ../clib/printf.c                         0x00000000   Number         0  __printf_flags.o ABSOLUTE
    ../clib/printf.c                         0x00000000   Number         0  _printf_dec.o ABSOLUTE
    ../clib/printf.c                         0x00000000   Number         0  __printf_ss_wp.o ABSOLUTE
    ../clib/printf.c                         0x00000000   Number         0  _printf_pad.o ABSOLUTE
    ../clib/printf.c                         0x00000000   Number         0  __printf.o ABSOLUTE
    ../clib/printf.c                         0x00000000   Number         0  __printf_nopercent.o ABSOLUTE
    ../clib/printf.c                         0x00000000   Number         0  noretval__2sprintf.o ABSOLUTE
    ../clib/printf.c                         0x00000000   Number         0  __2sprintf.o ABSOLUTE
    ../clib/printf.c                         0x00000000   Number         0  _printf_intcommon.o ABSOLUTE
    ../clib/printf.c                         0x00000000   Number         0  _printf_char_common.o ABSOLUTE
    ../clib/printf.c                         0x00000000   Number         0  _sputc.o ABSOLUTE
    ../clib/printf.c                         0x00000000   Number         0  __printf_flags_wp.o ABSOLUTE
    ../clib/printf.c                         0x00000000   Number         0  __printf_flags_ss_wp.o ABSOLUTE
    ../clib/printf_percent.s                 0x00000000   Number         0  _printf_percent_end.o ABSOLUTE
    ../clib/printf_percent.s                 0x00000000   Number         0  _printf_d.o ABSOLUTE
    ../clib/printf_percent.s                 0x00000000   Number         0  _printf_percent.o ABSOLUTE
    ../clib/signal.c                         0x00000000   Number         0  defsig_rtmem_formal.o ABSOLUTE
    ../clib/signal.c                         0x00000000   Number         0  defsig_exit.o ABSOLUTE
    ../clib/signal.c                         0x00000000   Number         0  __raise.o ABSOLUTE
    ../clib/signal.c                         0x00000000   Number         0  defsig_rtmem_outer.o ABSOLUTE
    ../clib/signal.c                         0x00000000   Number         0  defsig_rtmem_inner.o ABSOLUTE
    ../clib/signal.c                         0x00000000   Number         0  defsig_general.o ABSOLUTE
    ../clib/signal.c                         0x00000000   Number         0  defsig_other.o ABSOLUTE
    ../clib/signal.c                         0x00000000   Number         0  defsig_segv_inner.o ABSOLUTE
    ../clib/signal.c                         0x00000000   Number         0  defsig_cppl_inner.o ABSOLUTE
    ../clib/signal.c                         0x00000000   Number         0  defsig_abrt_inner.o ABSOLUTE
    ../clib/signal.c                         0x00000000   Number         0  defsig_fpe_inner.o ABSOLUTE
    ../clib/signal.c                         0x00000000   Number         0  defsig_rtred_inner.o ABSOLUTE
    ../clib/signal.c                         0x00000000   Number         0  defsig_stak_inner.o ABSOLUTE
    ../clib/signal.c                         0x00000000   Number         0  defsig_pvfn_inner.o ABSOLUTE
    ../clib/signal.s                         0x00000000   Number         0  defsig.o ABSOLUTE
    ../clib/stdlib.c                         0x00000000   Number         0  rand.o ABSOLUTE
    ../clib/stdlib.c                         0x00000000   Number         0  rand.o ABSOLUTE
    ../clib/stdlib.c                         0x00000000   Number         0  div.o ABSOLUTE
    ../clib/stdlib.c                         0x00000000   Number         0  exit.o ABSOLUTE
    ../fplib/daddsub.s                       0x00000000   Number         0  daddsub_clz.o ABSOLUTE
    ../fplib/dcmpi.s                         0x00000000   Number         0  dcmpi.o ABSOLUTE
    ../fplib/ddiv.s                          0x00000000   Number         0  ddiv.o ABSOLUTE
    ../fplib/deqf.s                          0x00000000   Number         0  deqf.o ABSOLUTE
    ../fplib/dfix.s                          0x00000000   Number         0  dfix.o ABSOLUTE
    ../fplib/dfixu.s                         0x00000000   Number         0  dfixu.o ABSOLUTE
    ../fplib/dflt.s                          0x00000000   Number         0  dflt_clz.o ABSOLUTE
    ../fplib/dleqf.s                         0x00000000   Number         0  dleqf.o ABSOLUTE
    ../fplib/dmul.s                          0x00000000   Number         0  dmul.o ABSOLUTE
    ../fplib/dnaninf.s                       0x00000000   Number         0  dnaninf.o ABSOLUTE
    ../fplib/dretinf.s                       0x00000000   Number         0  dretinf.o ABSOLUTE
    ../fplib/dsqrt.s                         0x00000000   Number         0  dsqrt_noumaal.o ABSOLUTE
    ../fplib/fpinit.s                        0x00000000   Number         0  fpinit.o ABSOLUTE
    ../fplib/usenofp.s                       0x00000000   Number         0  usenofp.o ABSOLUTE
    ../mathlib/sqrt.c                        0x00000000   Number         0  sqrt_x.o ABSOLUTE
    ../mathlib/sqrt.c                        0x00000000   Number         0  sqrt.o ABSOLUTE
    ../mathlib/wrappers.c                    0x00000000   Number         0  sqrtl.o ABSOLUTE
    GLCD\AsciiLib.c                          0x00000000   Number         0  asciilib.o ABSOLUTE
    GLCD\GLCD.c                              0x00000000   Number         0  glcd.o ABSOLUTE
    GLCD\\GLCD.c                             0x00000000   Number         0  glcd.o ABSOLUTE
    RIT\IRQ_RIT.c                            0x00000000   Number         0  irq_rit.o ABSOLUTE
    RIT\\IRQ_RIT.c                           0x00000000   Number         0  irq_rit.o ABSOLUTE
    RIT\\lib_RIT.c                           0x00000000   Number         0  lib_rit.o ABSOLUTE
    RIT\lib_RIT.c                            0x00000000   Number         0  lib_rit.o ABSOLUTE
    TouchPanel\TouchPanel.c                  0x00000000   Number         0  touchpanel.o ABSOLUTE
    TouchPanel\\TouchPanel.c                 0x00000000   Number         0  touchpanel.o ABSOLUTE
    core_cm3.c                               0x00000000   Number         0  core_cm3.o ABSOLUTE
    core_cm3.c                               0x00000000   Number         0  core_cm3.o ABSOLUTE
    dc.s                                     0x00000000   Number         0  dc.o ABSOLUTE
    joystick\\funct_joystick.c               0x00000000   Number         0  funct_joystick.o ABSOLUTE
    joystick\\lib_joystick.c                 0x00000000   Number         0  lib_joystick.o ABSOLUTE
    joystick\funct_joystick.c                0x00000000   Number         0  funct_joystick.o ABSOLUTE
    joystick\lib_joystick.c                  0x00000000   Number         0  lib_joystick.o ABSOLUTE
    led\\funct_led.c                         0x00000000   Number         0  funct_led.o ABSOLUTE
    led\\lib_led.c                           0x00000000   Number         0  lib_led.o ABSOLUTE
    led\funct_led.c                          0x00000000   Number         0  funct_led.o ABSOLUTE
    led\lib_led.c                            0x00000000   Number         0  lib_led.o ABSOLUTE
    sample.c                                 0x00000000   Number         0  sample.o ABSOLUTE
    sample.c                                 0x00000000   Number         0  sample.o ABSOLUTE
    startup_LPC17xx.s                        0x00000000   Number         0  startup_lpc17xx.o ABSOLUTE
    system_LPC17xx.c                         0x00000000   Number         0  system_lpc17xx.o ABSOLUTE
    system_LPC17xx.c                         0x00000000   Number         0  system_lpc17xx.o ABSOLUTE
    tamagotchi\\controller.c                 0x00000000   Number         0  controller.o ABSOLUTE
    tamagotchi\\tamagotchi.c                 0x00000000   Number         0  tamagotchi.o ABSOLUTE
    tamagotchi\controller.c                  0x00000000   Number         0  controller.o ABSOLUTE
    tamagotchi\tamagotchi.c                  0x00000000   Number         0  tamagotchi.o ABSOLUTE
    timer\IRQ_timer.c                        0x00000000   Number         0  irq_timer.o ABSOLUTE
    timer\\IRQ_timer.c                       0x00000000   Number         0  irq_timer.o ABSOLUTE
    timer\\lib_timer.c                       0x00000000   Number         0  lib_timer.o ABSOLUTE
    timer\lib_timer.c                        0x00000000   Number         0  lib_timer.o ABSOLUTE
    !!!main                                  0x000000cc   Section        8  __main.o(!!!main)
    !!!scatter                               0x000000d4   Section       52  __scatter.o(!!!scatter)
    !!dclz77c                                0x00000108   Section      100  __dclz77c.o(!!dclz77c)
    !!handler_zi                             0x0000016c   Section       28  __scatter_zi.o(!!handler_zi)
    .ARM.Collect$$_printf_percent$$00000000  0x00000188   Section        0  _printf_percent.o(.ARM.Collect$$_printf_percent$$00000000)
    .ARM.Collect$$_printf_percent$$00000009  0x00000188   Section        6  _printf_d.o(.ARM.Collect$$_printf_percent$$00000009)
    .ARM.Collect$$_printf_percent$$00000017  0x0000018e   Section        4  _printf_percent_end.o(.ARM.Collect$$_printf_percent$$00000017)
    .ARM.Collect$$libinit$$00000000          0x00000192   Section        2  libinit.o(.ARM.Collect$$libinit$$00000000)
    .ARM.Collect$$libinit$$00000002          0x00000194   Section        0  libinit2.o(.ARM.Collect$$libinit$$00000002)
    .ARM.Collect$$libinit$$00000004          0x00000194   Section        0  libinit2.o(.ARM.Collect$$libinit$$00000004)
    .ARM.Collect$$libinit$$0000000A          0x00000194   Section        0  libinit2.o(.ARM.Collect$$libinit$$0000000A)
    .ARM.Collect$$libinit$$0000000C          0x00000194   Section        0  libinit2.o(.ARM.Collect$$libinit$$0000000C)
    .ARM.Collect$$libinit$$0000000D          0x00000194   Section        4  libinit2.o(.ARM.Collect$$libinit$$0000000D)
    .ARM.Collect$$libinit$$0000000E          0x00000198   Section        0  libinit2.o(.ARM.Collect$$libinit$$0000000E)
    .ARM.Collect$$libinit$$00000011          0x00000198   Section        0  libinit2.o(.ARM.Collect$$libinit$$00000011)
    .ARM.Collect$$libinit$$00000013          0x00000198   Section        0  libinit2.o(.ARM.Collect$$libinit$$00000013)
    .ARM.Collect$$libinit$$00000015          0x00000198   Section        0  libinit2.o(.ARM.Collect$$libinit$$00000015)
    .ARM.Collect$$libinit$$00000017          0x00000198   Section        0  libinit2.o(.ARM.Collect$$libinit$$00000017)
    .ARM.Collect$$libinit$$00000019          0x00000198   Section        0  libinit2.o(.ARM.Collect$$libinit$$00000019)
    .ARM.Collect$$libinit$$0000001B          0x00000198   Section        0  libinit2.o(.ARM.Collect$$libinit$$0000001B)
    .ARM.Collect$$libinit$$0000001D          0x00000198   Section        0  libinit2.o(.ARM.Collect$$libinit$$0000001D)
    .ARM.Collect$$libinit$$0000001F          0x00000198   Section        0  libinit2.o(.ARM.Collect$$libinit$$0000001F)
    .ARM.Collect$$libinit$$00000021          0x00000198   Section        0  libinit2.o(.ARM.Collect$$libinit$$00000021)
    .ARM.Collect$$libinit$$00000023          0x00000198   Section        0  libinit2.o(.ARM.Collect$$libinit$$00000023)
    .ARM.Collect$$libinit$$00000025          0x00000198   Section        0  libinit2.o(.ARM.Collect$$libinit$$00000025)
    .ARM.Collect$$libinit$$0000002C          0x00000198   Section        0  libinit2.o(.ARM.Collect$$libinit$$0000002C)
    .ARM.Collect$$libinit$$0000002E          0x00000198   Section        0  libinit2.o(.ARM.Collect$$libinit$$0000002E)
    .ARM.Collect$$libinit$$00000030          0x00000198   Section        0  libinit2.o(.ARM.Collect$$libinit$$00000030)
    .ARM.Collect$$libinit$$00000032          0x00000198   Section        0  libinit2.o(.ARM.Collect$$libinit$$00000032)
    .ARM.Collect$$libinit$$00000033          0x00000198   Section        2  libinit2.o(.ARM.Collect$$libinit$$00000033)
    .ARM.Collect$$libshutdown$$00000000      0x0000019a   Section        2  libshutdown.o(.ARM.Collect$$libshutdown$$00000000)
    .ARM.Collect$$libshutdown$$00000002      0x0000019c   Section        0  libshutdown2.o(.ARM.Collect$$libshutdown$$00000002)
    .ARM.Collect$$libshutdown$$00000004      0x0000019c   Section        0  libshutdown2.o(.ARM.Collect$$libshutdown$$00000004)
    .ARM.Collect$$libshutdown$$00000006      0x0000019c   Section        0  libshutdown2.o(.ARM.Collect$$libshutdown$$00000006)
    .ARM.Collect$$libshutdown$$00000009      0x0000019c   Section        0  libshutdown2.o(.ARM.Collect$$libshutdown$$00000009)
    .ARM.Collect$$libshutdown$$0000000C      0x0000019c   Section        0  libshutdown2.o(.ARM.Collect$$libshutdown$$0000000C)
    .ARM.Collect$$libshutdown$$0000000E      0x0000019c   Section        0  libshutdown2.o(.ARM.Collect$$libshutdown$$0000000E)
    .ARM.Collect$$libshutdown$$00000011      0x0000019c   Section        0  libshutdown2.o(.ARM.Collect$$libshutdown$$00000011)
    .ARM.Collect$$libshutdown$$00000012      0x0000019c   Section        2  libshutdown2.o(.ARM.Collect$$libshutdown$$00000012)
    .ARM.Collect$$rtentry$$00000000          0x0000019e   Section        0  __rtentry.o(.ARM.Collect$$rtentry$$00000000)
    .ARM.Collect$$rtentry$$00000002          0x0000019e   Section        0  __rtentry2.o(.ARM.Collect$$rtentry$$00000002)
    .ARM.Collect$$rtentry$$00000004          0x0000019e   Section        6  __rtentry4.o(.ARM.Collect$$rtentry$$00000004)
    .ARM.Collect$$rtentry$$00000009          0x000001a4   Section        0  __rtentry2.o(.ARM.Collect$$rtentry$$00000009)
    .ARM.Collect$$rtentry$$0000000A          0x000001a4   Section        4  __rtentry2.o(.ARM.Collect$$rtentry$$0000000A)
    .ARM.Collect$$rtentry$$0000000C          0x000001a8   Section        0  __rtentry2.o(.ARM.Collect$$rtentry$$0000000C)
    .ARM.Collect$$rtentry$$0000000D          0x000001a8   Section        8  __rtentry2.o(.ARM.Collect$$rtentry$$0000000D)
    .ARM.Collect$$rtexit$$00000000           0x000001b0   Section        2  rtexit.o(.ARM.Collect$$rtexit$$00000000)
    .ARM.Collect$$rtexit$$00000002           0x000001b2   Section        0  rtexit2.o(.ARM.Collect$$rtexit$$00000002)
    .ARM.Collect$$rtexit$$00000003           0x000001b2   Section        4  rtexit2.o(.ARM.Collect$$rtexit$$00000003)
    .ARM.Collect$$rtexit$$00000004           0x000001b6   Section        6  rtexit2.o(.ARM.Collect$$rtexit$$00000004)
    .emb_text                                0x000001bc   Section       52  rand.o(.emb_text)
    .text                                    0x000001f0   Section       52  startup_lpc17xx.o(.text)
    .text                                    0x00000224   Section        0  sample.o(.text)
    .text                                    0x000002cc   Section        0  asciilib.o(.text)
    .text                                    0x000002e0   Section        0  div.o(.text)
    .text                                    0x000002f4   Section        0  heapauxi.o(.text)
    .text                                    0x000002fa   Section        2  use_no_semi.o(.text)
    .ARM.__at_0x02FC                         0x000002fc   Section        4  startup_lpc17xx.o(.ARM.__at_0x02FC)
    .text                                    0x00000300   Section        0  system_lpc17xx.o(.text)
    .text                                    0x00000498   Section        0  irq_timer.o(.text)
    .text                                    0x00000570   Section        0  lib_timer.o(.text)
    __NVIC_EnableIRQ                         0x00000741   Thumb Code    26  lib_timer.o(.text)
    __NVIC_DisableIRQ                        0x0000075b   Thumb Code    34  lib_timer.o(.text)
    __NVIC_SetPriority                       0x0000077d   Thumb Code    32  lib_timer.o(.text)
    .text                                    0x000007b4   Section        0  glcd.o(.text)
    LCD_SetCursor                            0x000007b5   Thumb Code   908  glcd.o(.text)
    delay_ms                                 0x00002a6f   Thumb Code    28  glcd.o(.text)
    .text                                    0x00002a8c   Section        0  irq_rit.o(.text)
    .text                                    0x00002bac   Section        0  lib_rit.o(.text)
    .text                                    0x00002c1c   Section        0  lib_joystick.o(.text)
    .text                                    0x00002c7c   Section        0  tamagotchi.o(.text)
    .text                                    0x00002e2c   Section        0  controller.o(.text)
    draw_battery                             0x00002e2d   Thumb Code   110  controller.o(.text)
    update_age                               0x000033c9   Thumb Code    62  controller.o(.text)
    .text                                    0x00003454   Section        0  touchpanel.o(.text)
    WR_CMD                                   0x0000347b   Thumb Code    28  touchpanel.o(.text)
    ADS7843_SPI_Init                         0x00003a91   Thumb Code    86  touchpanel.o(.text)
    DelayUS                                  0x00003ae7   Thumb Code    20  touchpanel.o(.text)
    RD_AD                                    0x00003afb   Thumb Code    34  touchpanel.o(.text)
    .text                                    0x00003b50   Section        0  noretval__2sprintf.o(.text)
    .text                                    0x00003b78   Section        0  _printf_pad.o(.text)
    .text                                    0x00003bc8   Section        0  _printf_dec.o(.text)
    .text                                    0x00003c40   Section        0  __printf_flags_wp.o(.text)
    .text                                    0x00003d78   Section        0  rand.o(.text)
    .text                                    0x00003db4   Section      138  rt_memcpy_v6.o(.text)
    .text                                    0x00003e3e   Section       78  rt_memclr_w.o(.text)
    .text                                    0x00003e8c   Section        0  _printf_intcommon.o(.text)
    .text                                    0x00003f40   Section        0  _printf_char_common.o(.text)
    _printf_input_char                       0x00003f41   Thumb Code    10  _printf_char_common.o(.text)
    .text                                    0x00003f70   Section        0  _sputc.o(.text)
    .text                                    0x00003f7a   Section      100  rt_memcpy_w.o(.text)
    .text                                    0x00003fde   Section        0  _rserrno.o(.text)
    .text                                    0x00003ff4   Section       74  sys_stackheap_outer.o(.text)
    .text                                    0x00004040   Section        8  rt_errno_addr_intlibspace.o(.text)
    .text                                    0x00004048   Section        0  exit.o(.text)
    .text                                    0x0000405c   Section        8  libspace.o(.text)
    .text                                    0x00004064   Section        0  sys_exit.o(.text)
    .text                                    0x00004064   Section        0  indicate_semi.o(.text)
    i._is_digit                              0x00004070   Section        0  __printf_wp.o(i._is_digit)
    i.sqrt                                   0x0000407e   Section        0  sqrt.o(i.sqrt)
    i.sqrtl                                  0x000040ca   Section        0  sqrtl.o(i.sqrtl)
    x$fpl$dadd                               0x000040d0   Section      336  daddsub_clz.o(x$fpl$dadd)
    _dadd1                                   0x000040e1   Thumb Code     0  daddsub_clz.o(x$fpl$dadd)
    x$fpl$dcmpinf                            0x00004220   Section       24  dcmpi.o(x$fpl$dcmpinf)
    x$fpl$ddiv                               0x00004238   Section      688  ddiv.o(x$fpl$ddiv)
    ddiv_entry                               0x0000423f   Thumb Code     0  ddiv.o(x$fpl$ddiv)
    x$fpl$deqf                               0x000044e8   Section      120  deqf.o(x$fpl$deqf)
    x$fpl$dfix                               0x00004560   Section       94  dfix.o(x$fpl$dfix)
    x$fpl$dfixu                              0x000045c0   Section       90  dfixu.o(x$fpl$dfixu)
    x$fpl$dflt                               0x0000461a   Section       46  dflt_clz.o(x$fpl$dflt)
    x$fpl$dfltu                              0x00004648   Section       38  dflt_clz.o(x$fpl$dfltu)
    x$fpl$dmul                               0x00004670   Section      340  dmul.o(x$fpl$dmul)
    x$fpl$dnaninf                            0x000047c4   Section      156  dnaninf.o(x$fpl$dnaninf)
    x$fpl$dretinf                            0x00004860   Section       12  dretinf.o(x$fpl$dretinf)
    x$fpl$dsqrt                              0x0000486c   Section      460  dsqrt_noumaal.o(x$fpl$dsqrt)
    x$fpl$dsub                               0x00004a38   Section      468  daddsub_clz.o(x$fpl$dsub)
    _dsub1                                   0x00004a49   Thumb Code     0  daddsub_clz.o(x$fpl$dsub)
    .constdata                               0x00004c0c   Section     1520  asciilib.o(.constdata)
    x$fpl$usenofp                            0x00004c0c   Section        0  usenofp.o(x$fpl$usenofp)
    AsciiLib                                 0x00004c0c   Data        1520  asciilib.o(.constdata)
    .constdata                               0x000051fc   Section       17  __printf_flags_wp.o(.constdata)
    maptable                                 0x000051fc   Data          17  __printf_flags_wp.o(.constdata)
    .bss                                     0x10000000   Section      192  lib_timer.o(.bss)
    .bss                                     0x100000c0   Section     2676  tamagotchi.o(.bss)
    .bss                                     0x10000b38   Section       68  touchpanel.o(.bss)
    .bss                                     0x10000b7c   Section       96  libspace.o(.bss)
    .data                                    0x2007c000   Section        8  system_lpc17xx.o(.data)
    .data                                    0x2007c008   Section        4  lib_timer.o(.data)
    .data                                    0x2007c00c   Section        1  glcd.o(.data)
    LCD_Code                                 0x2007c00c   Data           1  glcd.o(.data)
    .data                                    0x2007c00d   Section        2  irq_rit.o(.data)
    joystick_enab                            0x2007c00d   Data           2  irq_rit.o(.data)
    .data                                    0x2007c00f   Section      663  tamagotchi.o(.data)
    .data                                    0x2007c2a6   Section     1418  controller.o(.data)
    .data                                    0x2007c830   Section       16  touchpanel.o(.data)
    screen                                   0x2007c830   Data           4  touchpanel.o(.data)
    .data                                    0x2007c840   Section        4  touchpanel.o(.data)
    .bss                                     0x2007c844   Section      152  controller.o(.bss)
    text                                     0x2007c844   Data         100  controller.o(.bss)
    .bss                                     0x2007c8dc   Section      228  rand.o(.bss)
    HEAP                                     0x2007c9c0   Section        0  startup_lpc17xx.o(HEAP)
    STACK                                    0x2007c9c0   Section      512  startup_lpc17xx.o(STACK)
    Heap_Mem                                 0x2007c9c0   Data           0  startup_lpc17xx.o(HEAP)
    Stack_Mem                                0x2007c9c0   Data         512  startup_lpc17xx.o(STACK)
    __initial_sp                             0x2007cbc0   Data           0  startup_lpc17xx.o(STACK)

    Global Symbols

    Symbol Name                              Value     Ov Type        Size  Object(Section)

    BuildAttributes$$THM_ISAv4$P$D$K$B$S$PE$A:L22UL41UL21$X:L11$S22US41US21$IEEE1$IW$USESV6$~STKCKD$USESV7$~SHL$OTIME$ROPI$IEEEJ$EBA8$UX$STANDARDLIB$REQ8$PRES8$EABIv2 0x00000000   Number         0  anon$$obj.o ABSOLUTE
    __ARM_use_no_argv                        0x00000000   Number         0  sample.o ABSOLUTE
    __Vectors                                0x00000000   Data           4  startup_lpc17xx.o(RESET)
    _printf_flags                            0x00000000   Number         0  printf_stubs.o ABSOLUTE
    _printf_return_value                     0x00000000   Number         0  printf_stubs.o ABSOLUTE
    _printf_sizespec                         0x00000000   Number         0  printf_stubs.o ABSOLUTE
    _printf_widthprec                        0x00000000   Number         0  printf_stubs.o ABSOLUTE
    __ARM_exceptions_init                     - Undefined Weak Reference
    __alloca_initialize                       - Undefined Weak Reference
    __arm_fini_                               - Undefined Weak Reference
    __arm_preinit_                            - Undefined Weak Reference
    __cpp_initialize__aeabi_                  - Undefined Weak Reference
    __cxa_finalize                            - Undefined Weak Reference
    __rt_locale                               - Undefined Weak Reference
    __sigvec_lookup                           - Undefined Weak Reference
    _atexit_init                              - Undefined Weak Reference
    _call_atexit_fns                          - Undefined Weak Reference
    _clock_init                               - Undefined Weak Reference
    _fp_trap_init                             - Undefined Weak Reference
    _fp_trap_shutdown                         - Undefined Weak Reference
    _get_lc_collate                           - Undefined Weak Reference
    _get_lc_ctype                             - Undefined Weak Reference
    _get_lc_monetary                          - Undefined Weak Reference
    _get_lc_numeric                           - Undefined Weak Reference
    _get_lc_time                              - Undefined Weak Reference
    _getenv_init                              - Undefined Weak Reference
    _handle_redirection                       - Undefined Weak Reference
    _init_alloc                               - Undefined Weak Reference
    _init_user_alloc                          - Undefined Weak Reference
    _initio                                   - Undefined Weak Reference
    _printf_truncate_signed                   - Undefined Weak Reference
    _printf_truncate_unsigned                 - Undefined Weak Reference
    _signal_finish                            - Undefined Weak Reference
    _signal_init                              - Undefined Weak Reference
    _terminate_alloc                          - Undefined Weak Reference
    _terminate_user_alloc                     - Undefined Weak Reference
    _terminateio                              - Undefined Weak Reference
    __main                                   0x000000cd   Thumb Code     8  __main.o(!!!main)
    __scatterload                            0x000000d5   Thumb Code     0  __scatter.o(!!!scatter)
    __scatterload_rt2                        0x000000d5   Thumb Code    44  __scatter.o(!!!scatter)
    __scatterload_rt2_thumb_only             0x000000d5   Thumb Code     0  __scatter.o(!!!scatter)
    __scatterload_null                       0x000000e3   Thumb Code     0  __scatter.o(!!!scatter)
    __decompress                             0x00000109   Thumb Code   100  __dclz77c.o(!!dclz77c)
    __decompress2                            0x00000109   Thumb Code     0  __dclz77c.o(!!dclz77c)
    __scatterload_zeroinit                   0x0000016d   Thumb Code    28  __scatter_zi.o(!!handler_zi)
    _printf_d                                0x00000189   Thumb Code     0  _printf_d.o(.ARM.Collect$$_printf_percent$$00000009)
    _printf_percent                          0x00000189   Thumb Code     0  _printf_percent.o(.ARM.Collect$$_printf_percent$$00000000)
    _printf_percent_end                      0x0000018f   Thumb Code     0  _printf_percent_end.o(.ARM.Collect$$_printf_percent$$00000017)
    __rt_lib_init                            0x00000193   Thumb Code     0  libinit.o(.ARM.Collect$$libinit$$00000000)
    __rt_lib_init_fp_1                       0x00000195   Thumb Code     0  libinit2.o(.ARM.Collect$$libinit$$00000002)
    __rt_lib_init_heap_1                     0x00000195   Thumb Code     0  libinit2.o(.ARM.Collect$$libinit$$0000000A)
    __rt_lib_init_preinit_1                  0x00000195   Thumb Code     0  libinit2.o(.ARM.Collect$$libinit$$00000004)
    __rt_lib_init_rand_2                     0x00000195   Thumb Code     0  libinit2.o(.ARM.Collect$$libinit$$0000000D)
    __rt_lib_init_user_alloc_1               0x00000195   Thumb Code     0  libinit2.o(.ARM.Collect$$libinit$$0000000C)
    __rt_lib_init_alloca_1                   0x00000199   Thumb Code     0  libinit2.o(.ARM.Collect$$libinit$$0000002E)
    __rt_lib_init_argv_1                     0x00000199   Thumb Code     0  libinit2.o(.ARM.Collect$$libinit$$0000002C)
    __rt_lib_init_atexit_1                   0x00000199   Thumb Code     0  libinit2.o(.ARM.Collect$$libinit$$0000001B)
    __rt_lib_init_clock_1                    0x00000199   Thumb Code     0  libinit2.o(.ARM.Collect$$libinit$$00000021)
    __rt_lib_init_cpp_1                      0x00000199   Thumb Code     0  libinit2.o(.ARM.Collect$$libinit$$00000032)
    __rt_lib_init_exceptions_1               0x00000199   Thumb Code     0  libinit2.o(.ARM.Collect$$libinit$$00000030)
    __rt_lib_init_fp_trap_1                  0x00000199   Thumb Code     0  libinit2.o(.ARM.Collect$$libinit$$0000001F)
    __rt_lib_init_getenv_1                   0x00000199   Thumb Code     0  libinit2.o(.ARM.Collect$$libinit$$00000023)
    __rt_lib_init_lc_collate_1               0x00000199   Thumb Code     0  libinit2.o(.ARM.Collect$$libinit$$00000011)
    __rt_lib_init_lc_ctype_1                 0x00000199   Thumb Code     0  libinit2.o(.ARM.Collect$$libinit$$00000013)
    __rt_lib_init_lc_monetary_1              0x00000199   Thumb Code     0  libinit2.o(.ARM.Collect$$libinit$$00000015)
    __rt_lib_init_lc_numeric_1               0x00000199   Thumb Code     0  libinit2.o(.ARM.Collect$$libinit$$00000017)
    __rt_lib_init_lc_time_1                  0x00000199   Thumb Code     0  libinit2.o(.ARM.Collect$$libinit$$00000019)
    __rt_lib_init_rand_1                     0x00000199   Thumb Code     0  libinit2.o(.ARM.Collect$$libinit$$0000000E)
    __rt_lib_init_return                     0x00000199   Thumb Code     0  libinit2.o(.ARM.Collect$$libinit$$00000033)
    __rt_lib_init_signal_1                   0x00000199   Thumb Code     0  libinit2.o(.ARM.Collect$$libinit$$0000001D)
    __rt_lib_init_stdio_1                    0x00000199   Thumb Code     0  libinit2.o(.ARM.Collect$$libinit$$00000025)
    __rt_lib_shutdown                        0x0000019b   Thumb Code     0  libshutdown.o(.ARM.Collect$$libshutdown$$00000000)
    __rt_lib_shutdown_cpp_1                  0x0000019d   Thumb Code     0  libshutdown2.o(.ARM.Collect$$libshutdown$$00000004)
    __rt_lib_shutdown_fini_1                 0x0000019d   Thumb Code     0  libshutdown2.o(.ARM.Collect$$libshutdown$$00000002)
    __rt_lib_shutdown_fp_trap_1              0x0000019d   Thumb Code     0  libshutdown2.o(.ARM.Collect$$libshutdown$$00000009)
    __rt_lib_shutdown_heap_1                 0x0000019d   Thumb Code     0  libshutdown2.o(.ARM.Collect$$libshutdown$$00000011)
    __rt_lib_shutdown_return                 0x0000019d   Thumb Code     0  libshutdown2.o(.ARM.Collect$$libshutdown$$00000012)
    __rt_lib_shutdown_signal_1               0x0000019d   Thumb Code     0  libshutdown2.o(.ARM.Collect$$libshutdown$$0000000C)
    __rt_lib_shutdown_stdio_1                0x0000019d   Thumb Code     0  libshutdown2.o(.ARM.Collect$$libshutdown$$00000006)
    __rt_lib_shutdown_user_alloc_1           0x0000019d   Thumb Code     0  libshutdown2.o(.ARM.Collect$$libshutdown$$0000000E)
    __rt_entry                               0x0000019f   Thumb Code     0  __rtentry.o(.ARM.Collect$$rtentry$$00000000)
    __rt_entry_presh_1                       0x0000019f   Thumb Code     0  __rtentry2.o(.ARM.Collect$$rtentry$$00000002)
    __rt_entry_sh                            0x0000019f   Thumb Code     0  __rtentry4.o(.ARM.Collect$$rtentry$$00000004)
    __rt_entry_li                            0x000001a5   Thumb Code     0  __rtentry2.o(.ARM.Collect$$rtentry$$0000000A)
    __rt_entry_postsh_1                      0x000001a5   Thumb Code     0  __rtentry2.o(.ARM.Collect$$rtentry$$00000009)
    __rt_entry_main                          0x000001a9   Thumb Code     0  __rtentry2.o(.ARM.Collect$$rtentry$$0000000D)
    __rt_entry_postli_1                      0x000001a9   Thumb Code     0  __rtentry2.o(.ARM.Collect$$rtentry$$0000000C)
    __rt_exit                                0x000001b1   Thumb Code     0  rtexit.o(.ARM.Collect$$rtexit$$00000000)
    __rt_exit_ls                             0x000001b3   Thumb Code     0  rtexit2.o(.ARM.Collect$$rtexit$$00000003)
    __rt_exit_prels_1                        0x000001b3   Thumb Code     0  rtexit2.o(.ARM.Collect$$rtexit$$00000002)
    __rt_exit_exit                           0x000001b7   Thumb Code     0  rtexit2.o(.ARM.Collect$$rtexit$$00000004)
    rand                                     0x000001bd   Thumb Code    48  rand.o(.emb_text)
    Reset_Handler                            0x000001f1   Thumb Code     4  startup_lpc17xx.o(.text)
    NMI_Handler                              0x000001f5   Thumb Code     2  startup_lpc17xx.o(.text)
    HardFault_Handler                        0x000001f7   Thumb Code     2  startup_lpc17xx.o(.text)
    MemManage_Handler                        0x000001f9   Thumb Code     2  startup_lpc17xx.o(.text)
    BusFault_Handler                         0x000001fb   Thumb Code     2  startup_lpc17xx.o(.text)
    UsageFault_Handler                       0x000001fd   Thumb Code     2  startup_lpc17xx.o(.text)
    SVC_Handler                              0x000001ff   Thumb Code     2  startup_lpc17xx.o(.text)
    DebugMon_Handler                         0x00000201   Thumb Code     2  startup_lpc17xx.o(.text)
    PendSV_Handler                           0x00000203   Thumb Code     2  startup_lpc17xx.o(.text)
    SysTick_Handler                          0x00000205   Thumb Code     2  startup_lpc17xx.o(.text)
    ADC_IRQHandler                           0x00000207   Thumb Code     0  startup_lpc17xx.o(.text)
    BOD_IRQHandler                           0x00000207   Thumb Code     0  startup_lpc17xx.o(.text)
    CANActivity_IRQHandler                   0x00000207   Thumb Code     0  startup_lpc17xx.o(.text)
    CAN_IRQHandler                           0x00000207   Thumb Code     0  startup_lpc17xx.o(.text)
    DMA_IRQHandler                           0x00000207   Thumb Code     0  startup_lpc17xx.o(.text)
    EINT0_IRQHandler                         0x00000207   Thumb Code     0  startup_lpc17xx.o(.text)
    EINT1_IRQHandler                         0x00000207   Thumb Code     0  startup_lpc17xx.o(.text)
    EINT2_IRQHandler                         0x00000207   Thumb Code     0  startup_lpc17xx.o(.text)
    EINT3_IRQHandler                         0x00000207   Thumb Code     0  startup_lpc17xx.o(.text)
    ENET_IRQHandler                          0x00000207   Thumb Code     0  startup_lpc17xx.o(.text)
    I2C0_IRQHandler                          0x00000207   Thumb Code     0  startup_lpc17xx.o(.text)
    I2C1_IRQHandler                          0x00000207   Thumb Code     0  startup_lpc17xx.o(.text)
    I2C2_IRQHandler                          0x00000207   Thumb Code     0  startup_lpc17xx.o(.text)
    I2S_IRQHandler                           0x00000207   Thumb Code     0  startup_lpc17xx.o(.text)
    MCPWM_IRQHandler                         0x00000207   Thumb Code     0  startup_lpc17xx.o(.text)
    PLL0_IRQHandler                          0x00000207   Thumb Code     0  startup_lpc17xx.o(.text)
    PLL1_IRQHandler                          0x00000207   Thumb Code     0  startup_lpc17xx.o(.text)
    PWM1_IRQHandler                          0x00000207   Thumb Code     0  startup_lpc17xx.o(.text)
    QEI_IRQHandler                           0x00000207   Thumb Code     0  startup_lpc17xx.o(.text)
    RTC_IRQHandler                           0x00000207   Thumb Code     0  startup_lpc17xx.o(.text)
    SPI_IRQHandler                           0x00000207   Thumb Code     0  startup_lpc17xx.o(.text)
    SSP0_IRQHandler                          0x00000207   Thumb Code     0  startup_lpc17xx.o(.text)
    SSP1_IRQHandler                          0x00000207   Thumb Code     0  startup_lpc17xx.o(.text)
    TIMER3_IRQHandler                        0x00000207   Thumb Code     0  startup_lpc17xx.o(.text)
    UART0_IRQHandler                         0x00000207   Thumb Code     0  startup_lpc17xx.o(.text)
    UART1_IRQHandler                         0x00000207   Thumb Code     0  startup_lpc17xx.o(.text)
    UART2_IRQHandler                         0x00000207   Thumb Code     0  startup_lpc17xx.o(.text)
    UART3_IRQHandler                         0x00000207   Thumb Code     0  startup_lpc17xx.o(.text)
    USBActivity_IRQHandler                   0x00000207   Thumb Code     0  startup_lpc17xx.o(.text)
    USB_IRQHandler                           0x00000207   Thumb Code     0  startup_lpc17xx.o(.text)
    WDT_IRQHandler                           0x00000207   Thumb Code     0  startup_lpc17xx.o(.text)
    __user_initial_stackheap                 0x00000209   Thumb Code     0  startup_lpc17xx.o(.text)
    main                                     0x00000225   Thumb Code   140  sample.o(.text)
    GetASCIICode                             0x000002cd   Thumb Code    16  asciilib.o(.text)
    div                                      0x000002e1   Thumb Code    20  div.o(.text)
    __use_two_region_memory                  0x000002f5   Thumb Code     2  heapauxi.o(.text)
    __rt_heap_escrow$2region                 0x000002f7   Thumb Code     2  heapauxi.o(.text)
    __rt_heap_expand$2region                 0x000002f9   Thumb Code     2  heapauxi.o(.text)
    __I$use$semihosting                      0x000002fb   Thumb Code     0  use_no_semi.o(.text)
    __use_no_semihosting_swi                 0x000002fb   Thumb Code     2  use_no_semi.o(.text)
    SystemInit                               0x00000301   Thumb Code   370  system_lpc17xx.o(.text)
    TIMER0_IRQHandler                        0x00000499   Thumb Code   200  irq_timer.o(.text)
    TIMER1_IRQHandler                        0x00000561   Thumb Code     2  irq_timer.o(.text)
    TIMER2_IRQHandler                        0x00000563   Thumb Code     8  irq_timer.o(.text)
    enable_timer                             0x00000571   Thumb Code    60  lib_timer.o(.text)
    disable_timer                            0x000005ad   Thumb Code    60  lib_timer.o(.text)
    reset_timer                              0x000005e9   Thumb Code    48  lib_timer.o(.text)
    init_timer                               0x00000619   Thumb Code    92  lib_timer.o(.text)
    init_match_reg                           0x00000675   Thumb Code   112  lib_timer.o(.text)
    init_match_reg_millis                    0x000006e5   Thumb Code    24  lib_timer.o(.text)
    set_callback                             0x000006fd   Thumb Code    14  lib_timer.o(.text)
    set_callable                             0x0000070b   Thumb Code    14  lib_timer.o(.text)
    get_callback                             0x00000719   Thumb Code    14  lib_timer.o(.text)
    get_callable                             0x00000727   Thumb Code    14  lib_timer.o(.text)
    get_matchRegInitialValue                 0x00000735   Thumb Code    12  lib_timer.o(.text)
    LCD_Initialization                       0x00000b41   Thumb Code  5888  glcd.o(.text)
    LCD_Clear                                0x00002241   Thumb Code  1028  glcd.o(.text)
    LCD_GetPoint                             0x00002645   Thumb Code   564  glcd.o(.text)
    LCD_SetPoint                             0x00002879   Thumb Code   118  glcd.o(.text)
    LCD_DrawLine                             0x000028ef   Thumb Code   220  glcd.o(.text)
    PutChar                                  0x000029cb   Thumb Code    84  glcd.o(.text)
    GUI_Text                                 0x00002a1f   Thumb Code    80  glcd.o(.text)
    check_for_joystick_pressed               0x00002a8d   Thumb Code   154  irq_rit.o(.text)
    RIT_IRQHandler                           0x00002b27   Thumb Code   118  irq_rit.o(.text)
    enable_RIT                               0x00002bad   Thumb Code    12  lib_rit.o(.text)
    disable_RIT                              0x00002bb9   Thumb Code    12  lib_rit.o(.text)
    reset_RIT                                0x00002bc5   Thumb Code     8  lib_rit.o(.text)
    init_RIT                                 0x00002bcd   Thumb Code    68  lib_rit.o(.text)
    joystick_init                            0x00002c1d   Thumb Code    86  lib_joystick.o(.text)
    TAM_init                                 0x00002c7d   Thumb Code   152  tamagotchi.o(.text)
    TAM_render                               0x00002d15   Thumb Code   150  tamagotchi.o(.text)
    TAM_clear_render                         0x00002dab   Thumb Code    54  tamagotchi.o(.text)
    TAM_move                                 0x00002de1   Thumb Code    16  tamagotchi.o(.text)
    TAM_update                               0x00002df1   Thumb Code    48  tamagotchi.o(.text)
    render_food                              0x00002e9b   Thumb Code   100  controller.o(.text)
    move_to_food                             0x00002eff   Thumb Code    96  controller.o(.text)
    CON_init                                 0x00002f5f   Thumb Code    68  controller.o(.text)
    CON_update                               0x00002fa3   Thumb Code   110  controller.o(.text)
    collision_detection                      0x00003011   Thumb Code    62  controller.o(.text)
    CON_init_food                            0x0000304f   Thumb Code    58  controller.o(.text)
    CON_no_food_active                       0x00003089   Thumb Code    20  controller.o(.text)
    CON_render                               0x0000309d   Thumb Code   236  controller.o(.text)
    CON_on_click_listener                    0x00003189   Thumb Code   100  controller.o(.text)
    CON_render_data                          0x000031ed   Thumb Code   476  controller.o(.text)
    LPC17xx_SPI_SetSpeed                     0x00003455   Thumb Code    16  touchpanel.o(.text)
    TP_Init                                  0x00003465   Thumb Code    22  touchpanel.o(.text)
    Read_X                                   0x00003497   Thumb Code    34  touchpanel.o(.text)
    Read_Y                                   0x000034b9   Thumb Code    34  touchpanel.o(.text)
    TP_GetAdXY                               0x000034db   Thumb Code    28  touchpanel.o(.text)
    TP_DrawPoint                             0x000034f7   Thumb Code     8  touchpanel.o(.text)
    DrawCross                                0x000034ff   Thumb Code   256  touchpanel.o(.text)
    DeleteCross                              0x000035ff   Thumb Code   258  touchpanel.o(.text)
    Read_Ads7846                             0x00003701   Thumb Code   290  touchpanel.o(.text)
    setCalibrationMatrix                     0x00003823   Thumb Code   346  touchpanel.o(.text)
    getDisplayPoint                          0x0000397d   Thumb Code   166  touchpanel.o(.text)
    TouchPanel_Calibrate                     0x00003a23   Thumb Code   110  touchpanel.o(.text)
    __2sprintf                               0x00003b51   Thumb Code    34  noretval__2sprintf.o(.text)
    _printf_pre_padding                      0x00003b79   Thumb Code    44  _printf_pad.o(.text)
    _printf_post_padding                     0x00003ba5   Thumb Code    34  _printf_pad.o(.text)
    _printf_int_dec                          0x00003bc9   Thumb Code   104  _printf_dec.o(.text)
    __printf                                 0x00003c41   Thumb Code   308  __printf_flags_wp.o(.text)
    srand                                    0x00003d79   Thumb Code    42  rand.o(.text)
    _rand_init                               0x00003da3   Thumb Code     4  rand.o(.text)
    __aeabi_memcpy                           0x00003db5   Thumb Code     0  rt_memcpy_v6.o(.text)
    __rt_memcpy                              0x00003db5   Thumb Code   138  rt_memcpy_v6.o(.text)
    _memcpy_lastbytes                        0x00003e1b   Thumb Code     0  rt_memcpy_v6.o(.text)
    __aeabi_memclr4                          0x00003e3f   Thumb Code     0  rt_memclr_w.o(.text)
    __aeabi_memclr8                          0x00003e3f   Thumb Code     0  rt_memclr_w.o(.text)
    __rt_memclr_w                            0x00003e3f   Thumb Code    78  rt_memclr_w.o(.text)
    _memset_w                                0x00003e43   Thumb Code     0  rt_memclr_w.o(.text)
    _printf_int_common                       0x00003e8d   Thumb Code   178  _printf_intcommon.o(.text)
    _printf_char_common                      0x00003f4b   Thumb Code    32  _printf_char_common.o(.text)
    _sputc                                   0x00003f71   Thumb Code    10  _sputc.o(.text)
    __aeabi_memcpy4                          0x00003f7b   Thumb Code     0  rt_memcpy_w.o(.text)
    __aeabi_memcpy8                          0x00003f7b   Thumb Code     0  rt_memcpy_w.o(.text)
    __rt_memcpy_w                            0x00003f7b   Thumb Code   100  rt_memcpy_w.o(.text)
    _memcpy_lastbytes_aligned                0x00003fc3   Thumb Code     0  rt_memcpy_w.o(.text)
    __read_errno                             0x00003fdf   Thumb Code    10  _rserrno.o(.text)
    __set_errno                              0x00003fe9   Thumb Code    12  _rserrno.o(.text)
    __user_setup_stackheap                   0x00003ff5   Thumb Code    74  sys_stackheap_outer.o(.text)
    __aeabi_errno_addr                       0x00004041   Thumb Code     8  rt_errno_addr_intlibspace.o(.text)
    __errno$intlibspace                      0x00004041   Thumb Code     0  rt_errno_addr_intlibspace.o(.text)
    __rt_errno_addr$intlibspace              0x00004041   Thumb Code     0  rt_errno_addr_intlibspace.o(.text)
    exit                                     0x00004049   Thumb Code    18  exit.o(.text)
    __user_libspace                          0x0000405d   Thumb Code     8  libspace.o(.text)
    __user_perproc_libspace                  0x0000405d   Thumb Code     0  libspace.o(.text)
    __user_perthread_libspace                0x0000405d   Thumb Code     0  libspace.o(.text)
    __semihosting_library_function           0x00004065   Thumb Code     0  indicate_semi.o(.text)
    _sys_exit                                0x00004065   Thumb Code     8  sys_exit.o(.text)
    _is_digit                                0x00004071   Thumb Code    14  __printf_wp.o(i._is_digit)
    sqrt                                     0x0000407f   Thumb Code    76  sqrt.o(i.sqrt)
    sqrtl                                    0x000040cb   Thumb Code     4  sqrtl.o(i.sqrtl)
    __aeabi_dadd                             0x000040d1   Thumb Code     0  daddsub_clz.o(x$fpl$dadd)
    _dadd                                    0x000040d1   Thumb Code   332  daddsub_clz.o(x$fpl$dadd)
    __fpl_dcmp_Inf                           0x00004221   Thumb Code    24  dcmpi.o(x$fpl$dcmpinf)
    __aeabi_ddiv                             0x00004239   Thumb Code     0  ddiv.o(x$fpl$ddiv)
    _ddiv                                    0x00004239   Thumb Code   552  ddiv.o(x$fpl$ddiv)
    __aeabi_cdcmpeq                          0x000044e9   Thumb Code     0  deqf.o(x$fpl$deqf)
    _dcmpeq                                  0x000044e9   Thumb Code   120  deqf.o(x$fpl$deqf)
    __aeabi_d2iz                             0x00004561   Thumb Code     0  dfix.o(x$fpl$dfix)
    _dfix                                    0x00004561   Thumb Code    94  dfix.o(x$fpl$dfix)
    __aeabi_d2uiz                            0x000045c1   Thumb Code     0  dfixu.o(x$fpl$dfixu)
    _dfixu                                   0x000045c1   Thumb Code    90  dfixu.o(x$fpl$dfixu)
    __aeabi_i2d                              0x0000461b   Thumb Code     0  dflt_clz.o(x$fpl$dflt)
    _dflt                                    0x0000461b   Thumb Code    46  dflt_clz.o(x$fpl$dflt)
    __aeabi_ui2d                             0x00004649   Thumb Code     0  dflt_clz.o(x$fpl$dfltu)
    _dfltu                                   0x00004649   Thumb Code    38  dflt_clz.o(x$fpl$dfltu)
    __aeabi_dmul                             0x00004671   Thumb Code     0  dmul.o(x$fpl$dmul)
    _dmul                                    0x00004671   Thumb Code   332  dmul.o(x$fpl$dmul)
    __fpl_dnaninf                            0x000047c5   Thumb Code   156  dnaninf.o(x$fpl$dnaninf)
    __fpl_dretinf                            0x00004861   Thumb Code    12  dretinf.o(x$fpl$dretinf)
    _dsqrt                                   0x0000486d   Thumb Code   456  dsqrt_noumaal.o(x$fpl$dsqrt)
    __aeabi_dsub                             0x00004a39   Thumb Code     0  daddsub_clz.o(x$fpl$dsub)
    _dsub                                    0x00004a39   Thumb Code   464  daddsub_clz.o(x$fpl$dsub)
    __I$use$fp                               0x00004c0c   Number         0  usenofp.o(x$fpl$usenofp)
    Region$$Table$$Base                      0x00005210   Number         0  anon$$obj.o(Region$$Table)
    Region$$Table$$Limit                     0x00005240   Number         0  anon$$obj.o(Region$$Table)
    callbackTable                            0x10000000   Data          64  lib_timer.o(.bss)
    callableTable                            0x10000040   Data          64  lib_timer.o(.bss)
    matchRegInitialValues                    0x10000080   Data          64  lib_timer.o(.bss)
    sprite_scale                             0x100000c0   Data        2652  tamagotchi.o(.bss)
    entity                                   0x10000b1c   Data          24  tamagotchi.o(.bss)
    matrix                                   0x10000b38   Data          56  touchpanel.o(.bss)
    ScreenSample                             0x10000b70   Data          12  touchpanel.o(.bss)
    __libspace_start                         0x10000b7c   Data          96  libspace.o(.bss)
    __temporary_stack_top$libspace           0x10000bdc   Data           0  libspace.o(.bss)
    ScaleFlag                                0x2007c000   Data           1  system_lpc17xx.o(.data)
    SystemFrequency                          0x2007c004   Data           4  system_lpc17xx.o(.data)
    enabled_timers                           0x2007c008   Data           4  lib_timer.o(.data)
    sprite                                   0x2007c00f   Data         663  tamagotchi.o(.data)
    battery                                  0x2007c2a6   Data        1176  controller.o(.data)
    snack                                    0x2007c73e   Data         121  controller.o(.data)
    meal                                     0x2007c7b7   Data         121  controller.o(.data)
    DisplaySample                            0x2007c834   Data          12  touchpanel.o(.data)
    display                                  0x2007c840   Data           4  touchpanel.o(.data)
    controller                               0x2007c8a8   Data          52  controller.o(.bss)
    _random_number_data                      0x2007c8dc   Data         228  rand.o(.bss)



==============================================================================

Memory Map of the image

  Image Entry point : 0x000000cd

  Load Region LR_IROM1 (Base: 0x00000000, Size: 0x00005a84, Max: 0x00080000, ABSOLUTE, COMPRESSED[0x00005334])

    Execution Region ER_IROM1 (Exec base: 0x00000000, Load base: 0x00000000, Size: 0x00005240, Max: 0x00080000, ABSOLUTE)

    Exec Addr    Load Addr    Size         Type   Attr      Idx    E Section Name        Object

    0x00000000   0x00000000   0x000000cc   Data   RO            3    RESET               startup_lpc17xx.o
    0x000000cc   0x000000cc   0x00000008   Code   RO          607  * !!!main             c_w.l(__main.o)
    0x000000d4   0x000000d4   0x00000034   Code   RO          835    !!!scatter          c_w.l(__scatter.o)
    0x00000108   0x00000108   0x00000064   Code   RO          833    !!dclz77c           c_w.l(__dclz77c.o)
    0x0000016c   0x0000016c   0x0000001c   Code   RO          837    !!handler_zi        c_w.l(__scatter_zi.o)
    0x00000188   0x00000188   0x00000000   Code   RO          593    .ARM.Collect$$_printf_percent$$00000000  c_w.l(_printf_percent.o)
    0x00000188   0x00000188   0x00000006   Code   RO          592    .ARM.Collect$$_printf_percent$$00000009  c_w.l(_printf_d.o)
    0x0000018e   0x0000018e   0x00000004   Code   RO          646    .ARM.Collect$$_printf_percent$$00000017  c_w.l(_printf_percent_end.o)
    0x00000192   0x00000192   0x00000002   Code   RO          754    .ARM.Collect$$libinit$$00000000  c_w.l(libinit.o)
    0x00000194   0x00000194   0x00000000   Code   RO          650    .ARM.Collect$$libinit$$00000002  c_w.l(libinit2.o)
    0x00000194   0x00000194   0x00000000   Code   RO          652    .ARM.Collect$$libinit$$00000004  c_w.l(libinit2.o)
    0x00000194   0x00000194   0x00000000   Code   RO          655    .ARM.Collect$$libinit$$0000000A  c_w.l(libinit2.o)
    0x00000194   0x00000194   0x00000000   Code   RO          657    .ARM.Collect$$libinit$$0000000C  c_w.l(libinit2.o)
    0x00000194   0x00000194   0x00000004   Code   RO          658    .ARM.Collect$$libinit$$0000000D  c_w.l(libinit2.o)
    0x00000198   0x00000198   0x00000000   Code   RO          659    .ARM.Collect$$libinit$$0000000E  c_w.l(libinit2.o)
    0x00000198   0x00000198   0x00000000   Code   RO          662    .ARM.Collect$$libinit$$00000011  c_w.l(libinit2.o)
    0x00000198   0x00000198   0x00000000   Code   RO          664    .ARM.Collect$$libinit$$00000013  c_w.l(libinit2.o)
    0x00000198   0x00000198   0x00000000   Code   RO          666    .ARM.Collect$$libinit$$00000015  c_w.l(libinit2.o)
    0x00000198   0x00000198   0x00000000   Code   RO          668    .ARM.Collect$$libinit$$00000017  c_w.l(libinit2.o)
    0x00000198   0x00000198   0x00000000   Code   RO          670    .ARM.Collect$$libinit$$00000019  c_w.l(libinit2.o)
    0x00000198   0x00000198   0x00000000   Code   RO          672    .ARM.Collect$$libinit$$0000001B  c_w.l(libinit2.o)
    0x00000198   0x00000198   0x00000000   Code   RO          674    .ARM.Collect$$libinit$$0000001D  c_w.l(libinit2.o)
    0x00000198   0x00000198   0x00000000   Code   RO          676    .ARM.Collect$$libinit$$0000001F  c_w.l(libinit2.o)
    0x00000198   0x00000198   0x00000000   Code   RO          678    .ARM.Collect$$libinit$$00000021  c_w.l(libinit2.o)
    0x00000198   0x00000198   0x00000000   Code   RO          680    .ARM.Collect$$libinit$$00000023  c_w.l(libinit2.o)
    0x00000198   0x00000198   0x00000000   Code   RO          682    .ARM.Collect$$libinit$$00000025  c_w.l(libinit2.o)
    0x00000198   0x00000198   0x00000000   Code   RO          686    .ARM.Collect$$libinit$$0000002C  c_w.l(libinit2.o)
    0x00000198   0x00000198   0x00000000   Code   RO          688    .ARM.Collect$$libinit$$0000002E  c_w.l(libinit2.o)
    0x00000198   0x00000198   0x00000000   Code   RO          690    .ARM.Collect$$libinit$$00000030  c_w.l(libinit2.o)
    0x00000198   0x00000198   0x00000000   Code   RO          692    .ARM.Collect$$libinit$$00000032  c_w.l(libinit2.o)
    0x00000198   0x00000198   0x00000002   Code   RO          693    .ARM.Collect$$libinit$$00000033  c_w.l(libinit2.o)
    0x0000019a   0x0000019a   0x00000002   Code   RO          792    .ARM.Collect$$libshutdown$$00000000  c_w.l(libshutdown.o)
    0x0000019c   0x0000019c   0x00000000   Code   RO          798    .ARM.Collect$$libshutdown$$00000002  c_w.l(libshutdown2.o)
    0x0000019c   0x0000019c   0x00000000   Code   RO          800    .ARM.Collect$$libshutdown$$00000004  c_w.l(libshutdown2.o)
    0x0000019c   0x0000019c   0x00000000   Code   RO          802    .ARM.Collect$$libshutdown$$00000006  c_w.l(libshutdown2.o)
    0x0000019c   0x0000019c   0x00000000   Code   RO          805    .ARM.Collect$$libshutdown$$00000009  c_w.l(libshutdown2.o)
    0x0000019c   0x0000019c   0x00000000   Code   RO          808    .ARM.Collect$$libshutdown$$0000000C  c_w.l(libshutdown2.o)
    0x0000019c   0x0000019c   0x00000000   Code   RO          810    .ARM.Collect$$libshutdown$$0000000E  c_w.l(libshutdown2.o)
    0x0000019c   0x0000019c   0x00000000   Code   RO          813    .ARM.Collect$$libshutdown$$00000011  c_w.l(libshutdown2.o)
    0x0000019c   0x0000019c   0x00000002   Code   RO          814    .ARM.Collect$$libshutdown$$00000012  c_w.l(libshutdown2.o)
    0x0000019e   0x0000019e   0x00000000   Code   RO          639    .ARM.Collect$$rtentry$$00000000  c_w.l(__rtentry.o)
    0x0000019e   0x0000019e   0x00000000   Code   RO          710    .ARM.Collect$$rtentry$$00000002  c_w.l(__rtentry2.o)
    0x0000019e   0x0000019e   0x00000006   Code   RO          722    .ARM.Collect$$rtentry$$00000004  c_w.l(__rtentry4.o)
    0x000001a4   0x000001a4   0x00000000   Code   RO          712    .ARM.Collect$$rtentry$$00000009  c_w.l(__rtentry2.o)
    0x000001a4   0x000001a4   0x00000004   Code   RO          713    .ARM.Collect$$rtentry$$0000000A  c_w.l(__rtentry2.o)
    0x000001a8   0x000001a8   0x00000000   Code   RO          715    .ARM.Collect$$rtentry$$0000000C  c_w.l(__rtentry2.o)
    0x000001a8   0x000001a8   0x00000008   Code   RO          716    .ARM.Collect$$rtentry$$0000000D  c_w.l(__rtentry2.o)
    0x000001b0   0x000001b0   0x00000002   Code   RO          760    .ARM.Collect$$rtexit$$00000000  c_w.l(rtexit.o)
    0x000001b2   0x000001b2   0x00000000   Code   RO          772    .ARM.Collect$$rtexit$$00000002  c_w.l(rtexit2.o)
    0x000001b2   0x000001b2   0x00000004   Code   RO          773    .ARM.Collect$$rtexit$$00000003  c_w.l(rtexit2.o)
    0x000001b6   0x000001b6   0x00000006   Code   RO          774    .ARM.Collect$$rtexit$$00000004  c_w.l(rtexit2.o)
    0x000001bc   0x000001bc   0x00000034   Code   RO          596    .emb_text           c_w.l(rand.o)
    0x000001f0   0x000001f0   0x00000034   Code   RO            5    .text               startup_lpc17xx.o
    0x00000224   0x00000224   0x000000a8   Code   RO           16    .text               sample.o
    0x000002cc   0x000002cc   0x00000014   Code   RO          199    .text               asciilib.o
    0x000002e0   0x000002e0   0x00000014   Code   RO          594    .text               c_w.l(div.o)
    0x000002f4   0x000002f4   0x00000006   Code   RO          605    .text               c_w.l(heapauxi.o)
    0x000002fa   0x000002fa   0x00000002   Code   RO          768    .text               c_w.l(use_no_semi.o)
    0x000002fc   0x000002fc   0x00000004   Code   RO            4    .ARM.__at_0x02FC    startup_lpc17xx.o
    0x00000300   0x00000300   0x00000198   Code   RO          106    .text               system_lpc17xx.o
    0x00000498   0x00000498   0x000000d8   Code   RO          133    .text               irq_timer.o
    0x00000570   0x00000570   0x00000244   Code   RO          170    .text               lib_timer.o
    0x000007b4   0x000007b4   0x000022d6   Code   RO          222    .text               glcd.o
    0x00002a8a   0x00002a8a   0x00000002   PAD
    0x00002a8c   0x00002a8c   0x00000120   Code   RO          251    .text               irq_rit.o
    0x00002bac   0x00002bac   0x00000070   Code   RO          295    .text               lib_rit.o
    0x00002c1c   0x00002c1c   0x00000060   Code   RO          416    .text               lib_joystick.o
    0x00002c7c   0x00002c7c   0x000001b0   Code   RO          440    .text               tamagotchi.o
    0x00002e2c   0x00002e2c   0x00000628   Code   RO          474    .text               controller.o
    0x00003454   0x00003454   0x000006fc   Code   RO          527    .text               touchpanel.o
    0x00003b50   0x00003b50   0x00000028   Code   RO          564    .text               c_w.l(noretval__2sprintf.o)
    0x00003b78   0x00003b78   0x0000004e   Code   RO          568    .text               c_w.l(_printf_pad.o)
    0x00003bc6   0x00003bc6   0x00000002   PAD
    0x00003bc8   0x00003bc8   0x00000078   Code   RO          570    .text               c_w.l(_printf_dec.o)
    0x00003c40   0x00003c40   0x00000138   Code   RO          584    .text               c_w.l(__printf_flags_wp.o)
    0x00003d78   0x00003d78   0x0000003c   Code   RO          597    .text               c_w.l(rand.o)
    0x00003db4   0x00003db4   0x0000008a   Code   RO          601    .text               c_w.l(rt_memcpy_v6.o)
    0x00003e3e   0x00003e3e   0x0000004e   Code   RO          603    .text               c_w.l(rt_memclr_w.o)
    0x00003e8c   0x00003e8c   0x000000b2   Code   RO          640    .text               c_w.l(_printf_intcommon.o)
    0x00003f3e   0x00003f3e   0x00000002   PAD
    0x00003f40   0x00003f40   0x00000030   Code   RO          642    .text               c_w.l(_printf_char_common.o)
    0x00003f70   0x00003f70   0x0000000a   Code   RO          644    .text               c_w.l(_sputc.o)
    0x00003f7a   0x00003f7a   0x00000064   Code   RO          647    .text               c_w.l(rt_memcpy_w.o)
    0x00003fde   0x00003fde   0x00000016   Code   RO          724    .text               c_w.l(_rserrno.o)
    0x00003ff4   0x00003ff4   0x0000004a   Code   RO          736    .text               c_w.l(sys_stackheap_outer.o)
    0x0000403e   0x0000403e   0x00000002   PAD
    0x00004040   0x00004040   0x00000008   Code   RO          741    .text               c_w.l(rt_errno_addr_intlibspace.o)
    0x00004048   0x00004048   0x00000012   Code   RO          743    .text               c_w.l(exit.o)
    0x0000405a   0x0000405a   0x00000002   PAD
    0x0000405c   0x0000405c   0x00000008   Code   RO          757    .text               c_w.l(libspace.o)
    0x00004064   0x00004064   0x00000000   Code   RO          770    .text               c_w.l(indicate_semi.o)
    0x00004064   0x00004064   0x0000000c   Code   RO          784    .text               c_w.l(sys_exit.o)
    0x00004070   0x00004070   0x0000000e   Code   RO          582    i._is_digit         c_w.l(__printf_wp.o)
    0x0000407e   0x0000407e   0x0000004c   Code   RO          702    i.sqrt              m_ws.l(sqrt.o)
    0x000040ca   0x000040ca   0x00000004   Code   RO          637    i.sqrtl             m_ws.l(sqrtl.o)
    0x000040ce   0x000040ce   0x00000002   PAD
    0x000040d0   0x000040d0   0x00000150   Code   RO          609    x$fpl$dadd          fz_ws.l(daddsub_clz.o)
    0x00004220   0x00004220   0x00000018   Code   RO          694    x$fpl$dcmpinf       fz_ws.l(dcmpi.o)
    0x00004238   0x00004238   0x000002b0   Code   RO          616    x$fpl$ddiv          fz_ws.l(ddiv.o)
    0x000044e8   0x000044e8   0x00000078   Code   RO          619    x$fpl$deqf          fz_ws.l(deqf.o)
    0x00004560   0x00004560   0x0000005e   Code   RO          621    x$fpl$dfix          fz_ws.l(dfix.o)
    0x000045be   0x000045be   0x00000002   PAD
    0x000045c0   0x000045c0   0x0000005a   Code   RO          625    x$fpl$dfixu         fz_ws.l(dfixu.o)
    0x0000461a   0x0000461a   0x0000002e   Code   RO          630    x$fpl$dflt          fz_ws.l(dflt_clz.o)
    0x00004648   0x00004648   0x00000026   Code   RO          629    x$fpl$dfltu         fz_ws.l(dflt_clz.o)
    0x0000466e   0x0000466e   0x00000002   PAD
    0x00004670   0x00004670   0x00000154   Code   RO          635    x$fpl$dmul          fz_ws.l(dmul.o)
    0x000047c4   0x000047c4   0x0000009c   Code   RO          696    x$fpl$dnaninf       fz_ws.l(dnaninf.o)
    0x00004860   0x00004860   0x0000000c   Code   RO          698    x$fpl$dretinf       fz_ws.l(dretinf.o)
    0x0000486c   0x0000486c   0x000001cc   Code   RO          732    x$fpl$dsqrt         fz_ws.l(dsqrt_noumaal.o)
    0x00004a38   0x00004a38   0x000001d4   Code   RO          611    x$fpl$dsub          fz_ws.l(daddsub_clz.o)
    0x00004c0c   0x00004c0c   0x00000000   Code   RO          700    x$fpl$usenofp       fz_ws.l(usenofp.o)
    0x00004c0c   0x00004c0c   0x000005f0   Data   RO          200    .constdata          asciilib.o
    0x000051fc   0x000051fc   0x00000011   Data   RO          585    .constdata          c_w.l(__printf_flags_wp.o)
    0x0000520d   0x0000520d   0x00000003   PAD
    0x00005210   0x00005210   0x00000030   Data   RO          831    Region$$Table       anon$$obj.o


    Execution Region RW_IRAM1 (Exec base: 0x10000000, Load base: 0x00005240, Size: 0x00000bdc, Max: 0x00008000, ABSOLUTE)

    Exec Addr    Load Addr    Size         Type   Attr      Idx    E Section Name        Object

    0x10000000        -       0x000000c0   Zero   RW          171    .bss                lib_timer.o
    0x100000c0        -       0x00000a74   Zero   RW          441    .bss                tamagotchi.o
    0x10000b34   0x00005240   0x00000004   PAD
    0x10000b38        -       0x00000044   Zero   RW          528    .bss                touchpanel.o
    0x10000b7c        -       0x00000060   Zero   RW          758    .bss                c_w.l(libspace.o)


    Execution Region RW_IRAM2 (Exec base: 0x2007c000, Load base: 0x00005240, Size: 0x00000bc0, Max: 0x00008000, ABSOLUTE, COMPRESSED[0x000000f4])

    Exec Addr    Load Addr    Size         Type   Attr      Idx    E Section Name        Object

    0x2007c000   COMPRESSED   0x00000008   Data   RW          107    .data               system_lpc17xx.o
    0x2007c008   COMPRESSED   0x00000004   Data   RW          172    .data               lib_timer.o
    0x2007c00c   COMPRESSED   0x00000001   Data   RW          223    .data               glcd.o
    0x2007c00d   COMPRESSED   0x00000002   Data   RW          252    .data               irq_rit.o
    0x2007c00f   COMPRESSED   0x00000297   Data   RW          442    .data               tamagotchi.o
    0x2007c2a6   COMPRESSED   0x0000058a   Data   RW          476    .data               controller.o
    0x2007c830   COMPRESSED   0x00000010   Data   RW          529    .data               touchpanel.o
    0x2007c840   COMPRESSED   0x00000004   Data   RW          530    .data               touchpanel.o
    0x2007c844        -       0x00000098   Zero   RW          475    .bss                controller.o
    0x2007c8dc        -       0x000000e4   Zero   RW          598    .bss                c_w.l(rand.o)
    0x2007c9c0        -       0x00000000   Zero   RW            2    HEAP                startup_lpc17xx.o
    0x2007c9c0        -       0x00000200   Zero   RW            1    STACK               startup_lpc17xx.o


==============================================================================

Image component sizes


      Code (inc. data)   RO Data    RW Data    ZI Data      Debug   Object Name

        20          4       1520          0          0       1167   asciilib.o
      1576        166          0       1418        152       5882   controller.o
      8918         54          0          1          0      37143   glcd.o
       288         16          0          2          0       4153   irq_rit.o
       216          6          0          0          0      18640   irq_timer.o
        96         10          0          0          0        528   lib_joystick.o
       112         12          0          0          0      27515   lib_rit.o
       580         24          0          4        192      31400   lib_timer.o
       168         28          0          0          0       5071   sample.o
        56         22        204          0        512       1136   startup_lpc17xx.o
       408         38          0          8          0       1153   system_lpc17xx.o
       432         12          0        663       2676       3148   tamagotchi.o
      1788         66          0         20         68       6328   touchpanel.o

    ----------------------------------------------------------------------
     14660        458       1772       2116       3604     143264   Object Totals
         0          0         48          0          0          0   (incl. Generated)
         2          0          0          0          4          0   (incl. Padding)

    ----------------------------------------------------------------------

      Code (inc. data)   RO Data    RW Data    ZI Data      Debug   Library Member Name

       100          0          0          0          0          0   __dclz77c.o
         8          0          0          0          0         68   __main.o
       312          4         17          0          0         92   __printf_flags_wp.o
        14          0          0          0          0         68   __printf_wp.o
         0          0          0          0          0          0   __rtentry.o
        12          0          0          0          0          0   __rtentry2.o
         6          0          0          0          0          0   __rtentry4.o
        52          8          0          0          0          0   __scatter.o
        28          0          0          0          0          0   __scatter_zi.o
        48          6          0          0          0         96   _printf_char_common.o
         6          0          0          0          0          0   _printf_d.o
       120         16          0          0          0         92   _printf_dec.o
       178          0          0          0          0         88   _printf_intcommon.o
        78          0          0          0          0        108   _printf_pad.o
         0          0          0          0          0          0   _printf_percent.o
         4          0          0          0          0          0   _printf_percent_end.o
        22          0          0          0          0        100   _rserrno.o
        10          0          0          0          0         68   _sputc.o
        20          0          0          0          0         76   div.o
        18          0          0          0          0         80   exit.o
         6          0          0          0          0        152   heapauxi.o
         0          0          0          0          0          0   indicate_semi.o
         2          0          0          0          0          0   libinit.o
         6          0          0          0          0          0   libinit2.o
         2          0          0          0          0          0   libshutdown.o
         2          0          0          0          0          0   libshutdown2.o
         8          4          0          0         96         68   libspace.o
        40          6          0          0          0         84   noretval__2sprintf.o
       112         18          0          0        228        160   rand.o
         8          4          0          0          0         68   rt_errno_addr_intlibspace.o
        78          0          0          0          0         80   rt_memclr_w.o
       138          0          0          0          0         68   rt_memcpy_v6.o
       100          0          0          0          0         80   rt_memcpy_w.o
         2          0          0          0          0          0   rtexit.o
        10          0          0          0          0          0   rtexit2.o
        12          4          0          0          0         68   sys_exit.o
        74          0          0          0          0         80   sys_stackheap_outer.o
         2          0          0          0          0         68   use_no_semi.o
       804         16          0          0          0        272   daddsub_clz.o
        24          0          0          0          0         68   dcmpi.o
       688        140          0          0          0        208   ddiv.o
       120          4          0          0          0         92   deqf.o
        94          4          0          0          0         92   dfix.o
        90          4          0          0          0         92   dfixu.o
        84          0          0          0          0        136   dflt_clz.o
       340         12          0          0          0        104   dmul.o
       156          4          0          0          0         92   dnaninf.o
        12          0          0          0          0         68   dretinf.o
       460         56          0          0          0        120   dsqrt_noumaal.o
         0          0          0          0          0          0   usenofp.o
        76          0          0          0          0         84   sqrt.o
         4          0          0          0          0         68   sqrtl.o

    ----------------------------------------------------------------------
      4604        310         20          0        324       3408   Library Totals
        14          0          3          0          0          0   (incl. Padding)

    ----------------------------------------------------------------------

      Code (inc. data)   RO Data    RW Data    ZI Data      Debug   Library Name

      1638         70         17          0        324       1912   c_w.l
      2872        240          0          0          0       1344   fz_ws.l
        80          0          0          0          0        152   m_ws.l

    ----------------------------------------------------------------------
      4604        310         20          0        324       3408   Library Totals

    ----------------------------------------------------------------------

==============================================================================


      Code (inc. data)   RO Data    RW Data    ZI Data      Debug   

     19264        768       1792       2116       3928     143912   Grand Totals
     19264        768       1792        244       3928     143912   ELF Image Totals (compressed)
     19264        768       1792        244          0          0   ROM Totals

==============================================================================

    Total RO  Size (Code + RO Data)                21056 (  20.56kB)
    Total RW  Size (RW Data + ZI Data)              6044 (   5.90kB)
    Total ROM Size (Code + RO Data + RW Data)      21300 (  20.80kB)

==============================================================================

